Archive member included to satisfy reference by file (symbol)

c:/program files/openocd/windowstool/gcc-arm-none-eabi-10.3-2021.10/bin/../lib/gcc/arm-none-eabi/10.3.1/../../../../arm-none-eabi/lib/thumb/v6-m/nofp\libc_nano.a(lib_a-exit.o)
                              c:/program files/openocd/windowstool/gcc-arm-none-eabi-10.3-2021.10/bin/../lib/gcc/arm-none-eabi/10.3.1/../../../../arm-none-eabi/lib/thumb/v6-m/nofp/crt0.o (exit)
c:/program files/openocd/windowstool/gcc-arm-none-eabi-10.3-2021.10/bin/../lib/gcc/arm-none-eabi/10.3.1/../../../../arm-none-eabi/lib/thumb/v6-m/nofp\libc_nano.a(lib_a-impure.o)
                              c:/program files/openocd/windowstool/gcc-arm-none-eabi-10.3-2021.10/bin/../lib/gcc/arm-none-eabi/10.3.1/../../../../arm-none-eabi/lib/thumb/v6-m/nofp\libc_nano.a(lib_a-exit.o) (_global_impure_ptr)
c:/program files/openocd/windowstool/gcc-arm-none-eabi-10.3-2021.10/bin/../lib/gcc/arm-none-eabi/10.3.1/../../../../arm-none-eabi/lib/thumb/v6-m/nofp\libc_nano.a(lib_a-init.o)
                              c:/program files/openocd/windowstool/gcc-arm-none-eabi-10.3-2021.10/bin/../lib/gcc/arm-none-eabi/10.3.1/../../../../arm-none-eabi/lib/thumb/v6-m/nofp/crt0.o (__libc_init_array)
c:/program files/openocd/windowstool/gcc-arm-none-eabi-10.3-2021.10/bin/../lib/gcc/arm-none-eabi/10.3.1/../../../../arm-none-eabi/lib/thumb/v6-m/nofp\libc_nano.a(lib_a-memcpy-stub.o)
                              build/main.o (memcpy)
c:/program files/openocd/windowstool/gcc-arm-none-eabi-10.3-2021.10/bin/../lib/gcc/arm-none-eabi/10.3.1/../../../../arm-none-eabi/lib/thumb/v6-m/nofp\libc_nano.a(lib_a-memset.o)
                              c:/program files/openocd/windowstool/gcc-arm-none-eabi-10.3-2021.10/bin/../lib/gcc/arm-none-eabi/10.3.1/../../../../arm-none-eabi/lib/thumb/v6-m/nofp/crt0.o (memset)
c:/program files/openocd/windowstool/gcc-arm-none-eabi-10.3-2021.10/bin/../lib/gcc/arm-none-eabi/10.3.1/../../../../arm-none-eabi/lib/thumb/v6-m/nofp\libc_nano.a(lib_a-puts.o)
                              build/24c02.o (puts)
c:/program files/openocd/windowstool/gcc-arm-none-eabi-10.3-2021.10/bin/../lib/gcc/arm-none-eabi/10.3.1/../../../../arm-none-eabi/lib/thumb/v6-m/nofp\libc_nano.a(lib_a-sprintf.o)
                              build/tm1640.o (sprintf)
c:/program files/openocd/windowstool/gcc-arm-none-eabi-10.3-2021.10/bin/../lib/gcc/arm-none-eabi/10.3.1/../../../../arm-none-eabi/lib/thumb/v6-m/nofp\libc_nano.a(lib_a-wbuf.o)
                              c:/program files/openocd/windowstool/gcc-arm-none-eabi-10.3-2021.10/bin/../lib/gcc/arm-none-eabi/10.3.1/../../../../arm-none-eabi/lib/thumb/v6-m/nofp\libc_nano.a(lib_a-puts.o) (__swbuf_r)
c:/program files/openocd/windowstool/gcc-arm-none-eabi-10.3-2021.10/bin/../lib/gcc/arm-none-eabi/10.3.1/../../../../arm-none-eabi/lib/thumb/v6-m/nofp\libc_nano.a(lib_a-wsetup.o)
                              c:/program files/openocd/windowstool/gcc-arm-none-eabi-10.3-2021.10/bin/../lib/gcc/arm-none-eabi/10.3.1/../../../../arm-none-eabi/lib/thumb/v6-m/nofp\libc_nano.a(lib_a-puts.o) (__swsetup_r)
c:/program files/openocd/windowstool/gcc-arm-none-eabi-10.3-2021.10/bin/../lib/gcc/arm-none-eabi/10.3.1/../../../../arm-none-eabi/lib/thumb/v6-m/nofp\libc_nano.a(lib_a-fflush.o)
                              c:/program files/openocd/windowstool/gcc-arm-none-eabi-10.3-2021.10/bin/../lib/gcc/arm-none-eabi/10.3.1/../../../../arm-none-eabi/lib/thumb/v6-m/nofp\libc_nano.a(lib_a-wbuf.o) (_fflush_r)
c:/program files/openocd/windowstool/gcc-arm-none-eabi-10.3-2021.10/bin/../lib/gcc/arm-none-eabi/10.3.1/../../../../arm-none-eabi/lib/thumb/v6-m/nofp\libc_nano.a(lib_a-findfp.o)
                              c:/program files/openocd/windowstool/gcc-arm-none-eabi-10.3-2021.10/bin/../lib/gcc/arm-none-eabi/10.3.1/../../../../arm-none-eabi/lib/thumb/v6-m/nofp\libc_nano.a(lib_a-puts.o) (__sinit)
c:/program files/openocd/windowstool/gcc-arm-none-eabi-10.3-2021.10/bin/../lib/gcc/arm-none-eabi/10.3.1/../../../../arm-none-eabi/lib/thumb/v6-m/nofp\libc_nano.a(lib_a-fwalk.o)
                              c:/program files/openocd/windowstool/gcc-arm-none-eabi-10.3-2021.10/bin/../lib/gcc/arm-none-eabi/10.3.1/../../../../arm-none-eabi/lib/thumb/v6-m/nofp\libc_nano.a(lib_a-findfp.o) (_fwalk)
c:/program files/openocd/windowstool/gcc-arm-none-eabi-10.3-2021.10/bin/../lib/gcc/arm-none-eabi/10.3.1/../../../../arm-none-eabi/lib/thumb/v6-m/nofp\libc_nano.a(lib_a-lock.o)
                              c:/program files/openocd/windowstool/gcc-arm-none-eabi-10.3-2021.10/bin/../lib/gcc/arm-none-eabi/10.3.1/../../../../arm-none-eabi/lib/thumb/v6-m/nofp\libc_nano.a(lib_a-findfp.o) (__retarget_lock_init_recursive)
c:/program files/openocd/windowstool/gcc-arm-none-eabi-10.3-2021.10/bin/../lib/gcc/arm-none-eabi/10.3.1/../../../../arm-none-eabi/lib/thumb/v6-m/nofp\libc_nano.a(lib_a-makebuf.o)
[...]
Memory Configuration

Name             Origin             Length             Attributes
RAM              0x20000000         0x00002000         xrw
FLASH            0x08000000         0x00010000         xr
*default*        0x00000000         0xffffffff

Linker script and memory map

LOAD c:/program files/openocd/windowstool/gcc-arm-none-eabi-10.3-2021.10/bin/../lib/gcc/arm-none-eabi/10.3.1/thumb/v6-m/nofp/crti.o
LOAD c:/program files/openocd/windowstool/gcc-arm-none-eabi-10.3-2021.10/bin/../lib/gcc/arm-none-eabi/10.3.1/thumb/v6-m/nofp/crtbegin.o
LOAD c:/program files/openocd/windowstool/gcc-arm-none-eabi-10.3-2021.10/bin/../lib/gcc/arm-none-eabi/10.3.1/../../../../arm-none-eabi/lib/thumb/v6-m/nofp/crt0.o
LOAD build/24c02.o
LOAD build/595.o
LOAD build/control.o
LOAD build/ds18b20.o
LOAD build/main.o
LOAD build/stm32f0xx_hal_msp.o
LOAD build/stm32f0xx_it.o
LOAD build/system_stm32f0xx.o
LOAD build/tm1640.o
LOAD build/stm32f0xx_hal_adc.o
LOAD build/stm32f0xx_hal_adc_ex.o
LOAD build/stm32f0xx_hal_rcc.o
LOAD build/stm32f0xx_hal_rcc_ex.o
LOAD build/stm32f0xx_hal.o
LOAD build/stm32f0xx_hal_i2c.o
LOAD build/stm32f0xx_hal_i2c_ex.o
LOAD build/stm32f0xx_hal_gpio.o
LOAD build/stm32f0xx_hal_dma.o
LOAD build/stm32f0xx_hal_cortex.o
LOAD build/stm32f0xx_hal_pwr.o
LOAD build/stm32f0xx_hal_pwr_ex.o
LOAD build/stm32f0xx_hal_flash.o
LOAD build/stm32f0xx_hal_flash_ex.o
LOAD build/stm32f0xx_hal_exti.o
LOAD build/stm32f0xx_hal_iwdg.o
LOAD build/stm32f0xx_hal_tim.o
LOAD build/stm32f0xx_hal_tim_ex.o
LOAD build/stm32f0xx_hal_uart.o
LOAD build/stm32f0xx_hal_uart_ex.o
LOAD build/startup_stm32f030x8.o
LOAD c:/program files/openocd/windowstool/gcc-arm-none-eabi-10.3-2021.10/bin/../lib/gcc/arm-none-eabi/10.3.1/../../../../arm-none-eabi/lib/thumb/v6-m/nofp\libc_nano.a
LOAD c:/program files/openocd/windowstool/gcc-arm-none-eabi-10.3-2021.10/bin/../lib/gcc/arm-none-eabi/10.3.1/../../../../arm-none-eabi/lib/thumb/v6-m/nofp\libm.a
LOAD c:/program files/openocd/windowstool/gcc-arm-none-eabi-10.3-2021.10/bin/../lib/gcc/arm-none-eabi/10.3.1/../../../../arm-none-eabi/lib/thumb/v6-m/nofp\libnosys.a
START GROUP
LOAD c:/program files/openocd/windowstool/gcc-arm-none-eabi-10.3-2021.10/bin/../lib/gcc/arm-none-eabi/10.3.1/thumb/v6-m/nofp\libgcc.a
LOAD c:/program files/openocd/windowstool/gcc-arm-none-eabi-10.3-2021.10/bin/../lib/gcc/arm-none-eabi/10.3.1/../../../../arm-none-eabi/lib/thumb/v6-m/nofp\libc_nano.a
END GROUP
START GROUP
LOAD c:/program files/openocd/windowstool/gcc-arm-none-eabi-10.3-2021.10/bin/../lib/gcc/arm-none-eabi/10.3.1/thumb/v6-m/nofp\libgcc.a
LOAD c:/program files/openocd/windowstool/gcc-arm-none-eabi-10.3-2021.10/bin/../lib/gcc/arm-none-eabi/10.3.1/../../../../arm-none-eabi/lib/thumb/v6-m/nofp\libc_nano.a
END GROUP
LOAD c:/program files/openocd/windowstool/gcc-arm-none-eabi-10.3-2021.10/bin/../lib/gcc/arm-none-eabi/10.3.1/thumb/v6-m/nofp/crtend.o
LOAD c:/program files/openocd/windowstool/gcc-arm-none-eabi-10.3-2021.10/bin/../lib/gcc/arm-none-eabi/10.3.1/thumb/v6-m/nofp/crtn.o
                0x20002000                _estack = (ORIGIN (RAM) + LENGTH (RAM))
                0x00000200                _Min_Heap_Size = 0x200
                0x00000400                _Min_Stack_Size = 0x400

.isr_vector     0x08000000       0xc0
                0x08000000                . = ALIGN (0x4)
 *(.isr_vector)
 .isr_vector    0x08000000       0xc0 build/startup_stm32f030x8.o
                0x08000000                g_pfnVectors
                0x080000c0                . = ALIGN (0x4)

.text           0x080000c0     0xba34
                0x080000c0                . = ALIGN (0x4)
 *(.text)
 .text          0x080000c0       0x48 c:/program files/openocd/windowstool/gcc-arm-none-eabi-10.3-2021.10/bin/../lib/gcc/arm-none-eabi/10.3.1/thumb/v6-m/nofp/crtbegin.o
 .text          0x08000108       0x14 c:/program files/openocd/windowstool/gcc-arm-none-eabi-10.3-2021.10/bin/../lib/gcc/arm-none-eabi/10.3.1/thumb/v6-m/nofp\libgcc.a(_thumb1_case_shi.o)
                0x08000108                __gnu_thumb1_case_shi
 .text          0x0800011c      0x114 c:/program files/openocd/windowstool/gcc-arm-none-eabi-10.3-2021.10/bin/../lib/gcc/arm-none-eabi/10.3.1/thumb/v6-m/nofp\libgcc.a(_udivsi3.o)
                0x0800011c                __aeabi_uidiv
                0x0800011c                __udivsi3
                0x08000228                __aeabi_uidivmod
 .text          0x08000230        0x4 c:/program files/openocd/windowstool/gcc-arm-none-eabi-10.3-2021.10/bin/../lib/gcc/arm-none-eabi/10.3.1/thumb/v6-m/nofp\libgcc.a(_dvmd_tls.o)
                0x08000230                __aeabi_idiv0
                0x08000230                __aeabi_ldiv0
 .text          0x08000234       0x3c c:/program files/openocd/windowstool/gcc-arm-none-eabi-10.3-2021.10/bin/../lib/gcc/arm-none-eabi/10.3.1/thumb/v6-m/nofp\libgcc.a(_fixunsdfsi.o)
                0x08000234                __aeabi_d2uiz
                0x08000234                __fixunsdfsi
 .text          0x08000270      0x33c c:/program files/openocd/windowstool/gcc-arm-none-eabi-10.3-2021.10/bin/../lib/gcc/arm-none-eabi/10.3.1/thumb/v6-m/nofp\libgcc.a(addsf3.o)
                0x08000270                __aeabi_fadd
 .text          0x080005ac      0x230 c:/program files/openocd/windowstool/gcc-arm-none-eabi-10.3-2021.10/bin/../lib/gcc/arm-none-eabi/10.3.1/thumb/v6-m/nofp\libgcc.a(divsf3.o)
                0x080005ac                __aeabi_fdiv
 .text          0x080007dc      0x24c c:/program files/openocd/windowstool/gcc-arm-none-eabi-10.3-2021.10/bin/../lib/gcc/arm-none-eabi/10.3.1/thumb/v6-m/nofp\libgcc.a(mulsf3.o)
                0x080007dc                __aeabi_fmul
 .text          0x08000a28      0x35c c:/program files/openocd/windowstool/gcc-arm-none-eabi-10.3-2021.10/bin/../lib/gcc/arm-none-eabi/10.3.1/thumb/v6-m/nofp\libgcc.a(subsf3.o)
                0x08000a28                __aeabi_fsub
 .text          0x08000d84       0x40 c:/program files/openocd/windowstool/gcc-arm-none-eabi-10.3-2021.10/bin/../lib/gcc/arm-none-eabi/10.3.1/thumb/v6-m/nofp\libgcc.a(fixsfsi.o)
                0x08000d84                __aeabi_f2iz
 .text          0x08000dc4       0x9c c:/program files/openocd/windowstool/gcc-arm-none-eabi-10.3-2021.10/bin/../lib/gcc/arm-none-eabi/10.3.1/thumb/v6-m/nofp\libgcc.a(floatsisf.o)
                0x08000dc4                __aeabi_i2f
 .text          0x08000e60       0x84 c:/program files/openocd/windowstool/gcc-arm-none-eabi-10.3-2021.10/bin/../lib/gcc/arm-none-eabi/10.3.1/thumb/v6-m/nofp\libgcc.a(floatunsisf.o)
                0x08000e60                __aeabi_ui2f
 .text          0x08000ee4      0x5ec c:/program files/openocd/windowstool/gcc-arm-none-eabi-10.3-2021.10/bin/../lib/gcc/arm-none-eabi/10.3.1/thumb/v6-m/nofp\libgcc.a(divdf3.o)
                0x08000ee4                __aeabi_ddiv
 .text          0x080014d0      0x4d8 c:/program files/openocd/windowstool/gcc-arm-none-eabi-10.3-2021.10/bin/../lib/gcc/arm-none-eabi/10.3.1/thumb/v6-m/nofp\libgcc.a(muldf3.o)
                0x080014d0                __aeabi_dmul
 .text          0x080019a8      0x724 c:/program files/openocd/windowstool/gcc-arm-none-eabi-10.3-2021.10/bin/../lib/gcc/arm-none-eabi/10.3.1/thumb/v6-m/nofp\libgcc.a(subdf3.o)
                0x080019a8                __aeabi_dsub
 .text          0x080020cc       0x6c c:/program files/openocd/windowstool/gcc-arm-none-eabi-10.3-2021.10/bin/../lib/gcc/arm-none-eabi/10.3.1/thumb/v6-m/nofp\libgcc.a(fixdfsi.o)
                0x080020cc                __aeabi_d2iz
 .text          0x08002138       0x4c c:/program files/openocd/windowstool/gcc-arm-none-eabi-10.3-2021.10/bin/../lib/gcc/arm-none-eabi/10.3.1/thumb/v6-m/nofp\libgcc.a(floatunsidf.o)
                0x08002138                __aeabi_ui2d
 .text          0x08002184       0x90 c:/program files/openocd/windowstool/gcc-arm-none-eabi-10.3-2021.10/bin/../lib/gcc/arm-none-eabi/10.3.1/thumb/v6-m/nofp\libgcc.a(extendsfdf2.o)
                0x08002184                __aeabi_f2d
 .text          0x08002214       0x7c c:/program files/openocd/windowstool/gcc-arm-none-eabi-10.3-2021.10/bin/../lib/gcc/arm-none-eabi/10.3.1/thumb/v6-m/nofp\libgcc.a(_arm_cmpdf2.o)
                0x08002214                __aeabi_cdrcmple
                0x08002224                __aeabi_cdcmple
                0x08002224                __aeabi_cdcmpeq
                0x08002234                __aeabi_dcmpeq
                0x08002240                __aeabi_dcmplt
                0x08002254                __aeabi_dcmple
                0x08002268                __aeabi_dcmpgt
                0x0800227c                __aeabi_dcmpge
 .text          0x08002290       0x3c c:/program files/openocd/windowstool/gcc-arm-none-eabi-10.3-2021.10/bin/../lib/gcc/arm-none-eabi/10.3.1/thumb/v6-m/nofp\libgcc.a(_clzsi2.o)
                0x08002290                __clzsi2
 .text          0x080022cc       0x84 c:/program files/openocd/windowstool/gcc-arm-none-eabi-10.3-2021.10/bin/../lib/gcc/arm-none-eabi/10.3.1/thumb/v6-m/nofp\libgcc.a(eqdf2.o)
                0x080022cc                __nedf2
                0x080022cc                __eqdf2
 .text          0x08002350       0xcc c:/program files/openocd/windowstool/gcc-arm-none-eabi-10.3-2021.10/bin/../lib/gcc/arm-none-eabi/10.3.1/thumb/v6-m/nofp\libgcc.a(gedf2.o)
                0x08002350                __gedf2
                0x08002350                __gtdf2
 .text          0x0800241c       0xc8 c:/program files/openocd/windowstool/gcc-arm-none-eabi-10.3-2021.10/bin/../lib/gcc/arm-none-eabi/10.3.1/thumb/v6-m/nofp\libgcc.a(ledf2.o)
                0x0800241c                __ledf2
                0x0800241c                __ltdf2
 *(.text*)
 .text.writeAT24C16
                0x080024e4       0xa0 build/24c02.o
                0x080024e4                writeAT24C16
 .text.readAT24C16
                0x08002584       0xa0 build/24c02.o
                0x08002584                readAT24C16
 .text.LED595SendData
                0x08002624       0x78 build/595.o
                0x08002624                LED595SendData
 .text.HC595Init
                0x0800269c       0x30 build/595.o
                0x0800269c                HC595Init
 .text.DHT11_Mode_Out_PP
                0x080026cc       0x24 build/control.o
 .text.DHT11_Mode_IPU
                0x080026f0       0x20 build/control.o
 .text.DHT11_Init
                0x08002710       0x18 build/control.o
                0x08002710                DHT11_Init
 .text.Delay_us
                0x08002728       0x18 build/control.o
                0x08002728                Delay_us
 .text.DHT11_ReadByte
                0x08002740       0x90 build/control.o
 .text.Delay_ms
                0x080027d0       0x18 build/control.o
                0x080027d0                Delay_ms
 .text.DHT11_Read_TempAndHumidity
                0x080027e8      0x118 build/control.o
                0x080027e8                DHT11_Read_TempAndHumidity
 .text.ReadDh   0x08002900       0x10 build/control.o
                0x08002900                ReadDh
 .text.JDQ_Hx   0x08002910       0x1c build/control.o
                0x08002910                JDQ_Hx
 .text.JDQ_Lx   0x0800292c       0x18 build/control.o
                0x0800292c                JDQ_Lx
 .text.write_data_to_TLC5615
                0x08002944       0xbc build/control.o
                0x08002944                write_data_to_TLC5615
 .text.ReadKey  0x08002a00      0x26c build/control.o
                0x08002a00                ReadKey
 .text.MX_GPIO_Init
                0x08002c6c      0x178 build/main.o
 .text.MX_DMA_Init
                0x08002de4       0x50 build/main.o
 .text.MX_ADC_Init
                0x08002e34       0x90 build/main.o
 .text.MX_I2C1_Init
                0x08002ec4       0x44 build/main.o
 .text.MX_USART1_UART_Init
                0x08002f08       0x30 build/main.o
 .text.MX_USART2_UART_Init
                0x08002f38       0x30 build/main.o
 .text.u2MsProcess
                0x08002f68       0x1c build/main.o
                0x08002f68                u2MsProcess
 .text.LoadReadData
                0x08002f84      0x164 build/main.o
                0x08002f84                LoadReadData
 .text.CRC16x   0x080030e8       0x34 build/main.o
                0x080030e8                CRC16x
 .text.startADC
                0x0800311c       0x18 build/main.o
                0x0800311c                startADC
 .text.stopADC  0x08003134       0x10 build/main.o
                0x08003134                stopADC
 .text.u2RxIt   0x08003144      0x29c build/main.o
                0x08003144                u2RxIt
 .text.MX_TIM_Init
                0x080033e0       0x28 build/main.o
                0x080033e0                MX_TIM_Init
 .text.SystemClock_Config
                0x08003408       0x6a build/main.o
                0x08003408                SystemClock_Config
 *fill*         0x08003472        0x2 
 .text.main     0x08003474       0xcc build/main.o
                0x08003474                main
 .text.Error_Handler
                0x08003540        0x2 build/main.o
                0x08003540                Error_Handler
 *fill*         0x08003542        0x2 
 .text.HAL_MspInit
                0x08003544       0x30 build/stm32f0xx_hal_msp.o
                0x08003544                HAL_MspInit
 .text.HAL_ADC_MspInit
                0x08003574       0xc0 build/stm32f0xx_hal_msp.o
                0x08003574                HAL_ADC_MspInit
 .text.HAL_I2C_MspInit
                0x08003634       0x6c build/stm32f0xx_hal_msp.o
                0x08003634                HAL_I2C_MspInit
 .text.HAL_UART_MspInit
                0x080036a0      0x134 build/stm32f0xx_hal_msp.o
                0x080036a0                HAL_UART_MspInit
 .text.HAL_TIM_Base_MspInit
                0x080037d4       0x20 build/stm32f0xx_hal_msp.o
                0x080037d4                HAL_TIM_Base_MspInit
 .text.NMI_Handler
                0x080037f4        0x2 build/stm32f0xx_it.o
                0x080037f4                NMI_Handler
 .text.HardFault_Handler
                0x080037f6        0x2 build/stm32f0xx_it.o
                0x080037f6                HardFault_Handler
 .text.SVC_Handler
                0x080037f8        0x2 build/stm32f0xx_it.o
                0x080037f8                SVC_Handler
 .text.PendSV_Handler
                0x080037fa        0x2 build/stm32f0xx_it.o
                0x080037fa                PendSV_Handler
 .text.SysTick_Handler
                0x080037fc       0xac build/stm32f0xx_it.o
                0x080037fc                SysTick_Handler
 .text.DMA1_Channel1_IRQHandler
                0x080038a8       0x10 build/stm32f0xx_it.o
                0x080038a8                DMA1_Channel1_IRQHandler
 .text.DMA1_Channel2_3_IRQHandler
                0x080038b8       0x10 build/stm32f0xx_it.o
                0x080038b8                DMA1_Channel2_3_IRQHandler
 .text.DMA1_Channel4_5_IRQHandler
                0x080038c8       0x10 build/stm32f0xx_it.o
                0x080038c8                DMA1_Channel4_5_IRQHandler
 .text.USART1_IRQHandler
                0x080038d8       0x10 build/stm32f0xx_it.o
                0x080038d8                USART1_IRQHandler
 .text.USART2_IRQHandler
                0x080038e8       0x14 build/stm32f0xx_it.o
                0x080038e8                USART2_IRQHandler
 .text.SystemInit
                0x080038fc        0x2 build/system_stm32f0xx.o
                0x080038fc                SystemInit
 .text.TM1640_GPIO_Config
                0x080038fe       0x20 build/tm1640.o
                0x080038fe                TM1640_GPIO_Config
 .text.delay_us
                0x0800391e        0xc build/tm1640.o
                0x0800391e                delay_us
 .text.TM1640Start
                0x0800392a       0x2c build/tm1640.o
                0x0800392a                TM1640Start
 .text.TM1640Stop
                0x08003956       0x38 build/tm1640.o
                0x08003956                TM1640Stop
 .text.TM1640WriteByte
                0x0800398e       0x52 build/tm1640.o
                0x0800398e                TM1640WriteByte
 .text.SendData
                0x080039e0       0xb0 build/tm1640.o
                0x080039e0                SendData
 .text.LoadPara
                0x08003a90      0x500 build/tm1640.o
                0x08003a90                LoadPara
 .text.HAL_ADC_ConvCpltCallback
                0x08003f90      0x26c build/tm1640.o
                0x08003f90                HAL_ADC_ConvCpltCallback
 .text.shValue  0x080041fc      0x1ec build/tm1640.o
                0x080041fc                shValue
 .text.UpateShData
                0x080043e8     0x3f24 build/tm1640.o
                0x080043e8                UpateShData
 .text.ADC_ConversionStop
                0x0800830c       0x54 build/stm32f0xx_hal_adc.o
 .text.ADC_Disable
                0x08008360       0x80 build/stm32f0xx_hal_adc.o
 .text.ADC_Enable
                0x080083e0       0xa8 build/stm32f0xx_hal_adc.o
 .text.HAL_ADC_Init
                0x08008488      0x184 build/stm32f0xx_hal_adc.o
                0x08008488                HAL_ADC_Init
 .text.HAL_ADC_Start_DMA
                0x0800860c       0xa8 build/stm32f0xx_hal_adc.o
                0x0800860c                HAL_ADC_Start_DMA
 .text.HAL_ADC_Stop_DMA
                0x080086b4       0x84 build/stm32f0xx_hal_adc.o
                0x080086b4                HAL_ADC_Stop_DMA
 .text.ADC_DMAConvCplt
                0x08008738       0x70 build/stm32f0xx_hal_adc.o
 .text.HAL_ADC_ConvHalfCpltCallback
                0x080087a8        0x2 build/stm32f0xx_hal_adc.o
                0x080087a8                HAL_ADC_ConvHalfCpltCallback
 .text.ADC_DMAHalfConvCplt
                0x080087aa        0xa build/stm32f0xx_hal_adc.o
 .text.HAL_ADC_ErrorCallback
                0x080087b4        0x2 build/stm32f0xx_hal_adc.o
                0x080087b4                HAL_ADC_ErrorCallback
 .text.ADC_DMAError
                0x080087b6       0x1a build/stm32f0xx_hal_adc.o
 .text.HAL_ADC_ConfigChannel
                0x080087d0      0x134 build/stm32f0xx_hal_adc.o
                0x080087d0                HAL_ADC_ConfigChannel
 .text.HAL_RCC_OscConfig
                0x08008904      0x49c build/stm32f0xx_hal_rcc.o
                0x08008904                HAL_RCC_OscConfig
 .text.HAL_RCC_GetSysClockFreq
                0x08008da0       0x70 build/stm32f0xx_hal_rcc.o
                0x08008da0                HAL_RCC_GetSysClockFreq
 .text.HAL_RCC_ClockConfig
                0x08008e10      0x134 build/stm32f0xx_hal_rcc.o
                0x08008e10                HAL_RCC_ClockConfig
 .text.HAL_RCC_GetHCLKFreq
                0x08008f44        0xc build/stm32f0xx_hal_rcc.o
                0x08008f44                HAL_RCC_GetHCLKFreq
 .text.HAL_RCC_GetPCLK1Freq
                0x08008f50       0x20 build/stm32f0xx_hal_rcc.o
                0x08008f50                HAL_RCC_GetPCLK1Freq
 .text.HAL_RCCEx_PeriphCLKConfig
                0x08008f70      0x11c build/stm32f0xx_hal_rcc_ex.o
                0x08008f70                HAL_RCCEx_PeriphCLKConfig
 .text.HAL_InitTick
                0x0800908c       0x50 build/stm32f0xx_hal.o
                0x0800908c                HAL_InitTick
 .text.HAL_Init
                0x080090dc       0x20 build/stm32f0xx_hal.o
                0x080090dc                HAL_Init
 .text.HAL_IncTick
                0x080090fc       0x18 build/stm32f0xx_hal.o
                0x080090fc                HAL_IncTick
 .text.HAL_GetTick
                0x08009114        0xc build/stm32f0xx_hal.o
                0x08009114                HAL_GetTick
 .text.HAL_Delay
                0x08009120       0x24 build/stm32f0xx_hal.o
                0x08009120                HAL_Delay
 .text.I2C_Flush_TXDR
                0x08009144       0x1e build/stm32f0xx_hal_i2c.o
 *fill*         0x08009162        0x2 
 .text.I2C_TransferConfig
                0x08009164       0x30 build/stm32f0xx_hal_i2c.o
 .text.I2C_IsAcknowledgeFailed
                0x08009194       0x80 build/stm32f0xx_hal_i2c.o
 .text.I2C_WaitOnTXISFlagUntilTimeout
                0x08009214       0x52 build/stm32f0xx_hal_i2c.o
 .text.I2C_WaitOnFlagUntilTimeout
                0x08009266       0x54 build/stm32f0xx_hal_i2c.o
 *fill*         0x080092ba        0x2 
 .text.I2C_RequestMemoryWrite
                0x080092bc       0x78 build/stm32f0xx_hal_i2c.o
 .text.I2C_RequestMemoryRead
                0x08009334       0x74 build/stm32f0xx_hal_i2c.o
 .text.I2C_WaitOnSTOPFlagUntilTimeout
                0x080093a8       0x4e build/stm32f0xx_hal_i2c.o
 *fill*         0x080093f6        0x2 
 .text.HAL_I2C_Init
                0x080093f8       0xcc build/stm32f0xx_hal_i2c.o
                0x080093f8                HAL_I2C_Init
 .text.HAL_I2C_Mem_Write
                0x080094c4      0x1a0 build/stm32f0xx_hal_i2c.o
                0x080094c4                HAL_I2C_Mem_Write
 .text.HAL_I2C_Mem_Read
                0x08009664      0x1a8 build/stm32f0xx_hal_i2c.o
                0x08009664                HAL_I2C_Mem_Read
 .text.HAL_I2CEx_ConfigAnalogFilter
                0x0800980c       0x58 build/stm32f0xx_hal_i2c_ex.o
                0x0800980c                HAL_I2CEx_ConfigAnalogFilter
 .text.HAL_I2CEx_ConfigDigitalFilter
                0x08009864       0x54 build/stm32f0xx_hal_i2c_ex.o
                0x08009864                HAL_I2CEx_ConfigDigitalFilter
 .text.HAL_GPIO_Init
                0x080098b8      0x190 build/stm32f0xx_hal_gpio.o
                0x080098b8                HAL_GPIO_Init
 .text.HAL_GPIO_ReadPin
                0x08009a48        0xe build/stm32f0xx_hal_gpio.o
                0x08009a48                HAL_GPIO_ReadPin
 .text.HAL_GPIO_WritePin
                0x08009a56        0xc build/stm32f0xx_hal_gpio.o
                0x08009a56                HAL_GPIO_WritePin
 .text.DMA_SetConfig
                0x08009a62       0x2a build/stm32f0xx_hal_dma.o
 .text.DMA_CalcBaseAndBitshift
                0x08009a8c       0x24 build/stm32f0xx_hal_dma.o
 .text.HAL_DMA_Init
                0x08009ab0       0x50 build/stm32f0xx_hal_dma.o
                0x08009ab0                HAL_DMA_Init
 .text.HAL_DMA_Start_IT
                0x08009b00       0x76 build/stm32f0xx_hal_dma.o
                0x08009b00                HAL_DMA_Start_IT
 .text.HAL_DMA_Abort
                0x08009b76       0x44 build/stm32f0xx_hal_dma.o
                0x08009b76                HAL_DMA_Abort
 .text.HAL_DMA_Abort_IT
                0x08009bba       0x4a build/stm32f0xx_hal_dma.o
                0x08009bba                HAL_DMA_Abort_IT
 .text.HAL_DMA_IRQHandler
                0x08009c04       0xaa build/stm32f0xx_hal_dma.o
                0x08009c04                HAL_DMA_IRQHandler
 .text.HAL_DMA_GetError
                0x08009cae        0x4 build/stm32f0xx_hal_dma.o
                0x08009cae                HAL_DMA_GetError
 *fill*         0x08009cb2        0x2 
 .text.HAL_NVIC_SetPriority
                0x08009cb4       0x60 build/stm32f0xx_hal_cortex.o
                0x08009cb4                HAL_NVIC_SetPriority
 .text.HAL_NVIC_EnableIRQ
                0x08009d14       0x18 build/stm32f0xx_hal_cortex.o
                0x08009d14                HAL_NVIC_EnableIRQ
 .text.HAL_SYSTICK_Config
                0x08009d2c       0x38 build/stm32f0xx_hal_cortex.o
                0x08009d2c                HAL_SYSTICK_Config
 .text.TIM_Base_SetConfig
                0x08009d64       0x94 build/stm32f0xx_hal_tim.o
                0x08009d64                TIM_Base_SetConfig
 .text.HAL_TIM_Base_Init
                0x08009df8       0x58 build/stm32f0xx_hal_tim.o
                0x08009df8                HAL_TIM_Base_Init
 .text.UART_EndTxTransfer
                0x08009e50       0x10 build/stm32f0xx_hal_uart.o
 .text.UART_EndRxTransfer
                0x08009e60       0x38 build/stm32f0xx_hal_uart.o
 .text.HAL_UART_DMAStop
                0x08009e98       0x8e build/stm32f0xx_hal_uart.o
                0x08009e98                HAL_UART_DMAStop
 .text.HAL_UART_TxCpltCallback
                0x08009f26        0x2 build/stm32f0xx_hal_uart.o
                0x08009f26                HAL_UART_TxCpltCallback
 .text.UART_EndTransmit_IT
                0x08009f28       0x1a build/stm32f0xx_hal_uart.o
 .text.HAL_UART_RxCpltCallback
                0x08009f42        0x2 build/stm32f0xx_hal_uart.o
                0x08009f42                HAL_UART_RxCpltCallback
 .text.HAL_UART_RxHalfCpltCallback
                0x08009f44        0x2 build/stm32f0xx_hal_uart.o
                0x08009f44                HAL_UART_RxHalfCpltCallback
 .text.HAL_UART_ErrorCallback
                0x08009f46        0x2 build/stm32f0xx_hal_uart.o
                0x08009f46                HAL_UART_ErrorCallback
 .text.UART_DMAError
                0x08009f48       0x4e build/stm32f0xx_hal_uart.o
 .text.UART_DMAAbortOnError
                0x08009f96       0x14 build/stm32f0xx_hal_uart.o
 .text.HAL_UARTEx_RxEventCallback
                0x08009faa        0x2 build/stm32f0xx_hal_uart.o
                0x08009faa                HAL_UARTEx_RxEventCallback
 .text.HAL_UART_IRQHandler
                0x08009fac      0x250 build/stm32f0xx_hal_uart.o
                0x08009fac                HAL_UART_IRQHandler
 .text.UART_DMARxHalfCplt
                0x0800a1fc       0x1c build/stm32f0xx_hal_uart.o
 .text.UART_DMAReceiveCplt
                0x0800a218       0x64 build/stm32f0xx_hal_uart.o
 .text.UART_SetConfig
                0x0800a27c      0x17c build/stm32f0xx_hal_uart.o
                0x0800a27c                UART_SetConfig
 .text.UART_AdvFeatureConfig
                0x0800a3f8       0xe0 build/stm32f0xx_hal_uart.o
                0x0800a3f8                UART_AdvFeatureConfig
 .text.UART_WaitOnFlagUntilTimeout
                0x0800a4d8       0xb0 build/stm32f0xx_hal_uart.o
                0x0800a4d8                UART_WaitOnFlagUntilTimeout
 .text.HAL_UART_Transmit
                0x0800a588      0x102 build/stm32f0xx_hal_uart.o
                0x0800a588                HAL_UART_Transmit
 *fill*         0x0800a68a        0x2 
 .text.UART_CheckIdleState
                0x0800a68c       0x70 build/stm32f0xx_hal_uart.o
                0x0800a68c                UART_CheckIdleState
 .text.HAL_UART_Init
                0x0800a6fc       0x6c build/stm32f0xx_hal_uart.o
                0x0800a6fc                HAL_UART_Init
 .text.UART_Start_Receive_DMA
                0x0800a768       0x8c build/stm32f0xx_hal_uart.o
                0x0800a768                UART_Start_Receive_DMA
 .text.HAL_UART_Receive_DMA
                0x0800a7f4       0x62 build/stm32f0xx_hal_uart.o
                0x0800a7f4                HAL_UART_Receive_DMA
 *fill*         0x0800a856        0x2 
 .text.Reset_Handler
                0x0800a858       0x50 build/startup_stm32f030x8.o
                0x0800a858                Reset_Handler
 .text.Default_Handler
                0x0800a8a8        0x2 build/startup_stm32f030x8.o
                0x0800a8a8                TIM1_CC_IRQHandler
                0x0800a8a8                TIM6_IRQHandler
                0x0800a8a8                I2C1_IRQHandler
                0x0800a8a8                SPI1_IRQHandler
                0x0800a8a8                EXTI2_3_IRQHandler
                0x0800a8a8                ADC1_IRQHandler
                0x0800a8a8                I2C2_IRQHandler
                0x0800a8a8                TIM17_IRQHandler
                0x0800a8a8                RTC_IRQHandler
                0x0800a8a8                TIM16_IRQHandler
                0x0800a8a8                TIM3_IRQHandler
                0x0800a8a8                EXTI4_15_IRQHandler
                0x0800a8a8                RCC_IRQHandler
                0x0800a8a8                Default_Handler
                0x0800a8a8                TIM14_IRQHandler
                0x0800a8a8                TIM15_IRQHandler
                0x0800a8a8                EXTI0_1_IRQHandler
                0x0800a8a8                SPI2_IRQHandler
                0x0800a8a8                WWDG_IRQHandler
                0x0800a8a8                FLASH_IRQHandler
                0x0800a8a8                TIM1_BRK_UP_TRG_COM_IRQHandler
 *fill*         0x0800a8aa        0x2 
 .text.__libc_init_array
                0x0800a8ac       0x48 c:/program files/openocd/windowstool/gcc-arm-none-eabi-10.3-2021.10/bin/../lib/gcc/arm-none-eabi/10.3.1/../../../../arm-none-eabi/lib/thumb/v6-m/nofp\libc_nano.a(lib_a-init.o)
                0x0800a8ac                __libc_init_array
 .text.memcpy   0x0800a8f4       0x12 c:/program files/openocd/windowstool/gcc-arm-none-eabi-10.3-2021.10/bin/../lib/gcc/arm-none-eabi/10.3.1/../../../../arm-none-eabi/lib/thumb/v6-m/nofp\libc_nano.a(lib_a-memcpy-stub.o)
                0x0800a8f4                memcpy
 .text.memset   0x0800a906       0x10 c:/program files/openocd/windowstool/gcc-arm-none-eabi-10.3-2021.10/bin/../lib/gcc/arm-none-eabi/10.3.1/../../../../arm-none-eabi/lib/thumb/v6-m/nofp\libc_nano.a(lib_a-memset.o)
                0x0800a906                memset
 *fill*         0x0800a916        0x2 
 .text._puts_r  0x0800a918       0xe4 c:/program files/openocd/windowstool/gcc-arm-none-eabi-10.3-2021.10/bin/../lib/gcc/arm-none-eabi/10.3.1/../../../../arm-none-eabi/lib/thumb/v6-m/nofp\libc_nano.a(lib_a-puts.o)
                0x0800a918                _puts_r
 .text.puts     0x0800a9fc       0x14 c:/program files/openocd/windowstool/gcc-arm-none-eabi-10.3-2021.10/bin/../lib/gcc/arm-none-eabi/10.3.1/../../../../arm-none-eabi/lib/thumb/v6-m/nofp\libc_nano.a(lib_a-puts.o)
                0x0800a9fc                puts
 .text.sprintf  0x0800aa10       0x40 c:/program files/openocd/windowstool/gcc-arm-none-eabi-10.3-2021.10/bin/../lib/gcc/arm-none-eabi/10.3.1/../../../../arm-none-eabi/lib/thumb/v6-m/nofp\libc_nano.a(lib_a-sprintf.o)
                0x0800aa10                siprintf
                0x0800aa10                sprintf
 .text.__swbuf_r
                0x0800aa50       0xac c:/program files/openocd/windowstool/gcc-arm-none-eabi-10.3-2021.10/bin/../lib/gcc/arm-none-eabi/10.3.1/../../../../arm-none-eabi/lib/thumb/v6-m/nofp\libc_nano.a(lib_a-wbuf.o)
                0x0800aa50                __swbuf_r
 .text.__swsetup_r
                0x0800aafc       0xf0 c:/program files/openocd/windowstool/gcc-arm-none-eabi-10.3-2021.10/bin/../lib/gcc/arm-none-eabi/10.3.1/../../../../arm-none-eabi/lib/thumb/v6-m/nofp\libc_nano.a(lib_a-wsetup.o)
                0x0800aafc                __swsetup_r
 .text.__sflush_r
                0x0800abec      0x118 c:/program files/openocd/windowstool/gcc-arm-none-eabi-10.3-2021.10/bin/../lib/gcc/arm-none-eabi/10.3.1/../../../../arm-none-eabi/lib/thumb/v6-m/nofp\libc_nano.a(lib_a-fflush.o)
                0x0800abec                __sflush_r
 .text._fflush_r
                0x0800ad04       0x80 c:/program files/openocd/windowstool/gcc-arm-none-eabi-10.3-2021.10/bin/../lib/gcc/arm-none-eabi/10.3.1/../../../../arm-none-eabi/lib/thumb/v6-m/nofp\libc_nano.a(lib_a-fflush.o)
                0x0800ad04                _fflush_r
 .text.std      0x0800ad84       0x48 c:/program files/openocd/windowstool/gcc-arm-none-eabi-10.3-2021.10/bin/../lib/gcc/arm-none-eabi/10.3.1/../../../../arm-none-eabi/lib/thumb/v6-m/nofp\libc_nano.a(lib_a-findfp.o)
 .text._cleanup_r
                0x0800adcc       0x10 c:/program files/openocd/windowstool/gcc-arm-none-eabi-10.3-2021.10/bin/../lib/gcc/arm-none-eabi/10.3.1/../../../../arm-none-eabi/lib/thumb/v6-m/nofp\libc_nano.a(lib_a-findfp.o)
                0x0800adcc                _cleanup_r
 .text.__sfmoreglue
                0x0800addc       0x2c c:/program files/openocd/windowstool/gcc-arm-none-eabi-10.3-2021.10/bin/../lib/gcc/arm-none-eabi/10.3.1/../../../../arm-none-eabi/lib/thumb/v6-m/nofp\libc_nano.a(lib_a-findfp.o)
                0x0800addc                __sfmoreglue
 .text.__sfp_lock_acquire
                0x0800ae08       0x10 c:/program files/openocd/windowstool/gcc-arm-none-eabi-10.3-2021.10/bin/../lib/gcc/arm-none-eabi/10.3.1/../../../../arm-none-eabi/lib/thumb/v6-m/nofp\libc_nano.a(lib_a-findfp.o)
                0x0800ae08                __sfp_lock_acquire
 .text.__sfp_lock_release
                0x0800ae18       0x10 c:/program files/openocd/windowstool/gcc-arm-none-eabi-10.3-2021.10/bin/../lib/gcc/arm-none-eabi/10.3.1/../../../../arm-none-eabi/lib/thumb/v6-m/nofp\libc_nano.a(lib_a-findfp.o)
                0x0800ae18                __sfp_lock_release
 .text.__sinit_lock_acquire
                0x0800ae28       0x10 c:/program files/openocd/windowstool/gcc-arm-none-eabi-10.3-2021.10/bin/../lib/gcc/arm-none-eabi/10.3.1/../../../../arm-none-eabi/lib/thumb/v6-m/nofp\libc_nano.a(lib_a-findfp.o)
                0x0800ae28                __sinit_lock_acquire
 .text.__sinit_lock_release
                0x0800ae38       0x10 c:/program files/openocd/windowstool/gcc-arm-none-eabi-10.3-2021.10/bin/../lib/gcc/arm-none-eabi/10.3.1/../../../../arm-none-eabi/lib/thumb/v6-m/nofp\libc_nano.a(lib_a-findfp.o)
                0x0800ae38                __sinit_lock_release
 .text.__sinit  0x0800ae48       0x70 c:/program files/openocd/windowstool/gcc-arm-none-eabi-10.3-2021.10/bin/../lib/gcc/arm-none-eabi/10.3.1/../../../../arm-none-eabi/lib/thumb/v6-m/nofp\libc_nano.a(lib_a-findfp.o)
                0x0800ae48                __sinit
 .text.__sfp    0x0800aeb8       0x90 c:/program files/openocd/windowstool/gcc-arm-none-eabi-10.3-2021.10/bin/../lib/gcc/arm-none-eabi/10.3.1/../../../../arm-none-eabi/lib/thumb/v6-m/nofp\libc_nano.a(lib_a-findfp.o)
                0x0800aeb8                __sfp
 .text._fwalk_reent
                0x0800af48       0x40 c:/program files/openocd/windowstool/gcc-arm-none-eabi-10.3-2021.10/bin/../lib/gcc/arm-none-eabi/10.3.1/../../../../arm-none-eabi/lib/thumb/v6-m/nofp\libc_nano.a(lib_a-fwalk.o)
                0x0800af48                _fwalk_reent
 .text.__retarget_lock_init_recursive
                0x0800af88        0x2 c:/program files/openocd/windowstool/gcc-arm-none-eabi-10.3-2021.10/bin/../lib/gcc/arm-none-eabi/10.3.1/../../../../arm-none-eabi/lib/thumb/v6-m/nofp\libc_nano.a(lib_a-lock.o)
                0x0800af88                __retarget_lock_init_recursive
 .text.__retarget_lock_acquire_recursive
                0x0800af8a        0x2 c:/program files/openocd/windowstool/gcc-arm-none-eabi-10.3-2021.10/bin/../lib/gcc/arm-none-eabi/10.3.1/../../../../arm-none-eabi/lib/thumb/v6-m/nofp\libc_nano.a(lib_a-lock.o)
                0x0800af8a                __retarget_lock_acquire_recursive
 .text.__retarget_lock_release_recursive
                0x0800af8c        0x2 c:/program files/openocd/windowstool/gcc-arm-none-eabi-10.3-2021.10/bin/../lib/gcc/arm-none-eabi/10.3.1/../../../../arm-none-eabi/lib/thumb/v6-m/nofp\libc_nano.a(lib_a-lock.o)
                0x0800af8c                __retarget_lock_release_recursive
 *fill*         0x0800af8e        0x2 
 .text.__swhatbuf_r
                0x0800af90       0x50 c:/program files/openocd/windowstool/gcc-arm-none-eabi-10.3-2021.10/bin/../lib/gcc/arm-none-eabi/10.3.1/../../../../arm-none-eabi/lib/thumb/v6-m/nofp\libc_nano.a(lib_a-makebuf.o)
                0x0800af90                __swhatbuf_r
 .text.__smakebuf_r
                0x0800afe0       0x88 c:/program files/openocd/windowstool/gcc-arm-none-eabi-10.3-2021.10/bin/../lib/gcc/arm-none-eabi/10.3.1/../../../../arm-none-eabi/lib/thumb/v6-m/nofp\libc_nano.a(lib_a-makebuf.o)
                0x0800afe0                __smakebuf_r
 .text._free_r  0x0800b068       0x94 c:/program files/openocd/windowstool/gcc-arm-none-eabi-10.3-2021.10/bin/../lib/gcc/arm-none-eabi/10.3.1/../../../../arm-none-eabi/lib/thumb/v6-m/nofp\libc_nano.a(lib_a-nano-freer.o)
                0x0800b068                _free_r
 .text.sbrk_aligned
                0x0800b0fc       0x44 c:/program files/openocd/windowstool/gcc-arm-none-eabi-10.3-2021.10/bin/../lib/gcc/arm-none-eabi/10.3.1/../../../../arm-none-eabi/lib/thumb/v6-m/nofp\libc_nano.a(lib_a-nano-mallocr.o)
 .text._malloc_r
                0x0800b140       0xec c:/program files/openocd/windowstool/gcc-arm-none-eabi-10.3-2021.10/bin/../lib/gcc/arm-none-eabi/10.3.1/../../../../arm-none-eabi/lib/thumb/v6-m/nofp\libc_nano.a(lib_a-nano-mallocr.o)
                0x0800b140                _malloc_r
 .text.__ssputs_r
                0x0800b22c       0xc4 c:/program files/openocd/windowstool/gcc-arm-none-eabi-10.3-2021.10/bin/../lib/gcc/arm-none-eabi/10.3.1/../../../../arm-none-eabi/lib/thumb/v6-m/nofp\libc_nano.a(lib_a-nano-svfprintf.o)
                0x0800b22c                __ssputs_r
 .text._svfprintf_r
                0x0800b2f0      0x200 c:/program files/openocd/windowstool/gcc-arm-none-eabi-10.3-2021.10/bin/../lib/gcc/arm-none-eabi/10.3.1/../../../../arm-none-eabi/lib/thumb/v6-m/nofp\libc_nano.a(lib_a-nano-svfprintf.o)
                0x0800b2f0                _svfiprintf_r
                0x0800b2f0                _svfprintf_r
 .text._printf_common
                0x0800b4f0       0xde c:/program files/openocd/windowstool/gcc-arm-none-eabi-10.3-2021.10/bin/../lib/gcc/arm-none-eabi/10.3.1/../../../../arm-none-eabi/lib/thumb/v6-m/nofp\libc_nano.a(lib_a-nano-vfprintf_i.o)
                0x0800b4f0                _printf_common
 *fill*         0x0800b5ce        0x2 
 .text._printf_i
                0x0800b5d0      0x224 c:/program files/openocd/windowstool/gcc-arm-none-eabi-10.3-2021.10/bin/../lib/gcc/arm-none-eabi/10.3.1/../../../../arm-none-eabi/lib/thumb/v6-m/nofp\libc_nano.a(lib_a-nano-vfprintf_i.o)
                0x0800b5d0                _printf_i
 .text._sbrk_r  0x0800b7f4       0x24 c:/program files/openocd/windowstool/gcc-arm-none-eabi-10.3-2021.10/bin/../lib/gcc/arm-none-eabi/10.3.1/../../../../arm-none-eabi/lib/thumb/v6-m/nofp\libc_nano.a(lib_a-sbrkr.o)
                0x0800b7f4                _sbrk_r
 .text.__sread  0x0800b818       0x28 c:/program files/openocd/windowstool/gcc-arm-none-eabi-10.3-2021.10/bin/../lib/gcc/arm-none-eabi/10.3.1/../../../../arm-none-eabi/lib/thumb/v6-m/nofp\libc_nano.a(lib_a-stdio.o)
                0x0800b818                __sread
 .text.__swrite
                0x0800b840       0x38 c:/program files/openocd/windowstool/gcc-arm-none-eabi-10.3-2021.10/bin/../lib/gcc/arm-none-eabi/10.3.1/../../../../arm-none-eabi/lib/thumb/v6-m/nofp\libc_nano.a(lib_a-stdio.o)
                0x0800b840                __swrite
 .text.__sseek  0x0800b878       0x2c c:/program files/openocd/windowstool/gcc-arm-none-eabi-10.3-2021.10/bin/../lib/gcc/arm-none-eabi/10.3.1/../../../../arm-none-eabi/lib/thumb/v6-m/nofp\libc_nano.a(lib_a-stdio.o)
                0x0800b878                __sseek
 .text.__sclose
                0x0800b8a4        0xc c:/program files/openocd/windowstool/gcc-arm-none-eabi-10.3-2021.10/bin/../lib/gcc/arm-none-eabi/10.3.1/../../../../arm-none-eabi/lib/thumb/v6-m/nofp\libc_nano.a(lib_a-stdio.o)
                0x0800b8a4                __sclose
 .text._write_r
                0x0800b8b0       0x28 c:/program files/openocd/windowstool/gcc-arm-none-eabi-10.3-2021.10/bin/../lib/gcc/arm-none-eabi/10.3.1/../../../../arm-none-eabi/lib/thumb/v6-m/nofp\libc_nano.a(lib_a-writer.o)
                0x0800b8b0                _write_r
 .text._close_r
                0x0800b8d8       0x24 c:/program files/openocd/windowstool/gcc-arm-none-eabi-10.3-2021.10/bin/../lib/gcc/arm-none-eabi/10.3.1/../../../../arm-none-eabi/lib/thumb/v6-m/nofp\libc_nano.a(lib_a-closer.o)
                0x0800b8d8                _close_r
 .text._fstat_r
                0x0800b8fc       0x24 c:/program files/openocd/windowstool/gcc-arm-none-eabi-10.3-2021.10/bin/../lib/gcc/arm-none-eabi/10.3.1/../../../../arm-none-eabi/lib/thumb/v6-m/nofp\libc_nano.a(lib_a-fstatr.o)
                0x0800b8fc                _fstat_r
 .text._isatty_r
                0x0800b920       0x24 c:/program files/openocd/windowstool/gcc-arm-none-eabi-10.3-2021.10/bin/../lib/gcc/arm-none-eabi/10.3.1/../../../../arm-none-eabi/lib/thumb/v6-m/nofp\libc_nano.a(lib_a-isattyr.o)
                0x0800b920                _isatty_r
 .text._lseek_r
                0x0800b944       0x28 c:/program files/openocd/windowstool/gcc-arm-none-eabi-10.3-2021.10/bin/../lib/gcc/arm-none-eabi/10.3.1/../../../../arm-none-eabi/lib/thumb/v6-m/nofp\libc_nano.a(lib_a-lseekr.o)
                0x0800b944                _lseek_r
 .text.memchr   0x0800b96c       0x16 c:/program files/openocd/windowstool/gcc-arm-none-eabi-10.3-2021.10/bin/../lib/gcc/arm-none-eabi/10.3.1/../../../../arm-none-eabi/lib/thumb/v6-m/nofp\libc_nano.a(lib_a-memchr-stub.o)
                0x0800b96c                memchr
 .text.memmove  0x0800b982       0x26 c:/program files/openocd/windowstool/gcc-arm-none-eabi-10.3-2021.10/bin/../lib/gcc/arm-none-eabi/10.3.1/../../../../arm-none-eabi/lib/thumb/v6-m/nofp\libc_nano.a(lib_a-memmove.o)
                0x0800b982                memmove
 .text.__malloc_lock
                0x0800b9a8       0x10 c:/program files/openocd/windowstool/gcc-arm-none-eabi-10.3-2021.10/bin/../lib/gcc/arm-none-eabi/10.3.1/../../../../arm-none-eabi/lib/thumb/v6-m/nofp\libc_nano.a(lib_a-mlock.o)
                0x0800b9a8                __malloc_lock
 .text.__malloc_unlock
                0x0800b9b8       0x10 c:/program files/openocd/windowstool/gcc-arm-none-eabi-10.3-2021.10/bin/../lib/gcc/arm-none-eabi/10.3.1/../../../../arm-none-eabi/lib/thumb/v6-m/nofp\libc_nano.a(lib_a-mlock.o)
                0x0800b9b8                __malloc_unlock
 .text._realloc_r
                0x0800b9c8       0x5e c:/program files/openocd/windowstool/gcc-arm-none-eabi-10.3-2021.10/bin/../lib/gcc/arm-none-eabi/10.3.1/../../../../arm-none-eabi/lib/thumb/v6-m/nofp\libc_nano.a(lib_a-nano-reallocr.o)
                0x0800b9c8                _realloc_r
 *fill*         0x0800ba26        0x2 
 .text._read_r  0x0800ba28       0x28 c:/program files/openocd/windowstool/gcc-arm-none-eabi-10.3-2021.10/bin/../lib/gcc/arm-none-eabi/10.3.1/../../../../arm-none-eabi/lib/thumb/v6-m/nofp\libc_nano.a(lib_a-readr.o)
                0x0800ba28                _read_r
 .text._malloc_usable_size_r
                0x0800ba50       0x10 c:/program files/openocd/windowstool/gcc-arm-none-eabi-10.3-2021.10/bin/../lib/gcc/arm-none-eabi/10.3.1/../../../../arm-none-eabi/lib/thumb/v6-m/nofp\libc_nano.a(lib_a-nano-msizer.o)
                0x0800ba50                _malloc_usable_size_r
 .text._close   0x0800ba60       0x10 c:/program files/openocd/windowstool/gcc-arm-none-eabi-10.3-2021.10/bin/../lib/gcc/arm-none-eabi/10.3.1/../../../../arm-none-eabi/lib/thumb/v6-m/nofp\libnosys.a(close.o)
                0x0800ba60                _close
 .text._fstat   0x0800ba70       0x10 c:/program files/openocd/windowstool/gcc-arm-none-eabi-10.3-2021.10/bin/../lib/gcc/arm-none-eabi/10.3.1/../../../../arm-none-eabi/lib/thumb/v6-m/nofp\libnosys.a(fstat.o)
                0x0800ba70                _fstat
 .text._isatty  0x0800ba80       0x10 c:/program files/openocd/windowstool/gcc-arm-none-eabi-10.3-2021.10/bin/../lib/gcc/arm-none-eabi/10.3.1/../../../../arm-none-eabi/lib/thumb/v6-m/nofp\libnosys.a(isatty.o)
                0x0800ba80                _isatty
 .text._lseek   0x0800ba90       0x10 c:/program files/openocd/windowstool/gcc-arm-none-eabi-10.3-2021.10/bin/../lib/gcc/arm-none-eabi/10.3.1/../../../../arm-none-eabi/lib/thumb/v6-m/nofp\libnosys.a(lseek.o)
                0x0800ba90                _lseek
 .text._read    0x0800baa0       0x10 c:/program files/openocd/windowstool/gcc-arm-none-eabi-10.3-2021.10/bin/../lib/gcc/arm-none-eabi/10.3.1/../../../../arm-none-eabi/lib/thumb/v6-m/nofp\libnosys.a(read.o)
                0x0800baa0                _read
 .text._sbrk    0x0800bab0       0x1c c:/program files/openocd/windowstool/gcc-arm-none-eabi-10.3-2021.10/bin/../lib/gcc/arm-none-eabi/10.3.1/../../../../arm-none-eabi/lib/thumb/v6-m/nofp\libnosys.a(sbrk.o)
                0x0800bab0                _sbrk
 .text._write   0x0800bacc       0x10 c:/program files/openocd/windowstool/gcc-arm-none-eabi-10.3-2021.10/bin/../lib/gcc/arm-none-eabi/10.3.1/../../../../arm-none-eabi/lib/thumb/v6-m/nofp\libnosys.a(write.o)
                0x0800bacc                _write
 *(.glue_7)
 .glue_7        0x0800badc        0x0 linker stubs
 *(.glue_7t)
 .glue_7t       0x0800badc        0x0 linker stubs
 *(.eh_frame)
 .eh_frame      0x0800badc        0x0 c:/program files/openocd/windowstool/gcc-arm-none-eabi-10.3-2021.10/bin/../lib/gcc/arm-none-eabi/10.3.1/thumb/v6-m/nofp/crtbegin.o
 *(.init)
 .init          0x0800badc        0x4 c:/program files/openocd/windowstool/gcc-arm-none-eabi-10.3-2021.10/bin/../lib/gcc/arm-none-eabi/10.3.1/thumb/v6-m/nofp/crti.o
                0x0800badc                _init
 .init          0x0800bae0        0x8 c:/program files/openocd/windowstool/gcc-arm-none-eabi-10.3-2021.10/bin/../lib/gcc/arm-none-eabi/10.3.1/thumb/v6-m/nofp/crtn.o
 *(.fini)
 .fini          0x0800bae8        0x4 c:/program files/openocd/windowstool/gcc-arm-none-eabi-10.3-2021.10/bin/../lib/gcc/arm-none-eabi/10.3.1/thumb/v6-m/nofp/crti.o
                0x0800bae8                _fini
 .fini          0x0800baec        0x8 c:/program files/openocd/windowstool/gcc-arm-none-eabi-10.3-2021.10/bin/../lib/gcc/arm-none-eabi/10.3.1/thumb/v6-m/nofp/crtn.o
                0x0800baf4                . = ALIGN (0x4)
                0x0800baf4                _etext = .

.vfp11_veneer   0x0800baf4        0x0
 .vfp11_veneer  0x0800baf4        0x0 linker stubs

.v4_bx          0x0800baf4        0x0
 .v4_bx         0x0800baf4        0x0 linker stubs

.iplt           0x0800baf4        0x0
 .iplt          0x0800baf4        0x0 c:/program files/openocd/windowstool/gcc-arm-none-eabi-10.3-2021.10/bin/../lib/gcc/arm-none-eabi/10.3.1/thumb/v6-m/nofp/crtbegin.o

.rodata         0x0800baf4      0x578
                0x0800baf4                . = ALIGN (0x4)
 *(.rodata)
 .rodata        0x0800baf4       0x80 c:/program files/openocd/windowstool/gcc-arm-none-eabi-10.3-2021.10/bin/../lib/gcc/arm-none-eabi/10.3.1/thumb/v6-m/nofp\libgcc.a(divsf3.o)
 .rodata        0x0800bb74       0x40 c:/program files/openocd/windowstool/gcc-arm-none-eabi-10.3-2021.10/bin/../lib/gcc/arm-none-eabi/10.3.1/thumb/v6-m/nofp\libgcc.a(mulsf3.o)
 .rodata        0x0800bbb4       0x40 c:/program files/openocd/windowstool/gcc-arm-none-eabi-10.3-2021.10/bin/../lib/gcc/arm-none-eabi/10.3.1/thumb/v6-m/nofp\libgcc.a(divdf3.o)
 .rodata        0x0800bbf4       0x40 c:/program files/openocd/windowstool/gcc-arm-none-eabi-10.3-2021.10/bin/../lib/gcc/arm-none-eabi/10.3.1/thumb/v6-m/nofp\libgcc.a(muldf3.o)
 *(.rodata*)
 .rodata.readAT24C16.str1.4
                0x0800bc34       0x11 build/24c02.o
 *fill*         0x0800bc45        0x3 
 .rodata.aucCRCHi
                0x0800bc48      0x100 build/main.o
 .rodata.aucCRCLo
                0x0800bd48      0x100 build/main.o
 .rodata.AHBPrescTable
                0x0800be48       0x10 build/system_stm32f0xx.o
                0x0800be48                AHBPrescTable
 .rodata.APBPrescTable
                0x0800be58        0x8 build/system_stm32f0xx.o
                0x0800be58                APBPrescTable
 .rodata.shValue.str1.4
                0x0800be60       0x21 build/tm1640.o
 *fill*         0x0800be81        0x3 
 .rodata.UpateShData
                0x0800be84      0x128 build/tm1640.o
 .rodata.HAL_RCC_GetSysClockFreq.str1.4
                0x0800bfac       0x25 build/stm32f0xx_hal_rcc.o
 *fill*         0x0800bfd1        0x3 
 .rodata._global_impure_ptr
                0x0800bfd4        0x4 c:/program files/openocd/windowstool/gcc-arm-none-eabi-10.3-2021.10/bin/../lib/gcc/arm-none-eabi/10.3.1/../../../../arm-none-eabi/lib/thumb/v6-m/nofp\libc_nano.a(lib_a-impure.o)
                0x0800bfd4                _global_impure_ptr
 .rodata.__sf_fake_stderr
                0x0800bfd8       0x20 c:/program files/openocd/windowstool/gcc-arm-none-eabi-10.3-2021.10/bin/../lib/gcc/arm-none-eabi/10.3.1/../../../../arm-none-eabi/lib/thumb/v6-m/nofp\libc_nano.a(lib_a-findfp.o)
                0x0800bfd8                __sf_fake_stderr
 .rodata.__sf_fake_stdin
                0x0800bff8       0x20 c:/program files/openocd/windowstool/gcc-arm-none-eabi-10.3-2021.10/bin/../lib/gcc/arm-none-eabi/10.3.1/../../../../arm-none-eabi/lib/thumb/v6-m/nofp\libc_nano.a(lib_a-findfp.o)
                0x0800bff8                __sf_fake_stdin
 .rodata.__sf_fake_stdout
                0x0800c018       0x20 c:/program files/openocd/windowstool/gcc-arm-none-eabi-10.3-2021.10/bin/../lib/gcc/arm-none-eabi/10.3.1/../../../../arm-none-eabi/lib/thumb/v6-m/nofp\libc_nano.a(lib_a-findfp.o)
                0x0800c018                __sf_fake_stdout
 .rodata._svfprintf_r.str1.1
                0x0800c038       0x11 c:/program files/openocd/windowstool/gcc-arm-none-eabi-10.3-2021.10/bin/../lib/gcc/arm-none-eabi/10.3.1/../../../../arm-none-eabi/lib/thumb/v6-m/nofp\libc_nano.a(lib_a-nano-svfprintf.o)
 .rodata._printf_i.str1.1
                0x0800c049       0x22 c:/program files/openocd/windowstool/gcc-arm-none-eabi-10.3-2021.10/bin/../lib/gcc/arm-none-eabi/10.3.1/../../../../arm-none-eabi/lib/thumb/v6-m/nofp\libc_nano.a(lib_a-nano-vfprintf_i.o)
                0x0800c06c                . = ALIGN (0x4)
 *fill*         0x0800c06b        0x1 

.rel.dyn        0x0800c06c        0x0
 .rel.iplt      0x0800c06c        0x0 c:/program files/openocd/windowstool/gcc-arm-none-eabi-10.3-2021.10/bin/../lib/gcc/arm-none-eabi/10.3.1/thumb/v6-m/nofp/crtbegin.o

.ARM.extab
 *(.ARM.extab* .gnu.linkonce.armextab.*)

.ARM            0x0800c06c        0x0
                0x0800c06c                __exidx_start = .
 *(.ARM.exidx*)
                0x0800c06c                __exidx_end = .

.preinit_array  0x0800c06c        0x0
                0x0800c06c                PROVIDE (__preinit_array_start = .)
 *(.preinit_array*)
                0x0800c06c                PROVIDE (__preinit_array_end = .)

.init_array     0x0800c06c        0x4
                0x0800c06c                PROVIDE (__init_array_start = .)
 *(SORT_BY_NAME(.init_array.*))
 *(.init_array*)
 .init_array    0x0800c06c        0x4 c:/program files/openocd/windowstool/gcc-arm-none-eabi-10.3-2021.10/bin/../lib/gcc/arm-none-eabi/10.3.1/thumb/v6-m/nofp/crtbegin.o
                0x0800c070                PROVIDE (__init_array_end = .)

.fini_array     0x0800c070        0x4
                [!provide]                PROVIDE (__fini_array_start = .)
 *(SORT_BY_NAME(.fini_array.*))
 *(.fini_array*)
 .fini_array    0x0800c070        0x4 c:/program files/openocd/windowstool/gcc-arm-none-eabi-10.3-2021.10/bin/../lib/gcc/arm-none-eabi/10.3.1/thumb/v6-m/nofp/crtbegin.o
                [!provide]                PROVIDE (__fini_array_end = .)
                0x0800c074                _sidata = LOADADDR (.data)

.data           0x20000000      0x15c load address 0x0800c074
                0x20000000                . = ALIGN (0x4)
                0x20000000                _sdata = .
 *(.data)
 *(.data*)
 .data.outputallinit
                0x20000000        0x2 build/595.o
                0x20000000                outputallinit
 *fill*         0x20000002        0x2 
 .data.SystemCoreClock
                0x20000004        0x4 build/system_stm32f0xx.o
                0x20000004                SystemCoreClock
 .data.JDQSTAT  0x20000008        0x1 build/tm1640.o
                0x20000008                JDQSTAT
 *fill*         0x20000009        0x3 
 .data.Pcnt.1   0x2000000c        0x4 build/tm1640.o
 .data.Ta       0x20000010        0x4 build/tm1640.o
                0x20000010                Ta
 .data.Tb       0x20000014        0x4 build/tm1640.o
                0x20000014                Tb
 .data.Tc       0x20000018        0x4 build/tm1640.o
                0x20000018                Tc
 .data.Td       0x2000001c        0x4 build/tm1640.o
                0x2000001c                Td
 .data.Te       0x20000020        0x4 build/tm1640.o
                0x20000020                Te
 .data.Th       0x20000024        0x4 build/tm1640.o
                0x20000024                Th
 .data.Tjdqb    0x20000028       0x18 build/tm1640.o
                0x20000028                Tjdqb
 .data.Tjdqk    0x20000040       0x18 build/tm1640.o
                0x20000040                Tjdqk
 .data.Tset1    0x20000058        0x4 build/tm1640.o
                0x20000058                Tset1
 .data.Tset2    0x2000005c        0x4 build/tm1640.o
                0x2000005c                Tset2
 .data.Tset3    0x20000060        0x4 build/tm1640.o
                0x20000060                Tset3
 .data.Tset4    0x20000064        0x4 build/tm1640.o
                0x20000064                Tset4
 .data.addr     0x20000068        0x4 build/tm1640.o
                0x20000068                addr
 .data.b        0x2000006c       0x14 build/tm1640.o
                0x2000006c                b
 .data.bb       0x20000080       0x14 build/tm1640.o
                0x20000080                bb
 .data.cshuiCha
                0x20000094        0x4 build/tm1640.o
                0x20000094                cshuiCha
 .data.cwhuiCha
                0x20000098        0x4 build/tm1640.o
                0x20000098                cwhuiCha
 .data.dehD     0x2000009c        0x1 build/tm1640.o
                0x2000009c                dehD
 .data.dehE     0x2000009d        0x1 build/tm1640.o
                0x2000009d                dehE
 .data.dehH     0x2000009e        0x1 build/tm1640.o
                0x2000009e                dehH
 *fill*         0x2000009f        0x1 
 .data.dis      0x200000a0       0x21 build/tm1640.o
                0x200000a0                dis
 *fill*         0x200000c1        0x3 
 .data.k        0x200000c4       0x14 build/tm1640.o
                0x200000c4                k
 .data.kk       0x200000d8       0x14 build/tm1640.o
                0x200000d8                kk
 .data.tzhuiCha
                0x200000ec        0x4 build/tm1640.o
                0x200000ec                tzhuiCha
 .data.uwTickFreq
                0x200000f0        0x1 build/stm32f0xx_hal.o
                0x200000f0                uwTickFreq
 *fill*         0x200000f1        0x3 
 .data.uwTickPrio
                0x200000f4        0x4 build/stm32f0xx_hal.o
                0x200000f4                uwTickPrio
 .data._impure_ptr
                0x200000f8        0x4 c:/program files/openocd/windowstool/gcc-arm-none-eabi-10.3-2021.10/bin/../lib/gcc/arm-none-eabi/10.3.1/../../../../arm-none-eabi/lib/thumb/v6-m/nofp\libc_nano.a(lib_a-impure.o)
                0x200000f8                _impure_ptr
 .data.impure_data
                0x200000fc       0x60 c:/program files/openocd/windowstool/gcc-arm-none-eabi-10.3-2021.10/bin/../lib/gcc/arm-none-eabi/10.3.1/../../../../arm-none-eabi/lib/thumb/v6-m/nofp\libc_nano.a(lib_a-impure.o)
                0x2000015c                . = ALIGN (0x4)
                0x2000015c                _edata = .

.igot.plt       0x2000015c        0x0 load address 0x0800c1d0
 .igot.plt      0x2000015c        0x0 c:/program files/openocd/windowstool/gcc-arm-none-eabi-10.3-2021.10/bin/../lib/gcc/arm-none-eabi/10.3.1/thumb/v6-m/nofp/crtbegin.o
                0x2000015c                . = ALIGN (0x4)

.bss            0x20000160      0xa0c load address 0x0800c1d0
                0x20000160                _sbss = .
                0x20000160                __bss_start__ = _sbss
 *(.bss)
 .bss           0x20000160       0x1c c:/program files/openocd/windowstool/gcc-arm-none-eabi-10.3-2021.10/bin/../lib/gcc/arm-none-eabi/10.3.1/thumb/v6-m/nofp/crtbegin.o
 *(.bss*)
 .bss.hcreg     0x2000017c        0x2 build/595.o
                0x2000017c                hcreg
 *fill*         0x2000017e        0x2 
 .bss.timedelaycnt
                0x20000180        0x4 build/595.o
                0x20000180                timedelaycnt
 *fill*         0x20000184        0x4 
 .bss.dhdata    0x20000188       0x18 build/control.o
                0x20000188                dhdata
 .bss.sTa       0x200001a0        0x2 build/control.o
                0x200001a0                sTa
 .bss.sTb       0x200001a2        0x2 build/control.o
                0x200001a2                sTb
 .bss.sTc       0x200001a4        0x2 build/control.o
                0x200001a4                sTc
 .bss.sTd       0x200001a6        0x2 build/control.o
                0x200001a6                sTd
 .bss.sTe       0x200001a8        0x2 build/control.o
                0x200001a8                sTe
 *fill*         0x200001aa        0x2 
 .bss.sec_time  0x200001ac        0x4 build/control.o
                0x200001ac                sec_time
 .bss.sysms     0x200001b0        0x4 build/control.o
                0x200001b0                sysms
 .bss.willBeepTime
                0x200001b4        0x4 build/control.o
                0x200001b4                willBeepTime
 .bss.RxBufU2   0x200001b8       0xc8 build/main.o
                0x200001b8                RxBufU2
 .bss.RxLenU2   0x20000280        0x2 build/main.o
                0x20000280                RxLenU2
 *fill*         0x20000282        0x2 
 .bss.TxBufU2   0x20000284       0xc8 build/main.o
                0x20000284                TxBufU2
 .bss.hadc      0x2000034c       0x40 build/main.o
                0x2000034c                hadc
 .bss.hdma_adc  0x2000038c       0x44 build/main.o
                0x2000038c                hdma_adc
 .bss.hdma_usart1_rx
                0x200003d0       0x44 build/main.o
                0x200003d0                hdma_usart1_rx
 .bss.hdma_usart2_rx
                0x20000414       0x44 build/main.o
                0x20000414                hdma_usart2_rx
 .bss.hi2c1     0x20000458       0x4c build/main.o
                0x20000458                hi2c1
 .bss.htim1     0x200004a4       0x48 build/main.o
                0x200004a4                htim1
 .bss.huart1    0x200004ec       0x84 build/main.o
                0x200004ec                huart1
 .bss.huart2    0x20000570       0x84 build/main.o
                0x20000570                huart2
 .bss.rsPackFlag
                0x200005f4        0x1 build/main.o
                0x200005f4                rsPackFlag
 *fill*         0x200005f5        0x1 
 .bss.rsRxIndex
                0x200005f6        0x2 build/main.o
                0x200005f6                rsRxIndex
 .bss.rsRxTime  0x200005f8        0x2 build/main.o
                0x200005f8                rsRxTime
 *fill*         0x200005fa        0x2 
 .bss.sRundata  0x200005fc       0x87 build/main.o
                0x200005fc                sRundata
 *fill*         0x20000683        0x1 
 .bss.stms.0    0x20000684        0x4 build/stm32f0xx_it.o
 .bss.AdDataOrig
                0x20000688      0x3e8 build/tm1640.o
                0x20000688                AdDataOrig
 .bss.AdcValue  0x20000a70        0xa build/tm1640.o
                0x20000a70                AdcValue
 .bss.Cnt1.10   0x20000a7a        0x1 build/tm1640.o
 .bss.Cnt2.9    0x20000a7b        0x1 build/tm1640.o
 .bss.Cnt3.8    0x20000a7c        0x1 build/tm1640.o
 .bss.Cnt4.7    0x20000a7d        0x1 build/tm1640.o
 *fill*         0x20000a7e        0x2 
 .bss.FenH      0x20000a80        0x4 build/tm1640.o
                0x20000a80                FenH
 .bss.FenM      0x20000a84        0x4 build/tm1640.o
                0x20000a84                FenM
 .bss.JDQFLAG   0x20000a88        0x1 build/tm1640.o
                0x20000a88                JDQFLAG
 *fill*         0x20000a89        0x3 
 .bss.JDQTIME   0x20000a8c        0x4 build/tm1640.o
                0x20000a8c                JDQTIME
 .bss.KeyV      0x20000a90        0x4 build/tm1640.o
                0x20000a90                KeyV
 .bss.LogTime   0x20000a94        0x4 build/tm1640.o
                0x20000a94                LogTime
 .bss.LoopCnt.0
                0x20000a98        0x4 build/tm1640.o
 .bss.MnTest    0x20000a9c        0x4 build/tm1640.o
                0x20000a9c                MnTest
 .bss.Tcala1    0x20000aa0        0x4 build/tm1640.o
                0x20000aa0                Tcala1
 .bss.Tcala2    0x20000aa4        0x4 build/tm1640.o
                0x20000aa4                Tcala2
 .bss.Tcala3    0x20000aa8        0x4 build/tm1640.o
                0x20000aa8                Tcala3
 .bss.Tcala4    0x20000aac        0x4 build/tm1640.o
                0x20000aac                Tcala4
 .bss.Tcala5    0x20000ab0        0x4 build/tm1640.o
                0x20000ab0                Tcala5
 .bss.TestModeFlag
                0x20000ab4        0x1 build/tm1640.o
                0x20000ab4                TestModeFlag
 *fill*         0x20000ab5        0x3 
 .bss.btlv      0x20000ab8        0x4 build/tm1640.o
                0x20000ab8                btlv
 .bss.cnt.12    0x20000abc        0x4 build/tm1640.o
 .bss.jojy      0x20000ac0        0x4 build/tm1640.o
                0x20000ac0                jojy
 .bss.lCnt1.6   0x20000ac4        0x4 build/tm1640.o
 .bss.lCnt2.5   0x20000ac8        0x4 build/tm1640.o
 .bss.lCnt3.4   0x20000acc        0x4 build/tm1640.o
 .bss.lCnt4.3   0x20000ad0        0x4 build/tm1640.o
 .bss.macFlag   0x20000ad4       0x17 build/tm1640.o
                0x20000ad4                macFlag
 *fill*         0x20000aeb        0x1 
 .bss.max.11    0x20000aec       0x14 build/tm1640.o
 .bss.one1000msCnt
                0x20000b00        0x4 build/tm1640.o
                0x20000b00                one1000msCnt
 .bss.oneMinuteCnt
                0x20000b04        0x4 build/tm1640.o
                0x20000b04                oneMinuteCnt
 .bss.pTa       0x20000b08        0x4 build/tm1640.o
                0x20000b08                pTa
 .bss.pTb       0x20000b0c        0x4 build/tm1640.o
                0x20000b0c                pTb
 .bss.pTc       0x20000b10        0x4 build/tm1640.o
                0x20000b10                pTc
 .bss.pTd       0x20000b14        0x4 build/tm1640.o
                0x20000b14                pTd
 .bss.pTe       0x20000b18        0x4 build/tm1640.o
                0x20000b18                pTe
 .bss.readKeyTime
                0x20000b1c        0x4 build/tm1640.o
                0x20000b1c                readKeyTime
 .bss.tmNum     0x20000b20        0x7 build/tm1640.o
                0x20000b20                tmNum
 *fill*         0x20000b27        0x1 
 .bss.x1        0x20000b28       0x14 build/tm1640.o
                0x20000b28                x1
 .bss.x2        0x20000b3c       0x14 build/tm1640.o
                0x20000b3c                x2
 .bss.xunhuiCnt.2
                0x20000b50        0x4 build/tm1640.o
 .bss.uwTick    0x20000b54        0x4 build/stm32f0xx_hal.o
                0x20000b54                uwTick
 .bss.__lock___malloc_recursive_mutex
                0x20000b58        0x1 c:/program files/openocd/windowstool/gcc-arm-none-eabi-10.3-2021.10/bin/../lib/gcc/arm-none-eabi/10.3.1/../../../../arm-none-eabi/lib/thumb/v6-m/nofp\libc_nano.a(lib_a-lock.o)
                0x20000b58                __lock___malloc_recursive_mutex
 .bss.__lock___sfp_recursive_mutex
                0x20000b59        0x1 c:/program files/openocd/windowstool/gcc-arm-none-eabi-10.3-2021.10/bin/../lib/gcc/arm-none-eabi/10.3.1/../../../../arm-none-eabi/lib/thumb/v6-m/nofp\libc_nano.a(lib_a-lock.o)
                0x20000b59                __lock___sfp_recursive_mutex
 .bss.__lock___sinit_recursive_mutex
                0x20000b5a        0x1 c:/program files/openocd/windowstool/gcc-arm-none-eabi-10.3-2021.10/bin/../lib/gcc/arm-none-eabi/10.3.1/../../../../arm-none-eabi/lib/thumb/v6-m/nofp\libc_nano.a(lib_a-lock.o)
                0x20000b5a                __lock___sinit_recursive_mutex
 *fill*         0x20000b5b        0x1 
 .bss.__malloc_free_list
                0x20000b5c        0x4 c:/program files/openocd/windowstool/gcc-arm-none-eabi-10.3-2021.10/bin/../lib/gcc/arm-none-eabi/10.3.1/../../../../arm-none-eabi/lib/thumb/v6-m/nofp\libc_nano.a(lib_a-nano-mallocr.o)
                0x20000b5c                __malloc_free_list
 .bss.__malloc_sbrk_start
                0x20000b60        0x4 c:/program files/openocd/windowstool/gcc-arm-none-eabi-10.3-2021.10/bin/../lib/gcc/arm-none-eabi/10.3.1/../../../../arm-none-eabi/lib/thumb/v6-m/nofp\libc_nano.a(lib_a-nano-mallocr.o)
                0x20000b60                __malloc_sbrk_start
 .bss.errno     0x20000b64        0x4 c:/program files/openocd/windowstool/gcc-arm-none-eabi-10.3-2021.10/bin/../lib/gcc/arm-none-eabi/10.3.1/../../../../arm-none-eabi/lib/thumb/v6-m/nofp\libc_nano.a(lib_a-reent.o)
                0x20000b64                errno
 .bss.heap_end.0
                0x20000b68        0x4 c:/program files/openocd/windowstool/gcc-arm-none-eabi-10.3-2021.10/bin/../lib/gcc/arm-none-eabi/10.3.1/../../../../arm-none-eabi/lib/thumb/v6-m/nofp\libnosys.a(sbrk.o)
 *(COMMON)
                0x20000b6c                . = ALIGN (0x4)
                0x20000b6c                _ebss = .
                0x20000b6c                __bss_end__ = _ebss

._user_heap_stack
                0x20000b6c      0x604 load address 0x0800c1d0
                0x20000b70                . = ALIGN (0x8)
 *fill*         0x20000b6c        0x4 
                0x20000b70                PROVIDE (end = .)
                [!provide]                PROVIDE (_end = .)
                0x20000d70                . = (. + _Min_Heap_Size)
 *fill*         0x20000b70      0x200 
                0x20001170                . = (. + _Min_Stack_Size)
 *fill*         0x20000d70      0x400 
                0x20001170                . = ALIGN (0x8)

/DISCARD/
 libc.a(*)
 libm.a(*)
 libgcc.a(*)

.ARM.attributes
                0x00000000       0x28
 *(.ARM.attributes)
 .ARM.attributes
                0x00000000       0x1e c:/program files/openocd/windowstool/gcc-arm-none-eabi-10.3-2021.10/bin/../lib/gcc/arm-none-eabi/10.3.1/thumb/v6-m/nofp/crti.o
 .ARM.attributes
                0x0000001e       0x2c c:/program files/openocd/windowstool/gcc-arm-none-eabi-10.3-2021.10/bin/../lib/gcc/arm-none-eabi/10.3.1/thumb/v6-m/nofp/crtbegin.o
 .ARM.attributes
                0x0000004a       0x2c build/24c02.o
 .ARM.attributes
                0x00000076       0x2c build/595.o
 .ARM.attributes
                0x000000a2       0x2c build/control.o
 .ARM.attributes
                0x000000ce       0x2c build/main.o
 .ARM.attributes
                0x000000fa       0x2c build/stm32f0xx_hal_msp.o
 .ARM.attributes
                0x00000126       0x2c build/stm32f0xx_it.o
 .ARM.attributes
                0x00000152       0x2c build/system_stm32f0xx.o
 .ARM.attributes
                0x0000017e       0x2c build/tm1640.o
 .ARM.attributes
                0x000001aa       0x2c build/stm32f0xx_hal_adc.o
 .ARM.attributes
                0x000001d6       0x2c build/stm32f0xx_hal_rcc.o
 .ARM.attributes
                0x00000202       0x2c build/stm32f0xx_hal_rcc_ex.o
 .ARM.attributes
                0x0000022e       0x2c build/stm32f0xx_hal.o
 .ARM.attributes
                0x0000025a       0x2c build/stm32f0xx_hal_i2c.o
 .ARM.attributes
                0x00000286       0x2c build/stm32f0xx_hal_i2c_ex.o
 .ARM.attributes
                0x000002b2       0x2c build/stm32f0xx_hal_gpio.o
 .ARM.attributes
                0x000002de       0x2c build/stm32f0xx_hal_dma.o
 .ARM.attributes
                0x0000030a       0x2c build/stm32f0xx_hal_cortex.o
 .ARM.attributes
                0x00000336       0x2c build/stm32f0xx_hal_tim.o
 .ARM.attributes
                0x00000362       0x2c build/stm32f0xx_hal_uart.o
 .ARM.attributes
                0x0000038e       0x21 build/startup_stm32f030x8.o
 .ARM.attributes
                0x000003af       0x2c c:/program files/openocd/windowstool/gcc-arm-none-eabi-10.3-2021.10/bin/../lib/gcc/arm-none-eabi/10.3.1/../../../../arm-none-eabi/lib/thumb/v6-m/nofp\libc_nano.a(lib_a-impure.o)
 .ARM.attributes
                0x000003db       0x2c c:/program files/openocd/windowstool/gcc-arm-none-eabi-10.3-2021.10/bin/../lib/gcc/arm-none-eabi/10.3.1/../../../../arm-none-eabi/lib/thumb/v6-m/nofp\libc_nano.a(lib_a-init.o)
 .ARM.attributes
                0x00000407       0x2c c:/program files/openocd/windowstool/gcc-arm-none-eabi-10.3-2021.10/bin/../lib/gcc/arm-none-eabi/10.3.1/../../../../arm-none-eabi/lib/thumb/v6-m/nofp\libc_nano.a(lib_a-memcpy-stub.o)
 .ARM.attributes
                0x00000433       0x2c c:/program files/openocd/windowstool/gcc-arm-none-eabi-10.3-2021.10/bin/../lib/gcc/arm-none-eabi/10.3.1/../../../../arm-none-eabi/lib/thumb/v6-m/nofp\libc_nano.a(lib_a-memset.o)
 .ARM.attributes
                0x0000045f       0x2c c:/program files/openocd/windowstool/gcc-arm-none-eabi-10.3-2021.10/bin/../lib/gcc/arm-none-eabi/10.3.1/../../../../arm-none-eabi/lib/thumb/v6-m/nofp\libc_nano.a(lib_a-puts.o)
 .ARM.attributes
                0x0000048b       0x2c c:/program files/openocd/windowstool/gcc-arm-none-eabi-10.3-2021.10/bin/../lib/gcc/arm-none-eabi/10.3.1/../../../../arm-none-eabi/lib/thumb/v6-m/nofp\libc_nano.a(lib_a-sprintf.o)
 .ARM.attributes
                0x000004b7       0x2c c:/program files/openocd/windowstool/gcc-arm-none-eabi-10.3-2021.10/bin/../lib/gcc/arm-none-eabi/10.3.1/../../../../arm-none-eabi/lib/thumb/v6-m/nofp\libc_nano.a(lib_a-wbuf.o)
 .ARM.attributes
                0x000004e3       0x2c c:/program files/openocd/windowstool/gcc-arm-none-eabi-10.3-2021.10/bin/../lib/gcc/arm-none-eabi/10.3.1/../../../../arm-none-eabi/lib/thumb/v6-m/nofp\libc_nano.a(lib_a-wsetup.o)
 .ARM.attributes
                0x0000050f       0x2c c:/program files/openocd/windowstool/gcc-arm-none-eabi-10.3-2021.10/bin/../lib/gcc/arm-none-eabi/10.3.1/../../../../arm-none-eabi/lib/thumb/v6-m/nofp\libc_nano.a(lib_a-fflush.o)
 .ARM.attributes
                0x0000053b       0x2c c:/program files/openocd/windowstool/gcc-arm-none-eabi-10.3-2021.10/bin/../lib/gcc/arm-none-eabi/10.3.1/../../../../arm-none-eabi/lib/thumb/v6-m/nofp\libc_nano.a(lib_a-findfp.o)
 .ARM.attributes
                0x00000567       0x2c c:/program files/openocd/windowstool/gcc-arm-none-eabi-10.3-2021.10/bin/../lib/gcc/arm-none-eabi/10.3.1/../../../../arm-none-eabi/lib/thumb/v6-m/nofp\libc_nano.a(lib_a-fwalk.o)
 .ARM.attributes
                0x00000593       0x2c c:/program files/openocd/windowstool/gcc-arm-none-eabi-10.3-2021.10/bin/../lib/gcc/arm-none-eabi/10.3.1/../../../../arm-none-eabi/lib/thumb/v6-m/nofp\libc_nano.a(lib_a-lock.o)
 .ARM.attributes
                0x000005bf       0x2c c:/program files/openocd/windowstool/gcc-arm-none-eabi-10.3-2021.10/bin/../lib/gcc/arm-none-eabi/10.3.1/../../../../arm-none-eabi/lib/thumb/v6-m/nofp\libc_nano.a(lib_a-makebuf.o)
 .ARM.attributes
                0x000005eb       0x2c c:/program files/openocd/windowstool/gcc-arm-none-eabi-10.3-2021.10/bin/../lib/gcc/arm-none-eabi/10.3.1/../../../../arm-none-eabi/lib/thumb/v6-m/nofp\libc_nano.a(lib_a-nano-freer.o)
 .ARM.attributes
                0x00000617       0x2c c:/program files/openocd/windowstool/gcc-arm-none-eabi-10.3-2021.10/bin/../lib/gcc/arm-none-eabi/10.3.1/../../../../arm-none-eabi/lib/thumb/v6-m/nofp\libc_nano.a(lib_a-nano-mallocr.o)
 .ARM.attributes
                0x00000643       0x2c c:/program files/openocd/windowstool/gcc-arm-none-eabi-10.3-2021.10/bin/../lib/gcc/arm-none-eabi/10.3.1/../../../../arm-none-eabi/lib/thumb/v6-m/nofp\libc_nano.a(lib_a-nano-svfprintf.o)
 .ARM.attributes
                0x0000066f       0x2c c:/program files/openocd/windowstool/gcc-arm-none-eabi-10.3-2021.10/bin/../lib/gcc/arm-none-eabi/10.3.1/../../../../arm-none-eabi/lib/thumb/v6-m/nofp\libc_nano.a(lib_a-nano-vfprintf_i.o)
 .ARM.attributes
                0x0000069b       0x2c c:/program files/openocd/windowstool/gcc-arm-none-eabi-10.3-2021.10/bin/../lib/gcc/arm-none-eabi/10.3.1/../../../../arm-none-eabi/lib/thumb/v6-m/nofp\libc_nano.a(lib_a-sbrkr.o)
 .ARM.attributes
                0x000006c7       0x2c c:/program files/openocd/windowstool/gcc-arm-none-eabi-10.3-2021.10/bin/../lib/gcc/arm-none-eabi/10.3.1/../../../../arm-none-eabi/lib/thumb/v6-m/nofp\libc_nano.a(lib_a-stdio.o)
 .ARM.attributes
                0x000006f3       0x2c c:/program files/openocd/windowstool/gcc-arm-none-eabi-10.3-2021.10/bin/../lib/gcc/arm-none-eabi/10.3.1/../../../../arm-none-eabi/lib/thumb/v6-m/nofp\libc_nano.a(lib_a-writer.o)
 .ARM.attributes
                0x0000071f       0x2c c:/program files/openocd/windowstool/gcc-arm-none-eabi-10.3-2021.10/bin/../lib/gcc/arm-none-eabi/10.3.1/../../../../arm-none-eabi/lib/thumb/v6-m/nofp\libc_nano.a(lib_a-closer.o)
 .ARM.attributes
                0x0000074b       0x2c c:/program files/openocd/windowstool/gcc-arm-none-eabi-10.3-2021.10/bin/../lib/gcc/arm-none-eabi/10.3.1/../../../../arm-none-eabi/lib/thumb/v6-m/nofp\libc_nano.a(lib_a-fstatr.o)
 .ARM.attributes
                0x00000777       0x2c c:/program files/openocd/windowstool/gcc-arm-none-eabi-10.3-2021.10/bin/../lib/gcc/arm-none-eabi/10.3.1/../../../../arm-none-eabi/lib/thumb/v6-m/nofp\libc_nano.a(lib_a-isattyr.o)
 .ARM.attributes
                0x000007a3       0x2c c:/program files/openocd/windowstool/gcc-arm-none-eabi-10.3-2021.10/bin/../lib/gcc/arm-none-eabi/10.3.1/../../../../arm-none-eabi/lib/thumb/v6-m/nofp\libc_nano.a(lib_a-lseekr.o)
 .ARM.attributes
                0x000007cf       0x2c c:/program files/openocd/windowstool/gcc-arm-none-eabi-10.3-2021.10/bin/../lib/gcc/arm-none-eabi/10.3.1/../../../../arm-none-eabi/lib/thumb/v6-m/nofp\libc_nano.a(lib_a-memchr-stub.o)
 .ARM.attributes
                0x000007fb       0x2c c:/program files/openocd/windowstool/gcc-arm-none-eabi-10.3-2021.10/bin/../lib/gcc/arm-none-eabi/10.3.1/../../../../arm-none-eabi/lib/thumb/v6-m/nofp\libc_nano.a(lib_a-memmove.o)
 .ARM.attributes
                0x00000827       0x2c c:/program files/openocd/windowstool/gcc-arm-none-eabi-10.3-2021.10/bin/../lib/gcc/arm-none-eabi/10.3.1/../../../../arm-none-eabi/lib/thumb/v6-m/nofp\libc_nano.a(lib_a-mlock.o)
 .ARM.attributes
                0x00000853       0x2c c:/program files/openocd/windowstool/gcc-arm-none-eabi-10.3-2021.10/bin/../lib/gcc/arm-none-eabi/10.3.1/../../../../arm-none-eabi/lib/thumb/v6-m/nofp\libc_nano.a(lib_a-nano-reallocr.o)
 .ARM.attributes
                0x0000087f       0x2c c:/program files/openocd/windowstool/gcc-arm-none-eabi-10.3-2021.10/bin/../lib/gcc/arm-none-eabi/10.3.1/../../../../arm-none-eabi/lib/thumb/v6-m/nofp\libc_nano.a(lib_a-readr.o)
 .ARM.attributes
                0x000008ab       0x2c c:/program files/openocd/windowstool/gcc-arm-none-eabi-10.3-2021.10/bin/../lib/gcc/arm-none-eabi/10.3.1/../../../../arm-none-eabi/lib/thumb/v6-m/nofp\libc_nano.a(lib_a-reent.o)
 .ARM.attributes
                0x000008d7       0x2c c:/program files/openocd/windowstool/gcc-arm-none-eabi-10.3-2021.10/bin/../lib/gcc/arm-none-eabi/10.3.1/../../../../arm-none-eabi/lib/thumb/v6-m/nofp\libc_nano.a(lib_a-nano-msizer.o)
 .ARM.attributes
                0x00000903       0x2c c:/program files/openocd/windowstool/gcc-arm-none-eabi-10.3-2021.10/bin/../lib/gcc/arm-none-eabi/10.3.1/../../../../arm-none-eabi/lib/thumb/v6-m/nofp\libnosys.a(close.o)
 .ARM.attributes
                0x0000092f       0x2c c:/program files/openocd/windowstool/gcc-arm-none-eabi-10.3-2021.10/bin/../lib/gcc/arm-none-eabi/10.3.1/../../../../arm-none-eabi/lib/thumb/v6-m/nofp\libnosys.a(fstat.o)
 .ARM.attributes
                0x0000095b       0x2c c:/program files/openocd/windowstool/gcc-arm-none-eabi-10.3-2021.10/bin/../lib/gcc/arm-none-eabi/10.3.1/../../../../arm-none-eabi/lib/thumb/v6-m/nofp\libnosys.a(isatty.o)
 .ARM.attributes
                0x00000987       0x2c c:/program files/openocd/windowstool/gcc-arm-none-eabi-10.3-2021.10/bin/../lib/gcc/arm-none-eabi/10.3.1/../../../../arm-none-eabi/lib/thumb/v6-m/nofp\libnosys.a(lseek.o)
 .ARM.attributes
                0x000009b3       0x2c c:/program files/openocd/windowstool/gcc-arm-none-eabi-10.3-2021.10/bin/../lib/gcc/arm-none-eabi/10.3.1/../../../../arm-none-eabi/lib/thumb/v6-m/nofp\libnosys.a(read.o)
 .ARM.attributes
                0x000009df       0x2c c:/program files/openocd/windowstool/gcc-arm-none-eabi-10.3-2021.10/bin/../lib/gcc/arm-none-eabi/10.3.1/../../../../arm-none-eabi/lib/thumb/v6-m/nofp\libnosys.a(sbrk.o)
 .ARM.attributes
                0x00000a0b       0x2c c:/program files/openocd/windowstool/gcc-arm-none-eabi-10.3-2021.10/bin/../lib/gcc/arm-none-eabi/10.3.1/../../../../arm-none-eabi/lib/thumb/v6-m/nofp\libnosys.a(write.o)
 .ARM.attributes
                0x00000a37       0x1e c:/program files/openocd/windowstool/gcc-arm-none-eabi-10.3-2021.10/bin/../lib/gcc/arm-none-eabi/10.3.1/thumb/v6-m/nofp\libgcc.a(_thumb1_case_shi.o)
 .ARM.attributes
                0x00000a55       0x1e c:/program files/openocd/windowstool/gcc-arm-none-eabi-10.3-2021.10/bin/../lib/gcc/arm-none-eabi/10.3.1/thumb/v6-m/nofp\libgcc.a(_udivsi3.o)
 .ARM.attributes
                0x00000a73       0x1e c:/program files/openocd/windowstool/gcc-arm-none-eabi-10.3-2021.10/bin/../lib/gcc/arm-none-eabi/10.3.1/thumb/v6-m/nofp\libgcc.a(_dvmd_tls.o)
 .ARM.attributes
                0x00000a91       0x2c c:/program files/openocd/windowstool/gcc-arm-none-eabi-10.3-2021.10/bin/../lib/gcc/arm-none-eabi/10.3.1/thumb/v6-m/nofp\libgcc.a(_fixunsdfsi.o)
 .ARM.attributes
                0x00000abd       0x2c c:/program files/openocd/windowstool/gcc-arm-none-eabi-10.3-2021.10/bin/../lib/gcc/arm-none-eabi/10.3.1/thumb/v6-m/nofp\libgcc.a(addsf3.o)
 .ARM.attributes
                0x00000ae9       0x2c c:/program files/openocd/windowstool/gcc-arm-none-eabi-10.3-2021.10/bin/../lib/gcc/arm-none-eabi/10.3.1/thumb/v6-m/nofp\libgcc.a(divsf3.o)
 .ARM.attributes
                0x00000b15       0x2c c:/program files/openocd/windowstool/gcc-arm-none-eabi-10.3-2021.10/bin/../lib/gcc/arm-none-eabi/10.3.1/thumb/v6-m/nofp\libgcc.a(mulsf3.o)
 .ARM.attributes
                0x00000b41       0x2c c:/program files/openocd/windowstool/gcc-arm-none-eabi-10.3-2021.10/bin/../lib/gcc/arm-none-eabi/10.3.1/thumb/v6-m/nofp\libgcc.a(subsf3.o)
 .ARM.attributes
                0x00000b6d       0x2c c:/program files/openocd/windowstool/gcc-arm-none-eabi-10.3-2021.10/bin/../lib/gcc/arm-none-eabi/10.3.1/thumb/v6-m/nofp\libgcc.a(fixsfsi.o)
 .ARM.attributes
                0x00000b99       0x2c c:/program files/openocd/windowstool/gcc-arm-none-eabi-10.3-2021.10/bin/../lib/gcc/arm-none-eabi/10.3.1/thumb/v6-m/nofp\libgcc.a(floatsisf.o)
 .ARM.attributes
                0x00000bc5       0x2c c:/program files/openocd/windowstool/gcc-arm-none-eabi-10.3-2021.10/bin/../lib/gcc/arm-none-eabi/10.3.1/thumb/v6-m/nofp\libgcc.a(floatunsisf.o)
 .ARM.attributes
                0x00000bf1       0x2c c:/program files/openocd/windowstool/gcc-arm-none-eabi-10.3-2021.10/bin/../lib/gcc/arm-none-eabi/10.3.1/thumb/v6-m/nofp\libgcc.a(divdf3.o)
 .ARM.attributes
                0x00000c1d       0x2c c:/program files/openocd/windowstool/gcc-arm-none-eabi-10.3-2021.10/bin/../lib/gcc/arm-none-eabi/10.3.1/thumb/v6-m/nofp\libgcc.a(muldf3.o)
 .ARM.attributes
                0x00000c49       0x2c c:/program files/openocd/windowstool/gcc-arm-none-eabi-10.3-2021.10/bin/../lib/gcc/arm-none-eabi/10.3.1/thumb/v6-m/nofp\libgcc.a(subdf3.o)
 .ARM.attributes
                0x00000c75       0x2c c:/program files/openocd/windowstool/gcc-arm-none-eabi-10.3-2021.10/bin/../lib/gcc/arm-none-eabi/10.3.1/thumb/v6-m/nofp\libgcc.a(fixdfsi.o)
 .ARM.attributes
                0x00000ca1       0x2c c:/program files/openocd/windowstool/gcc-arm-none-eabi-10.3-2021.10/bin/../lib/gcc/arm-none-eabi/10.3.1/thumb/v6-m/nofp\libgcc.a(floatunsidf.o)
 .ARM.attributes
                0x00000ccd       0x2c c:/program files/openocd/windowstool/gcc-arm-none-eabi-10.3-2021.10/bin/../lib/gcc/arm-none-eabi/10.3.1/thumb/v6-m/nofp\libgcc.a(extendsfdf2.o)
 .ARM.attributes
                0x00000cf9       0x1e c:/program files/openocd/windowstool/gcc-arm-none-eabi-10.3-2021.10/bin/../lib/gcc/arm-none-eabi/10.3.1/thumb/v6-m/nofp\libgcc.a(_arm_cmpdf2.o)
 .ARM.attributes
                0x00000d17       0x1e c:/program files/openocd/windowstool/gcc-arm-none-eabi-10.3-2021.10/bin/../lib/gcc/arm-none-eabi/10.3.1/thumb/v6-m/nofp\libgcc.a(_clzsi2.o)
 .ARM.attributes
                0x00000d35       0x2c c:/program files/openocd/windowstool/gcc-arm-none-eabi-10.3-2021.10/bin/../lib/gcc/arm-none-eabi/10.3.1/thumb/v6-m/nofp\libgcc.a(eqdf2.o)
 .ARM.attributes
                0x00000d61       0x2c c:/program files/openocd/windowstool/gcc-arm-none-eabi-10.3-2021.10/bin/../lib/gcc/arm-none-eabi/10.3.1/thumb/v6-m/nofp\libgcc.a(gedf2.o)
 .ARM.attributes
                0x00000d8d       0x2c c:/program files/openocd/windowstool/gcc-arm-none-eabi-10.3-2021.10/bin/../lib/gcc/arm-none-eabi/10.3.1/thumb/v6-m/nofp\libgcc.a(ledf2.o)
 .ARM.attributes
                0x00000db9       0x1e c:/program files/openocd/windowstool/gcc-arm-none-eabi-10.3-2021.10/bin/../lib/gcc/arm-none-eabi/10.3.1/thumb/v6-m/nofp/crtn.o
OUTPUT(build/tempcode.elf elf32-littlearm)
LOAD linker stubs
LOAD c:/program files/openocd/windowstool/gcc-arm-none-eabi-10.3-2021.10/bin/../lib/gcc/arm-none-eabi/10.3.1/../../../../arm-none-eabi/lib/thumb/v6-m/nofp\libc.a
LOAD c:/program files/openocd/windowstool/gcc-arm-none-eabi-10.3-2021.10/bin/../lib/gcc/arm-none-eabi/10.3.1/../../../../arm-none-eabi/lib/thumb/v6-m/nofp\libm.a
LOAD c:/program files/openocd/windowstool/gcc-arm-none-eabi-10.3-2021.10/bin/../lib/gcc/arm-none-eabi/10.3.1/thumb/v6-m/nofp\libgcc.a

.debug_info     0x00000000    0x180c4
 .debug_info    0x00000000      0x8b0 build/24c02.o
 .debug_info    0x000008b0      0x39d build/595.o
 .debug_info    0x00000c4d      0xdeb build/control.o
 .debug_info    0x00001a38     0x2756 build/main.o
 .debug_info    0x0000418e     0x18f8 build/stm32f0xx_hal_msp.o
 .debug_info    0x00005a86      0x976 build/stm32f0xx_it.o
 .debug_info    0x000063fc      0x2bc build/system_stm32f0xx.o
 .debug_info    0x000066b8     0x3134 build/tm1640.o
 .debug_info    0x000097ec     0x10b0 build/stm32f0xx_hal_adc.o
 .debug_info    0x0000a89c      0xb22 build/stm32f0xx_hal_rcc.o
 .debug_info    0x0000b3be      0x41c build/stm32f0xx_hal_rcc_ex.o
 .debug_info    0x0000b7da      0x7e8 build/stm32f0xx_hal.o
 .debug_info    0x0000bfc2     0x415a build/stm32f0xx_hal_i2c.o
 .debug_info    0x0001011c      0x90c build/stm32f0xx_hal_i2c_ex.o
 .debug_info    0x00010a28      0x6c5 build/stm32f0xx_hal_gpio.o
 .debug_info    0x000110ed      0x91b build/stm32f0xx_hal_dma.o
 .debug_info    0x00011a08      0x8ac build/stm32f0xx_hal_cortex.o
 .debug_info    0x000122b4     0x3d81 build/stm32f0xx_hal_tim.o
 .debug_info    0x00016035     0x206d build/stm32f0xx_hal_uart.o
 .debug_info    0x000180a2       0x22 build/startup_stm32f030x8.o

.debug_abbrev   0x00000000     0x2b4c
 .debug_abbrev  0x00000000      0x1d6 build/24c02.o
 .debug_abbrev  0x000001d6      0x18a build/595.o
 .debug_abbrev  0x00000360      0x2dc build/control.o
 .debug_abbrev  0x0000063c      0x3b6 build/main.o
 .debug_abbrev  0x000009f2      0x24b build/stm32f0xx_hal_msp.o
 .debug_abbrev  0x00000c3d      0x1a0 build/stm32f0xx_it.o
 .debug_abbrev  0x00000ddd      0x134 build/system_stm32f0xx.o
 .debug_abbrev  0x00000f11      0x2c4 build/tm1640.o
 .debug_abbrev  0x000011d5      0x24d build/stm32f0xx_hal_adc.o
 .debug_abbrev  0x00001422      0x294 build/stm32f0xx_hal_rcc.o
 .debug_abbrev  0x000016b6      0x1ab build/stm32f0xx_hal_rcc_ex.o
 .debug_abbrev  0x00001861      0x249 build/stm32f0xx_hal.o
 .debug_abbrev  0x00001aaa      0x2ba build/stm32f0xx_hal_i2c.o
 .debug_abbrev  0x00001d64      0x1c6 build/stm32f0xx_hal_i2c_ex.o
 .debug_abbrev  0x00001f2a      0x222 build/stm32f0xx_hal_gpio.o
 .debug_abbrev  0x0000214c      0x212 build/stm32f0xx_hal_dma.o
 .debug_abbrev  0x0000235e      0x2ab build/stm32f0xx_hal_cortex.o
 .debug_abbrev  0x00002609      0x2a7 build/stm32f0xx_hal_tim.o
 .debug_abbrev  0x000028b0      0x28a build/stm32f0xx_hal_uart.o
 .debug_abbrev  0x00002b3a       0x12 build/startup_stm32f030x8.o

.debug_loc      0x00000000    0x11b60
 .debug_loc     0x00000000      0x372 build/24c02.o
 .debug_loc     0x00000372       0x9f build/595.o
 .debug_loc     0x00000411      0x530 build/control.o
 .debug_loc     0x00000941      0x454 build/main.o
 .debug_loc     0x00000d95      0x30a build/stm32f0xx_hal_msp.o
 .debug_loc     0x0000109f       0xc0 build/stm32f0xx_it.o
 .debug_loc     0x0000115f      0x187 build/system_stm32f0xx.o
 .debug_loc     0x000012e6      0x50e build/tm1640.o
 .debug_loc     0x000017f4     0x10d7 build/stm32f0xx_hal_adc.o
 .debug_loc     0x000028cb      0x72b build/stm32f0xx_hal_rcc.o
 .debug_loc     0x00002ff6      0x3e3 build/stm32f0xx_hal_rcc_ex.o
 .debug_loc     0x000033d9      0x1e1 build/stm32f0xx_hal.o
 .debug_loc     0x000035ba     0x53da build/stm32f0xx_hal_i2c.o
 .debug_loc     0x00008994      0x1d2 build/stm32f0xx_hal_i2c_ex.o
 .debug_loc     0x00008b66      0x41f build/stm32f0xx_hal_gpio.o
 .debug_loc     0x00008f85      0xa87 build/stm32f0xx_hal_dma.o
 .debug_loc     0x00009a0c      0x473 build/stm32f0xx_hal_cortex.o
 .debug_loc     0x00009e7f     0x5941 build/stm32f0xx_hal_tim.o
 .debug_loc     0x0000f7c0     0x23a0 build/stm32f0xx_hal_uart.o

.debug_aranges  0x00000000      0xf78
 .debug_aranges
                0x00000000       0x28 build/24c02.o
 .debug_aranges
                0x00000028       0x30 build/595.o
 .debug_aranges
                0x00000058       0x88 build/control.o
 .debug_aranges
                0x000000e0       0x98 build/main.o
 .debug_aranges
                0x00000178       0x58 build/stm32f0xx_hal_msp.o
 .debug_aranges
                0x000001d0       0x68 build/stm32f0xx_it.o
 .debug_aranges
                0x00000238       0x28 build/system_stm32f0xx.o
 .debug_aranges
                0x00000260       0x70 build/tm1640.o
 .debug_aranges
                0x000002d0       0xf8 build/stm32f0xx_hal_adc.o
 .debug_aranges
                0x000003c8       0x80 build/stm32f0xx_hal_rcc.o
 .debug_aranges
                0x00000448       0x30 build/stm32f0xx_hal_rcc_ex.o
 .debug_aranges
                0x00000478       0xd0 build/stm32f0xx_hal.o
 .debug_aranges
                0x00000548      0x290 build/stm32f0xx_hal_i2c.o
 .debug_aranges
                0x000007d8       0x38 build/stm32f0xx_hal_i2c_ex.o
 .debug_aranges
                0x00000810       0x58 build/stm32f0xx_hal_gpio.o
 .debug_aranges
                0x00000868       0x88 build/stm32f0xx_hal_dma.o
 .debug_aranges
                0x000008f0       0x78 build/stm32f0xx_hal_cortex.o
 .debug_aranges
                0x00000968      0x3d0 build/stm32f0xx_hal_tim.o
 .debug_aranges
                0x00000d38      0x218 build/stm32f0xx_hal_uart.o
 .debug_aranges
                0x00000f50       0x28 build/startup_stm32f030x8.o

.debug_ranges   0x00000000      0xee8
 .debug_ranges  0x00000000       0x18 build/24c02.o
 .debug_ranges  0x00000018       0x20 build/595.o
 .debug_ranges  0x00000038       0x78 build/control.o
 .debug_ranges  0x000000b0       0xa0 build/main.o
 .debug_ranges  0x00000150       0x48 build/stm32f0xx_hal_msp.o
 .debug_ranges  0x00000198       0x58 build/stm32f0xx_it.o
 .debug_ranges  0x000001f0       0x18 build/system_stm32f0xx.o
 .debug_ranges  0x00000208       0x60 build/tm1640.o
 .debug_ranges  0x00000268       0xe8 build/stm32f0xx_hal_adc.o
 .debug_ranges  0x00000350       0x88 build/stm32f0xx_hal_rcc.o
 .debug_ranges  0x000003d8       0x38 build/stm32f0xx_hal_rcc_ex.o
 .debug_ranges  0x00000410       0xc0 build/stm32f0xx_hal.o
 .debug_ranges  0x000004d0      0x280 build/stm32f0xx_hal_i2c.o
 .debug_ranges  0x00000750       0x28 build/stm32f0xx_hal_i2c_ex.o
 .debug_ranges  0x00000778       0x48 build/stm32f0xx_hal_gpio.o
 .debug_ranges  0x000007c0       0x78 build/stm32f0xx_hal_dma.o
 .debug_ranges  0x00000838       0xc8 build/stm32f0xx_hal_cortex.o
 .debug_ranges  0x00000900      0x3c0 build/stm32f0xx_hal_tim.o
 .debug_ranges  0x00000cc0      0x208 build/stm32f0xx_hal_uart.o
 .debug_ranges  0x00000ec8       0x20 build/startup_stm32f030x8.o

.debug_line     0x00000000    0x16a3d
 .debug_line    0x00000000      0x38f build/24c02.o
 .debug_line    0x0000038f      0x260 build/595.o
 .debug_line    0x000005ef      0x80c build/control.o
 .debug_line    0x00000dfb      0xcf8 build/main.o
 .debug_line    0x00001af3      0x5da build/stm32f0xx_hal_msp.o
 .debug_line    0x000020cd      0x35f build/stm32f0xx_it.o
 .debug_line    0x0000242c      0x235 build/system_stm32f0xx.o
 .debug_line    0x00002661     0x51e0 build/tm1640.o
 .debug_line    0x00007841      0xfee build/stm32f0xx_hal_adc.o
 .debug_line    0x0000882f      0xb72 build/stm32f0xx_hal_rcc.o
 .debug_line    0x000093a1      0x49b build/stm32f0xx_hal_rcc_ex.o
 .debug_line    0x0000983c      0x516 build/stm32f0xx_hal.o
 .debug_line    0x00009d52     0x4927 build/stm32f0xx_hal_i2c.o
 .debug_line    0x0000e679      0x3af build/stm32f0xx_hal_i2c_ex.o
 .debug_line    0x0000ea28      0x66a build/stm32f0xx_hal_gpio.o
 .debug_line    0x0000f092      0xa01 build/stm32f0xx_hal_dma.o
 .debug_line    0x0000fa93      0x522 build/stm32f0xx_hal_cortex.o
 .debug_line    0x0000ffb5     0x4818 build/stm32f0xx_hal_tim.o
 .debug_line    0x000147cd     0x21f9 build/stm32f0xx_hal_uart.o
 .debug_line    0x000169c6       0x77 build/startup_stm32f030x8.o

.debug_str      0x00000000     0x461e
 .debug_str     0x00000000      0x600 build/24c02.o
                                0x6c8 (size before relaxing)
 .debug_str     0x00000600       0xc5 build/595.o
                                0x236 (size before relaxing)
 .debug_str     0x000006c5      0x260 build/control.o
                                0x47e (size before relaxing)
 .debug_str     0x00000925      0xd64 build/main.o
                               0x14fa (size before relaxing)
 .debug_str     0x00001689       0xfb build/stm32f0xx_hal_msp.o
                               0x104d (size before relaxing)
 .debug_str     0x00001784      0x15a build/stm32f0xx_it.o
                                0x740 (size before relaxing)
 .debug_str     0x000018de       0x96 build/system_stm32f0xx.o
                                0x258 (size before relaxing)
 .debug_str     0x00001974      0x15d build/tm1640.o
                                0x845 (size before relaxing)
 .debug_str     0x00001ad1      0x2c6 build/stm32f0xx_hal_adc.o
                                0x8c9 (size before relaxing)
 .debug_str     0x00001d97      0x20f build/stm32f0xx_hal_rcc.o
                                0x63c (size before relaxing)
 .debug_str     0x00001fa6       0x94 build/stm32f0xx_hal_rcc_ex.o
                                0x393 (size before relaxing)
 .debug_str     0x0000203a      0x251 build/stm32f0xx_hal.o
                                0x681 (size before relaxing)
 .debug_str     0x0000228b      0x858 build/stm32f0xx_hal_i2c.o
                                0xf56 (size before relaxing)
 .debug_str     0x00002ae3       0x9c build/stm32f0xx_hal_i2c_ex.o
                                0x78d (size before relaxing)
 .debug_str     0x00002b7f       0xe1 build/stm32f0xx_hal_gpio.o
                                0x3db (size before relaxing)
 .debug_str     0x00002c60      0x1df build/stm32f0xx_hal_dma.o
                                0x5fe (size before relaxing)
 .debug_str     0x00002e3f      0x243 build/stm32f0xx_hal_cortex.o
                                0x5cc (size before relaxing)
 .debug_str     0x00003082      0xebe build/stm32f0xx_hal_tim.o
                               0x1613 (size before relaxing)
 .debug_str     0x00003f40      0x6ba build/stm32f0xx_hal_uart.o
                                0xe1e (size before relaxing)
 .debug_str     0x000045fa       0x24 build/startup_stm32f030x8.o
                                 0x4d (size before relaxing)

.comment        0x00000000       0x49
 .comment       0x00000000       0x49 build/24c02.o
                                 0x4a (size before relaxing)
 .comment       0x00000049       0x4a build/595.o
 .comment       0x00000049       0x4a build/control.o
 .comment       0x00000049       0x4a build/main.o
 .comment       0x00000049       0x4a build/stm32f0xx_hal_msp.o
 .comment       0x00000049       0x4a build/stm32f0xx_it.o
 .comment       0x00000049       0x4a build/system_stm32f0xx.o
 .comment       0x00000049       0x4a build/tm1640.o
 .comment       0x00000049       0x4a build/stm32f0xx_hal_adc.o
 .comment       0x00000049       0x4a build/stm32f0xx_hal_rcc.o
 .comment       0x00000049       0x4a build/stm32f0xx_hal_rcc_ex.o
 .comment       0x00000049       0x4a build/stm32f0xx_hal.o
 .comment       0x00000049       0x4a build/stm32f0xx_hal_i2c.o
 .comment       0x00000049       0x4a build/stm32f0xx_hal_i2c_ex.o
 .comment       0x00000049       0x4a build/stm32f0xx_hal_gpio.o
 .comment       0x00000049       0x4a build/stm32f0xx_hal_dma.o
 .comment       0x00000049       0x4a build/stm32f0xx_hal_cortex.o
 .comment       0x00000049       0x4a build/stm32f0xx_hal_tim.o
 .comment       0x00000049       0x4a build/stm32f0xx_hal_uart.o

.debug_frame    0x00000000     0x369c
 .debug_frame   0x00000000       0x60 build/24c02.o
 .debug_frame   0x00000060       0x58 build/595.o
 .debug_frame   0x000000b8      0x188 build/control.o
 .debug_frame   0x00000240      0x1a8 build/main.o
 .debug_frame   0x000003e8       0xd4 build/stm32f0xx_hal_msp.o
 .debug_frame   0x000004bc       0xe0 build/stm32f0xx_it.o
 .debug_frame   0x0000059c       0x38 build/system_stm32f0xx.o
 .debug_frame   0x000005d4      0x144 build/tm1640.o
 .debug_frame   0x00000718      0x2a0 build/stm32f0xx_hal_adc.o
 .debug_frame   0x000009b8      0x138 build/stm32f0xx_hal_rcc.o
 .debug_frame   0x00000af0       0x58 build/stm32f0xx_hal_rcc_ex.o
 .debug_frame   0x00000b48      0x1ac build/stm32f0xx_hal.o
 .debug_frame   0x00000cf4      0x860 build/stm32f0xx_hal_i2c.o
 .debug_frame   0x00001554       0x78 build/stm32f0xx_hal_i2c_ex.o
 .debug_frame   0x000015cc       0xc8 build/stm32f0xx_hal_gpio.o
 .debug_frame   0x00001694      0x168 build/stm32f0xx_hal_dma.o
 .debug_frame   0x000017fc       0xe4 build/stm32f0xx_hal_cortex.o
 .debug_frame   0x000018e0      0xadc build/stm32f0xx_hal_tim.o
 .debug_frame   0x000023bc      0x5b4 build/stm32f0xx_hal_uart.o
 .debug_frame   0x00002970       0x2c c:/program files/openocd/windowstool/gcc-arm-none-eabi-10.3-2021.10/bin/../lib/gcc/arm-none-eabi/10.3.1/../../../../arm-none-eabi/lib/thumb/v6-m/nofp\libc_nano.a(lib_a-init.o)
 .debug_frame   0x0000299c       0x28 c:/program files/openocd/windowstool/gcc-arm-none-eabi-10.3-2021.10/bin/../lib/gcc/arm-none-eabi/10.3.1/../../../../arm-none-eabi/lib/thumb/v6-m/nofp\libc_nano.a(lib_a-memcpy-stub.o)