Archive member included to satisfy reference by file (symbol)

c:/program files/gcc-arm-none-eabi-10.3-2021.10/bin/../lib/gcc/arm-none-eabi/10.3.1/../../../../arm-none-eabi/lib/thumb/v6-m/nofp\libc_nano.a(lib_a-exit.o)
                              c:/program files/gcc-arm-none-eabi-10.3-2021.10/bin/../lib/gcc/arm-none-eabi/10.3.1/../../../../arm-none-eabi/lib/thumb/v6-m/nofp/crt0.o (exit)
c:/program files/gcc-arm-none-eabi-10.3-2021.10/bin/../lib/gcc/arm-none-eabi/10.3.1/../../../../arm-none-eabi/lib/thumb/v6-m/nofp\libc_nano.a(lib_a-impure.o)
                              c:/program files/gcc-arm-none-eabi-10.3-2021.10/bin/../lib/gcc/arm-none-eabi/10.3.1/../../../../arm-none-eabi/lib/thumb/v6-m/nofp\libc_nano.a(lib_a-exit.o) (_global_impure_ptr)
c:/program files/gcc-arm-none-eabi-10.3-2021.10/bin/../lib/gcc/arm-none-eabi/10.3.1/../../../../arm-none-eabi/lib/thumb/v6-m/nofp\libc_nano.a(lib_a-init.o)
                              c:/program files/gcc-arm-none-eabi-10.3-2021.10/bin/../lib/gcc/arm-none-eabi/10.3.1/../../../../arm-none-eabi/lib/thumb/v6-m/nofp/crt0.o (__libc_init_array)
c:/program files/gcc-arm-none-eabi-10.3-2021.10/bin/../lib/gcc/arm-none-eabi/10.3.1/../../../../arm-none-eabi/lib/thumb/v6-m/nofp\libc_nano.a(lib_a-memcpy-stub.o)
                              build/u2com.o (memcpy)
c:/program files/gcc-arm-none-eabi-10.3-2021.10/bin/../lib/gcc/arm-none-eabi/10.3.1/../../../../arm-none-eabi/lib/thumb/v6-m/nofp\libc_nano.a(lib_a-memset.o)
                              c:/program files/gcc-arm-none-eabi-10.3-2021.10/bin/../lib/gcc/arm-none-eabi/10.3.1/../../../../arm-none-eabi/lib/thumb/v6-m/nofp/crt0.o (memset)
c:/program files/gcc-arm-none-eabi-10.3-2021.10/bin/../lib/gcc/arm-none-eabi/10.3.1/../../../../arm-none-eabi/lib/thumb/v6-m/nofp\libc_nano.a(lib_a-puts.o)
                              build/24c02.o (puts)
c:/program files/gcc-arm-none-eabi-10.3-2021.10/bin/../lib/gcc/arm-none-eabi/10.3.1/../../../../arm-none-eabi/lib/thumb/v6-m/nofp\libc_nano.a(lib_a-sprintf.o)
                              build/control.o (sprintf)
c:/program files/gcc-arm-none-eabi-10.3-2021.10/bin/../lib/gcc/arm-none-eabi/10.3.1/../../../../arm-none-eabi/lib/thumb/v6-m/nofp\libc_nano.a(lib_a-wbuf.o)
                              c:/program files/gcc-arm-none-eabi-10.3-2021.10/bin/../lib/gcc/arm-none-eabi/10.3.1/../../../../arm-none-eabi/lib/thumb/v6-m/nofp\libc_nano.a(lib_a-puts.o) (__swbuf_r)
c:/program files/gcc-arm-none-eabi-10.3-2021.10/bin/../lib/gcc/arm-none-eabi/10.3.1/../../../../arm-none-eabi/lib/thumb/v6-m/nofp\libc_nano.a(lib_a-wsetup.o)
                              c:/program files/gcc-arm-none-eabi-10.3-2021.10/bin/../lib/gcc/arm-none-eabi/10.3.1/../../../../arm-none-eabi/lib/thumb/v6-m/nofp\libc_nano.a(lib_a-puts.o) (__swsetup_r)
c:/program files/gcc-arm-none-eabi-10.3-2021.10/bin/../lib/gcc/arm-none-eabi/10.3.1/../../../../arm-none-eabi/lib/thumb/v6-m/nofp\libc_nano.a(lib_a-fflush.o)
                              c:/program files/gcc-arm-none-eabi-10.3-2021.10/bin/../lib/gcc/arm-none-eabi/10.3.1/../../../../arm-none-eabi/lib/thumb/v6-m/nofp\libc_nano.a(lib_a-wbuf.o) (_fflush_r)
c:/program files/gcc-arm-none-eabi-10.3-2021.10/bin/../lib/gcc/arm-none-eabi/10.3.1/../../../../arm-none-eabi/lib/thumb/v6-m/nofp\libc_nano.a(lib_a-findfp.o)
                              c:/program files/gcc-arm-none-eabi-10.3-2021.10/bin/../lib/gcc/arm-none-eabi/10.3.1/../../../../arm-none-eabi/lib/thumb/v6-m/nofp\libc_nano.a(lib_a-puts.o) (__sinit)
c:/program files/gcc-arm-none-eabi-10.3-2021.10/bin/../lib/gcc/arm-none-eabi/10.3.1/../../../../arm-none-eabi/lib/thumb/v6-m/nofp\libc_nano.a(lib_a-fwalk.o)
                              c:/program files/gcc-arm-none-eabi-10.3-2021.10/bin/../lib/gcc/arm-none-eabi/10.3.1/../../../../arm-none-eabi/lib/thumb/v6-m/nofp\libc_nano.a(lib_a-findfp.o) (_fwalk)
c:/program files/gcc-arm-none-eabi-10.3-2021.10/bin/../lib/gcc/arm-none-eabi/10.3.1/../../../../arm-none-eabi/lib/thumb/v6-m/nofp\libc_nano.a(lib_a-lock.o)
                              c:/program files/gcc-arm-none-eabi-10.3-2021.10/bin/../lib/gcc/arm-none-eabi/10.3.1/../../../../arm-none-eabi/lib/thumb/v6-m/nofp\libc_nano.a(lib_a-findfp.o) (__retarget_lock_init_recursive)
c:/program files/gcc-arm-none-eabi-10.3-2021.10/bin/../lib/gcc/arm-none-eabi/10.3.1/../../../../arm-none-eabi/lib/thumb/v6-m/nofp\libc_nano.a(lib_a-makebuf.o)
                              c:/program files/gcc-arm-none-eabi-10.3-2021.10/bin/../lib/gcc/arm-none-eabi/10.3.1/../../../../arm-none-eabi/lib/thumb/v6-m/nofp\libc_nano.a(lib_a-wsetup.o) (__smakebuf_r)
c:/program files/gcc-arm-none-eabi-10.3-2021.10/bin/../lib/gcc/arm-none-eabi/10.3.1/../../../../arm-none-eabi/lib/thumb/v6-m/nofp\libc_nano.a(lib_a-nano-freer.o)
                              c:/program files/gcc-arm-none-eabi-10.3-2021.10/bin/../lib/gcc/arm-none-eabi/10.3.1/../../../../arm-none-eabi/lib/thumb/v6-m/nofp\libc_nano.a(lib_a-wsetup.o) (_free_r)
[...]
Memory Configuration

Name             Origin             Length             Attributes
RAM              0x20000000         0x00002000         xrw
FLASH            0x08000000         0x00010000         xr
*default*        0x00000000         0xffffffff

Linker script and memory map

LOAD c:/program files/gcc-arm-none-eabi-10.3-2021.10/bin/../lib/gcc/arm-none-eabi/10.3.1/thumb/v6-m/nofp/crti.o
LOAD c:/program files/gcc-arm-none-eabi-10.3-2021.10/bin/../lib/gcc/arm-none-eabi/10.3.1/thumb/v6-m/nofp/crtbegin.o
LOAD c:/program files/gcc-arm-none-eabi-10.3-2021.10/bin/../lib/gcc/arm-none-eabi/10.3.1/../../../../arm-none-eabi/lib/thumb/v6-m/nofp/crt0.o
LOAD build/main.o
LOAD build/param.o
LOAD build/tm1640driver.o
LOAD build/ds18b20.o
LOAD build/24c02.o
LOAD build/control.o
LOAD build/u2com.o
LOAD build/smg.o
LOAD build/DHT.o
LOAD build/tlc5615.o
LOAD build/stm32f0xx_it.o
LOAD build/stm32f0xx_hal_msp.o
LOAD build/stm32f0xx_hal_adc.o
LOAD build/stm32f0xx_hal_adc_ex.o
LOAD build/stm32f0xx_hal_rcc.o
LOAD build/stm32f0xx_hal_rcc_ex.o
LOAD build/stm32f0xx_hal.o
LOAD build/stm32f0xx_hal_i2c.o
LOAD build/stm32f0xx_hal_i2c_ex.o
LOAD build/stm32f0xx_hal_gpio.o
LOAD build/stm32f0xx_hal_dma.o
LOAD build/stm32f0xx_hal_cortex.o
LOAD build/stm32f0xx_hal_pwr.o
LOAD build/stm32f0xx_hal_pwr_ex.o
LOAD build/stm32f0xx_hal_flash.o
LOAD build/stm32f0xx_hal_flash_ex.o
LOAD build/stm32f0xx_hal_exti.o
LOAD build/stm32f0xx_hal_iwdg.o
LOAD build/stm32f0xx_hal_tim.o
LOAD build/stm32f0xx_hal_tim_ex.o
LOAD build/stm32f0xx_hal_uart.o
LOAD build/stm32f0xx_hal_uart_ex.o
LOAD build/system_stm32f0xx.o
LOAD build/startup_stm32f030x8.o
LOAD c:/program files/gcc-arm-none-eabi-10.3-2021.10/bin/../lib/gcc/arm-none-eabi/10.3.1/../../../../arm-none-eabi/lib/thumb/v6-m/nofp\libc_nano.a
LOAD c:/program files/gcc-arm-none-eabi-10.3-2021.10/bin/../lib/gcc/arm-none-eabi/10.3.1/../../../../arm-none-eabi/lib/thumb/v6-m/nofp\libm.a
LOAD c:/program files/gcc-arm-none-eabi-10.3-2021.10/bin/../lib/gcc/arm-none-eabi/10.3.1/../../../../arm-none-eabi/lib/thumb/v6-m/nofp\libnosys.a
START GROUP
LOAD c:/program files/gcc-arm-none-eabi-10.3-2021.10/bin/../lib/gcc/arm-none-eabi/10.3.1/thumb/v6-m/nofp\libgcc.a
LOAD c:/program files/gcc-arm-none-eabi-10.3-2021.10/bin/../lib/gcc/arm-none-eabi/10.3.1/../../../../arm-none-eabi/lib/thumb/v6-m/nofp\libc_nano.a
END GROUP
START GROUP
LOAD c:/program files/gcc-arm-none-eabi-10.3-2021.10/bin/../lib/gcc/arm-none-eabi/10.3.1/thumb/v6-m/nofp\libgcc.a
LOAD c:/program files/gcc-arm-none-eabi-10.3-2021.10/bin/../lib/gcc/arm-none-eabi/10.3.1/../../../../arm-none-eabi/lib/thumb/v6-m/nofp\libc_nano.a
END GROUP
LOAD c:/program files/gcc-arm-none-eabi-10.3-2021.10/bin/../lib/gcc/arm-none-eabi/10.3.1/thumb/v6-m/nofp/crtend.o
LOAD c:/program files/gcc-arm-none-eabi-10.3-2021.10/bin/../lib/gcc/arm-none-eabi/10.3.1/thumb/v6-m/nofp/crtn.o
                0x20002000                _estack = (ORIGIN (RAM) + LENGTH (RAM))
                0x00000200                _Min_Heap_Size = 0x200
                0x00000400                _Min_Stack_Size = 0x400

.isr_vector     0x08000000       0xc0
                0x08000000                . = ALIGN (0x4)
 *(.isr_vector)
 .isr_vector    0x08000000       0xc0 build/startup_stm32f030x8.o
                0x08000000                g_pfnVectors
                0x080000c0                . = ALIGN (0x4)

.text           0x080000c0     0xa4ac
                0x080000c0                . = ALIGN (0x4)
 *(.text)
 .text          0x080000c0       0x48 c:/program files/gcc-arm-none-eabi-10.3-2021.10/bin/../lib/gcc/arm-none-eabi/10.3.1/thumb/v6-m/nofp/crtbegin.o
 .text          0x08000108       0x14 c:/program files/gcc-arm-none-eabi-10.3-2021.10/bin/../lib/gcc/arm-none-eabi/10.3.1/thumb/v6-m/nofp\libgcc.a(_thumb1_case_shi.o)
                0x08000108                __gnu_thumb1_case_shi
 .text          0x0800011c      0x114 c:/program files/gcc-arm-none-eabi-10.3-2021.10/bin/../lib/gcc/arm-none-eabi/10.3.1/thumb/v6-m/nofp\libgcc.a(_udivsi3.o)
                0x0800011c                __aeabi_uidiv
                0x0800011c                __udivsi3
                0x08000228                __aeabi_uidivmod
 .text          0x08000230      0x1d4 c:/program files/gcc-arm-none-eabi-10.3-2021.10/bin/../lib/gcc/arm-none-eabi/10.3.1/thumb/v6-m/nofp\libgcc.a(_divsi3.o)
                0x08000230                __divsi3
                0x08000230                __aeabi_idiv
                0x080003fc                __aeabi_idivmod
 .text          0x08000404        0x4 c:/program files/gcc-arm-none-eabi-10.3-2021.10/bin/../lib/gcc/arm-none-eabi/10.3.1/thumb/v6-m/nofp\libgcc.a(_dvmd_tls.o)
                0x08000404                __aeabi_idiv0
                0x08000404                __aeabi_ldiv0
 .text          0x08000408       0x74 c:/program files/gcc-arm-none-eabi-10.3-2021.10/bin/../lib/gcc/arm-none-eabi/10.3.1/thumb/v6-m/nofp\libgcc.a(_arm_cmpsf2.o)
                0x08000408                __aeabi_cfrcmple
                0x08000410                __aeabi_cfcmpeq
                0x08000410                __aeabi_cfcmple
                0x08000420                __aeabi_fcmpeq
                0x0800042c                __aeabi_fcmplt
                0x08000440                __aeabi_fcmple
                0x08000454                __aeabi_fcmpgt
                0x08000468                __aeabi_fcmpge
 .text          0x0800047c       0x3c c:/program files/gcc-arm-none-eabi-10.3-2021.10/bin/../lib/gcc/arm-none-eabi/10.3.1/thumb/v6-m/nofp\libgcc.a(_fixunsdfsi.o)
                0x0800047c                __aeabi_d2uiz
                0x0800047c                __fixunsdfsi
 .text          0x080004b8      0x33c c:/program files/gcc-arm-none-eabi-10.3-2021.10/bin/../lib/gcc/arm-none-eabi/10.3.1/thumb/v6-m/nofp\libgcc.a(addsf3.o)
                0x080004b8                __aeabi_fadd
 .text          0x080007f4      0x230 c:/program files/gcc-arm-none-eabi-10.3-2021.10/bin/../lib/gcc/arm-none-eabi/10.3.1/thumb/v6-m/nofp\libgcc.a(divsf3.o)
                0x080007f4                __aeabi_fdiv
 .text          0x08000a24       0x4c c:/program files/gcc-arm-none-eabi-10.3-2021.10/bin/../lib/gcc/arm-none-eabi/10.3.1/thumb/v6-m/nofp\libgcc.a(eqsf2.o)
                0x08000a24                __eqsf2
                0x08000a24                __nesf2
 .text          0x08000a70       0x8c c:/program files/gcc-arm-none-eabi-10.3-2021.10/bin/../lib/gcc/arm-none-eabi/10.3.1/thumb/v6-m/nofp\libgcc.a(gesf2.o)
                0x08000a70                __gesf2
                0x08000a70                __gtsf2
 .text          0x08000afc       0x88 c:/program files/gcc-arm-none-eabi-10.3-2021.10/bin/../lib/gcc/arm-none-eabi/10.3.1/thumb/v6-m/nofp\libgcc.a(lesf2.o)
                0x08000afc                __ltsf2
                0x08000afc                __lesf2
 .text          0x08000b84      0x24c c:/program files/gcc-arm-none-eabi-10.3-2021.10/bin/../lib/gcc/arm-none-eabi/10.3.1/thumb/v6-m/nofp\libgcc.a(mulsf3.o)
                0x08000b84                __aeabi_fmul
 .text          0x08000dd0      0x35c c:/program files/gcc-arm-none-eabi-10.3-2021.10/bin/../lib/gcc/arm-none-eabi/10.3.1/thumb/v6-m/nofp\libgcc.a(subsf3.o)
                0x08000dd0                __aeabi_fsub
 .text          0x0800112c       0x40 c:/program files/gcc-arm-none-eabi-10.3-2021.10/bin/../lib/gcc/arm-none-eabi/10.3.1/thumb/v6-m/nofp\libgcc.a(fixsfsi.o)
                0x0800112c                __aeabi_f2iz
 .text          0x0800116c       0x9c c:/program files/gcc-arm-none-eabi-10.3-2021.10/bin/../lib/gcc/arm-none-eabi/10.3.1/thumb/v6-m/nofp\libgcc.a(floatsisf.o)
                0x0800116c                __aeabi_i2f
 .text          0x08001208       0x84 c:/program files/gcc-arm-none-eabi-10.3-2021.10/bin/../lib/gcc/arm-none-eabi/10.3.1/thumb/v6-m/nofp\libgcc.a(floatunsisf.o)
                0x08001208                __aeabi_ui2f
 .text          0x0800128c      0x4d8 c:/program files/gcc-arm-none-eabi-10.3-2021.10/bin/../lib/gcc/arm-none-eabi/10.3.1/thumb/v6-m/nofp\libgcc.a(muldf3.o)
                0x0800128c                __aeabi_dmul
 .text          0x08001764      0x724 c:/program files/gcc-arm-none-eabi-10.3-2021.10/bin/../lib/gcc/arm-none-eabi/10.3.1/thumb/v6-m/nofp\libgcc.a(subdf3.o)
                0x08001764                __aeabi_dsub
 .text          0x08001e88       0x6c c:/program files/gcc-arm-none-eabi-10.3-2021.10/bin/../lib/gcc/arm-none-eabi/10.3.1/thumb/v6-m/nofp\libgcc.a(fixdfsi.o)
                0x08001e88                __aeabi_d2iz
 .text          0x08001ef4       0x90 c:/program files/gcc-arm-none-eabi-10.3-2021.10/bin/../lib/gcc/arm-none-eabi/10.3.1/thumb/v6-m/nofp\libgcc.a(extendsfdf2.o)
                0x08001ef4                __aeabi_f2d
 .text          0x08001f84       0x7c c:/program files/gcc-arm-none-eabi-10.3-2021.10/bin/../lib/gcc/arm-none-eabi/10.3.1/thumb/v6-m/nofp\libgcc.a(_arm_cmpdf2.o)
                0x08001f84                __aeabi_cdrcmple
                0x08001f94                __aeabi_cdcmple
                0x08001f94                __aeabi_cdcmpeq
                0x08001fa4                __aeabi_dcmpeq
                0x08001fb0                __aeabi_dcmplt
                0x08001fc4                __aeabi_dcmple
                0x08001fd8                __aeabi_dcmpgt
                0x08001fec                __aeabi_dcmpge
 .text          0x08002000       0x3c c:/program files/gcc-arm-none-eabi-10.3-2021.10/bin/../lib/gcc/arm-none-eabi/10.3.1/thumb/v6-m/nofp\libgcc.a(_clzsi2.o)
                0x08002000                __clzsi2
 .text          0x0800203c       0x84 c:/program files/gcc-arm-none-eabi-10.3-2021.10/bin/../lib/gcc/arm-none-eabi/10.3.1/thumb/v6-m/nofp\libgcc.a(eqdf2.o)
                0x0800203c                __nedf2
                0x0800203c                __eqdf2
 .text          0x080020c0       0xcc c:/program files/gcc-arm-none-eabi-10.3-2021.10/bin/../lib/gcc/arm-none-eabi/10.3.1/thumb/v6-m/nofp\libgcc.a(gedf2.o)
                0x080020c0                __gedf2
                0x080020c0                __gtdf2
 .text          0x0800218c       0xc8 c:/program files/gcc-arm-none-eabi-10.3-2021.10/bin/../lib/gcc/arm-none-eabi/10.3.1/thumb/v6-m/nofp\libgcc.a(ledf2.o)
                0x0800218c                __ledf2
                0x0800218c                __ltdf2
 *(.text*)
 .text.MX_GPIO_Init
                0x08002254      0x150 build/main.o
 .text.MX_DMA_Init
                0x080023a4       0x50 build/main.o
 .text.MX_ADC_Init
                0x080023f4       0x64 build/main.o
 .text.MX_I2C1_Init
                0x08002458       0x44 build/main.o
 .text.MX_USART1_UART_Init
                0x0800249c       0x30 build/main.o
 .text.MX_USART2_UART_Init
                0x080024cc       0x30 build/main.o
 .text.SystemClock_Config
                0x080024fc       0x6c build/main.o
                0x080024fc                SystemClock_Config
 .text.main     0x08002568       0xe0 build/main.o
                0x08002568                main
 .text.Error_Handler
                0x08002648        0x2 build/main.o
                0x08002648                Error_Handler
 *fill*         0x0800264a        0x2 
 .text.LoadPara
                0x0800264c      0x2f8 build/param.o
                0x0800264c                LoadPara
 .text.TM1640_GPIO_Config
                0x08002944       0x20 build/tm1640driver.o
                0x08002944                TM1640_GPIO_Config
 .text.delay_us
                0x08002964        0xc build/tm1640driver.o
                0x08002964                delay_us
 .text.TM1640Start
                0x08002970       0x2c build/tm1640driver.o
                0x08002970                TM1640Start
 .text.TM1640Stop
                0x0800299c       0x38 build/tm1640driver.o
                0x0800299c                TM1640Stop
 .text.TM1640WriteByte
                0x080029d4       0x52 build/tm1640driver.o
                0x080029d4                TM1640WriteByte
 .text.SendDataLed
                0x08002a26       0x4c build/tm1640driver.o
                0x08002a26                SendDataLed
 *fill*         0x08002a72        0x2 
 .text.writeAT24C16
                0x08002a74       0xa0 build/24c02.o
                0x08002a74                writeAT24C16
 .text.readAT24C16
                0x08002b14       0xa0 build/24c02.o
                0x08002b14                readAT24C16
 .text.HAL_ADC_ConvCpltCallback
                0x08002bb4       0xdc build/control.o
                0x08002bb4                HAL_ADC_ConvCpltCallback
 .text.UpateShData
                0x08002c90     0x2c4c build/control.o
                0x08002c90                UpateShData
 .text.ReadKey  0x080058dc       0xec build/control.o
                0x080058dc                ReadKey
 .text.CRC16x   0x080059c8       0x34 build/u2com.o
                0x080059c8                CRC16x
 .text.LoadReadData
                0x080059fc      0x220 build/u2com.o
                0x080059fc                LoadReadData
 .text.u2RxIt   0x08005c1c      0x308 build/u2com.o
                0x08005c1c                u2RxIt
 .text.GetSmgOneData
                0x08005f24      0x570 build/smg.o
                0x08005f24                GetSmgOneData
 .text.getdisplaycode
                0x08006494       0x7c build/smg.o
                0x08006494                getdisplaycode
 .text.setShowsetDot
                0x08006510       0x68 build/smg.o
                0x08006510                setShowsetDot
 .text.goToOutput
                0x08006578       0x36 build/DHT.o
 .text.goToInput
                0x080065ae       0x24 build/DHT.o
 *fill*         0x080065d2        0x2 
 .text.DHT_getData
                0x080065d4      0x1ec build/DHT.o
                0x080065d4                DHT_getData
 .text.Init_TLC5615
                0x080067c0       0x3c build/tlc5615.o
                0x080067c0                Init_TLC5615
 .text.write_data_to_TLC5615
                0x080067fc       0xac build/tlc5615.o
                0x080067fc                write_data_to_TLC5615
 .text.TaDACOut
                0x080068a8       0x48 build/tlc5615.o
                0x080068a8                TaDACOut
 .text.NMI_Handler
                0x080068f0        0x2 build/stm32f0xx_it.o
                0x080068f0                NMI_Handler
 .text.HardFault_Handler
                0x080068f2        0x2 build/stm32f0xx_it.o
                0x080068f2                HardFault_Handler
 .text.SVC_Handler
                0x080068f4        0x2 build/stm32f0xx_it.o
                0x080068f4                SVC_Handler
 .text.PendSV_Handler
                0x080068f6        0x2 build/stm32f0xx_it.o
                0x080068f6                PendSV_Handler
 .text.SysTick_Handler
                0x080068f8       0x90 build/stm32f0xx_it.o
                0x080068f8                SysTick_Handler
 .text.DMA1_Channel1_IRQHandler
                0x08006988       0x10 build/stm32f0xx_it.o
                0x08006988                DMA1_Channel1_IRQHandler
 .text.DMA1_Channel2_3_IRQHandler
                0x08006998       0x10 build/stm32f0xx_it.o
                0x08006998                DMA1_Channel2_3_IRQHandler
 .text.DMA1_Channel4_5_IRQHandler
                0x080069a8       0x10 build/stm32f0xx_it.o
                0x080069a8                DMA1_Channel4_5_IRQHandler
 .text.USART1_IRQHandler
                0x080069b8       0x10 build/stm32f0xx_it.o
                0x080069b8                USART1_IRQHandler
 .text.USART2_IRQHandler
                0x080069c8       0x18 build/stm32f0xx_it.o
                0x080069c8                USART2_IRQHandler
 .text.HAL_MspInit
                0x080069e0       0x30 build/stm32f0xx_hal_msp.o
                0x080069e0                HAL_MspInit
 .text.HAL_ADC_MspInit
                0x08006a10       0x9c build/stm32f0xx_hal_msp.o
                0x08006a10                HAL_ADC_MspInit
 .text.HAL_I2C_MspInit
                0x08006aac       0x6c build/stm32f0xx_hal_msp.o
                0x08006aac                HAL_I2C_MspInit
 .text.HAL_UART_MspInit
                0x08006b18      0x134 build/stm32f0xx_hal_msp.o
                0x08006b18                HAL_UART_MspInit
 .text.ADC_ConversionStop
                0x08006c4c       0x5c build/stm32f0xx_hal_adc.o
 .text.ADC_Disable
                0x08006ca8       0x88 build/stm32f0xx_hal_adc.o
 .text.ADC_Enable
                0x08006d30       0xb0 build/stm32f0xx_hal_adc.o
 .text.HAL_ADC_Init
                0x08006de0      0x184 build/stm32f0xx_hal_adc.o
                0x08006de0                HAL_ADC_Init
 .text.HAL_ADC_Start_DMA
                0x08006f64       0xa8 build/stm32f0xx_hal_adc.o
                0x08006f64                HAL_ADC_Start_DMA
 .text.HAL_ADC_Stop_DMA
                0x0800700c       0x84 build/stm32f0xx_hal_adc.o
                0x0800700c                HAL_ADC_Stop_DMA
 .text.ADC_DMAConvCplt
                0x08007090       0x70 build/stm32f0xx_hal_adc.o
 .text.HAL_ADC_ConvHalfCpltCallback
                0x08007100        0x2 build/stm32f0xx_hal_adc.o
                0x08007100                HAL_ADC_ConvHalfCpltCallback
 .text.ADC_DMAHalfConvCplt
                0x08007102        0xa build/stm32f0xx_hal_adc.o
 .text.HAL_ADC_ErrorCallback
                0x0800710c        0x2 build/stm32f0xx_hal_adc.o
                0x0800710c                HAL_ADC_ErrorCallback
 .text.ADC_DMAError
                0x0800710e       0x1a build/stm32f0xx_hal_adc.o
 .text.HAL_ADC_ConfigChannel
                0x08007128      0x134 build/stm32f0xx_hal_adc.o
                0x08007128                HAL_ADC_ConfigChannel
 .text.HAL_RCC_OscConfig
                0x0800725c      0x49c build/stm32f0xx_hal_rcc.o
                0x0800725c                HAL_RCC_OscConfig
 .text.HAL_RCC_GetSysClockFreq
                0x080076f8       0x54 build/stm32f0xx_hal_rcc.o
                0x080076f8                HAL_RCC_GetSysClockFreq
 .text.HAL_RCC_ClockConfig
                0x0800774c      0x134 build/stm32f0xx_hal_rcc.o
                0x0800774c                HAL_RCC_ClockConfig
 .text.HAL_RCC_GetHCLKFreq
                0x08007880        0xc build/stm32f0xx_hal_rcc.o
                0x08007880                HAL_RCC_GetHCLKFreq
 .text.HAL_RCC_GetPCLK1Freq
                0x0800788c       0x20 build/stm32f0xx_hal_rcc.o
                0x0800788c                HAL_RCC_GetPCLK1Freq
 .text.HAL_RCCEx_PeriphCLKConfig
                0x080078ac      0x11c build/stm32f0xx_hal_rcc_ex.o
                0x080078ac                HAL_RCCEx_PeriphCLKConfig
 .text.HAL_InitTick
                0x080079c8       0x50 build/stm32f0xx_hal.o
                0x080079c8                HAL_InitTick
 .text.HAL_Init
                0x08007a18       0x20 build/stm32f0xx_hal.o
                0x08007a18                HAL_Init
 .text.HAL_IncTick
                0x08007a38       0x18 build/stm32f0xx_hal.o
                0x08007a38                HAL_IncTick
 .text.HAL_GetTick
                0x08007a50        0xc build/stm32f0xx_hal.o
                0x08007a50                HAL_GetTick
 .text.HAL_Delay
                0x08007a5c       0x24 build/stm32f0xx_hal.o
                0x08007a5c                HAL_Delay
 .text.I2C_Flush_TXDR
                0x08007a80       0x1e build/stm32f0xx_hal_i2c.o
 *fill*         0x08007a9e        0x2 
 .text.I2C_TransferConfig
                0x08007aa0       0x30 build/stm32f0xx_hal_i2c.o
 .text.I2C_IsErrorOccurred
                0x08007ad0      0x118 build/stm32f0xx_hal_i2c.o
 .text.I2C_WaitOnTXISFlagUntilTimeout
                0x08007be8       0x5a build/stm32f0xx_hal_i2c.o
 .text.I2C_WaitOnFlagUntilTimeout
                0x08007c42       0x70 build/stm32f0xx_hal_i2c.o
 *fill*         0x08007cb2        0x2 
 .text.I2C_RequestMemoryWrite
                0x08007cb4       0x78 build/stm32f0xx_hal_i2c.o
 .text.I2C_RequestMemoryRead
                0x08007d2c       0x74 build/stm32f0xx_hal_i2c.o
 .text.I2C_WaitOnSTOPFlagUntilTimeout
                0x08007da0       0x5a build/stm32f0xx_hal_i2c.o
 *fill*         0x08007dfa        0x2 
 .text.HAL_I2C_Init
                0x08007dfc       0xcc build/stm32f0xx_hal_i2c.o
                0x08007dfc                HAL_I2C_Init
 .text.HAL_I2C_Mem_Write
                0x08007ec8      0x1a0 build/stm32f0xx_hal_i2c.o
                0x08007ec8                HAL_I2C_Mem_Write
 .text.HAL_I2C_Mem_Read
                0x08008068      0x1a8 build/stm32f0xx_hal_i2c.o
                0x08008068                HAL_I2C_Mem_Read
 .text.HAL_I2CEx_ConfigAnalogFilter
                0x08008210       0x58 build/stm32f0xx_hal_i2c_ex.o
                0x08008210                HAL_I2CEx_ConfigAnalogFilter
 .text.HAL_I2CEx_ConfigDigitalFilter
                0x08008268       0x54 build/stm32f0xx_hal_i2c_ex.o
                0x08008268                HAL_I2CEx_ConfigDigitalFilter
 .text.HAL_GPIO_Init
                0x080082bc      0x18c build/stm32f0xx_hal_gpio.o
                0x080082bc                HAL_GPIO_Init
 .text.HAL_GPIO_ReadPin
                0x08008448        0xe build/stm32f0xx_hal_gpio.o
                0x08008448                HAL_GPIO_ReadPin
 .text.HAL_GPIO_WritePin
                0x08008456        0xc build/stm32f0xx_hal_gpio.o
                0x08008456                HAL_GPIO_WritePin
 .text.DMA_SetConfig
                0x08008462       0x2a build/stm32f0xx_hal_dma.o
 .text.DMA_CalcBaseAndBitshift
                0x0800848c       0x24 build/stm32f0xx_hal_dma.o
 .text.HAL_DMA_Init
                0x080084b0       0x50 build/stm32f0xx_hal_dma.o
                0x080084b0                HAL_DMA_Init
 .text.HAL_DMA_Start_IT
                0x08008500       0x76 build/stm32f0xx_hal_dma.o
                0x08008500                HAL_DMA_Start_IT
 .text.HAL_DMA_Abort
                0x08008576       0x44 build/stm32f0xx_hal_dma.o
                0x08008576                HAL_DMA_Abort
 .text.HAL_DMA_Abort_IT
                0x080085ba       0x4a build/stm32f0xx_hal_dma.o
                0x080085ba                HAL_DMA_Abort_IT
 .text.HAL_DMA_IRQHandler
                0x08008604       0xaa build/stm32f0xx_hal_dma.o
                0x08008604                HAL_DMA_IRQHandler
 .text.HAL_DMA_GetError
                0x080086ae        0x4 build/stm32f0xx_hal_dma.o
                0x080086ae                HAL_DMA_GetError
 *fill*         0x080086b2        0x2 
 .text.HAL_NVIC_SetPriority
                0x080086b4       0x60 build/stm32f0xx_hal_cortex.o
                0x080086b4                HAL_NVIC_SetPriority
 .text.HAL_NVIC_EnableIRQ
                0x08008714       0x18 build/stm32f0xx_hal_cortex.o
                0x08008714                HAL_NVIC_EnableIRQ
 .text.HAL_SYSTICK_Config
                0x0800872c       0x38 build/stm32f0xx_hal_cortex.o
                0x0800872c                HAL_SYSTICK_Config
 .text.UART_EndTxTransfer
                0x08008764       0x20 build/stm32f0xx_hal_uart.o
 .text.UART_EndRxTransfer
                0x08008784       0x60 build/stm32f0xx_hal_uart.o
 .text.HAL_UART_DMAStop
                0x080087e4       0xb0 build/stm32f0xx_hal_uart.o
                0x080087e4                HAL_UART_DMAStop
 .text.HAL_UART_TxCpltCallback
                0x08008894        0x2 build/stm32f0xx_hal_uart.o
                0x08008894                HAL_UART_TxCpltCallback
 .text.UART_EndTransmit_IT
                0x08008896       0x28 build/stm32f0xx_hal_uart.o
 .text.HAL_UART_RxCpltCallback
                0x080088be        0x2 build/stm32f0xx_hal_uart.o
                0x080088be                HAL_UART_RxCpltCallback
 .text.HAL_UART_RxHalfCpltCallback
                0x080088c0        0x2 build/stm32f0xx_hal_uart.o
                0x080088c0                HAL_UART_RxHalfCpltCallback
 .text.HAL_UART_ErrorCallback
                0x080088c2        0x2 build/stm32f0xx_hal_uart.o
                0x080088c2                HAL_UART_ErrorCallback
 .text.UART_DMAError
                0x080088c4       0x50 build/stm32f0xx_hal_uart.o
 .text.UART_DMAAbortOnError
                0x08008914       0x14 build/stm32f0xx_hal_uart.o
 .text.HAL_UARTEx_RxEventCallback
                0x08008928        0x2 build/stm32f0xx_hal_uart.o
                0x08008928                HAL_UARTEx_RxEventCallback
 *fill*         0x0800892a        0x2 
 .text.HAL_UART_IRQHandler
                0x0800892c      0x2c0 build/stm32f0xx_hal_uart.o
                0x0800892c                HAL_UART_IRQHandler
 .text.UART_DMARxHalfCplt
                0x08008bec       0x20 build/stm32f0xx_hal_uart.o
 .text.UART_DMAReceiveCplt
                0x08008c0c       0x98 build/stm32f0xx_hal_uart.o
 .text.UART_SetConfig
                0x08008ca4      0x174 build/stm32f0xx_hal_uart.o
                0x08008ca4                UART_SetConfig
 .text.UART_AdvFeatureConfig
                0x08008e18       0xe0 build/stm32f0xx_hal_uart.o
                0x08008e18                UART_AdvFeatureConfig
 .text.UART_WaitOnFlagUntilTimeout
                0x08008ef8       0x96 build/stm32f0xx_hal_uart.o
                0x08008ef8                UART_WaitOnFlagUntilTimeout
 .text.HAL_UART_Transmit
                0x08008f8e       0xf2 build/stm32f0xx_hal_uart.o
                0x08008f8e                HAL_UART_Transmit
 .text.UART_CheckIdleState
                0x08009080       0xd0 build/stm32f0xx_hal_uart.o
                0x08009080                UART_CheckIdleState
 .text.HAL_UART_Init
                0x08009150       0x6c build/stm32f0xx_hal_uart.o
                0x08009150                HAL_UART_Init
 .text.UART_Start_Receive_DMA
                0x080091bc       0xb0 build/stm32f0xx_hal_uart.o
                0x080091bc                UART_Start_Receive_DMA
 .text.HAL_UART_Receive_DMA
                0x0800926c       0x62 build/stm32f0xx_hal_uart.o
                0x0800926c                HAL_UART_Receive_DMA
 .text.SystemInit
                0x080092ce        0x2 build/system_stm32f0xx.o
                0x080092ce                SystemInit
 .text.Reset_Handler
                0x080092d0       0x50 build/startup_stm32f030x8.o
                0x080092d0                Reset_Handler
 .text.Default_Handler
                0x08009320        0x2 build/startup_stm32f030x8.o
                0x08009320                TIM1_CC_IRQHandler
                0x08009320                TIM6_IRQHandler
                0x08009320                I2C1_IRQHandler
                0x08009320                SPI1_IRQHandler
                0x08009320                EXTI2_3_IRQHandler
                0x08009320                ADC1_IRQHandler
                0x08009320                I2C2_IRQHandler
                0x08009320                TIM17_IRQHandler
                0x08009320                RTC_IRQHandler
                0x08009320                TIM16_IRQHandler
                0x08009320                TIM3_IRQHandler
                0x08009320                EXTI4_15_IRQHandler
                0x08009320                RCC_IRQHandler
                0x08009320                Default_Handler
                0x08009320                TIM14_IRQHandler
                0x08009320                TIM15_IRQHandler
                0x08009320                EXTI0_1_IRQHandler
                0x08009320                SPI2_IRQHandler
                0x08009320                WWDG_IRQHandler
                0x08009320                FLASH_IRQHandler
                0x08009320                TIM1_BRK_UP_TRG_COM_IRQHandler
 *fill*         0x08009322        0x2 
 .text.__libc_init_array
                0x08009324       0x48 c:/program files/gcc-arm-none-eabi-10.3-2021.10/bin/../lib/gcc/arm-none-eabi/10.3.1/../../../../arm-none-eabi/lib/thumb/v6-m/nofp\libc_nano.a(lib_a-init.o)
                0x08009324                __libc_init_array
 .text.memcpy   0x0800936c       0x12 c:/program files/gcc-arm-none-eabi-10.3-2021.10/bin/../lib/gcc/arm-none-eabi/10.3.1/../../../../arm-none-eabi/lib/thumb/v6-m/nofp\libc_nano.a(lib_a-memcpy-stub.o)
                0x0800936c                memcpy
 .text.memset   0x0800937e       0x10 c:/program files/gcc-arm-none-eabi-10.3-2021.10/bin/../lib/gcc/arm-none-eabi/10.3.1/../../../../arm-none-eabi/lib/thumb/v6-m/nofp\libc_nano.a(lib_a-memset.o)
                0x0800937e                memset
 *fill*         0x0800938e        0x2 
 .text._puts_r  0x08009390       0xe4 c:/program files/gcc-arm-none-eabi-10.3-2021.10/bin/../lib/gcc/arm-none-eabi/10.3.1/../../../../arm-none-eabi/lib/thumb/v6-m/nofp\libc_nano.a(lib_a-puts.o)
                0x08009390                _puts_r
 .text.puts     0x08009474       0x14 c:/program files/gcc-arm-none-eabi-10.3-2021.10/bin/../lib/gcc/arm-none-eabi/10.3.1/../../../../arm-none-eabi/lib/thumb/v6-m/nofp\libc_nano.a(lib_a-puts.o)
                0x08009474                puts
 .text.sprintf  0x08009488       0x40 c:/program files/gcc-arm-none-eabi-10.3-2021.10/bin/../lib/gcc/arm-none-eabi/10.3.1/../../../../arm-none-eabi/lib/thumb/v6-m/nofp\libc_nano.a(lib_a-sprintf.o)
                0x08009488                siprintf
                0x08009488                sprintf
 .text.__swbuf_r
                0x080094c8       0xac c:/program files/gcc-arm-none-eabi-10.3-2021.10/bin/../lib/gcc/arm-none-eabi/10.3.1/../../../../arm-none-eabi/lib/thumb/v6-m/nofp\libc_nano.a(lib_a-wbuf.o)
                0x080094c8                __swbuf_r
 .text.__swsetup_r
                0x08009574       0xf0 c:/program files/gcc-arm-none-eabi-10.3-2021.10/bin/../lib/gcc/arm-none-eabi/10.3.1/../../../../arm-none-eabi/lib/thumb/v6-m/nofp\libc_nano.a(lib_a-wsetup.o)
                0x08009574                __swsetup_r
 .text.__sflush_r
                0x08009664      0x118 c:/program files/gcc-arm-none-eabi-10.3-2021.10/bin/../lib/gcc/arm-none-eabi/10.3.1/../../../../arm-none-eabi/lib/thumb/v6-m/nofp\libc_nano.a(lib_a-fflush.o)
                0x08009664                __sflush_r
 .text._fflush_r
                0x0800977c       0x80 c:/program files/gcc-arm-none-eabi-10.3-2021.10/bin/../lib/gcc/arm-none-eabi/10.3.1/../../../../arm-none-eabi/lib/thumb/v6-m/nofp\libc_nano.a(lib_a-fflush.o)
                0x0800977c                _fflush_r
 .text.std      0x080097fc       0x48 c:/program files/gcc-arm-none-eabi-10.3-2021.10/bin/../lib/gcc/arm-none-eabi/10.3.1/../../../../arm-none-eabi/lib/thumb/v6-m/nofp\libc_nano.a(lib_a-findfp.o)
 .text._cleanup_r
                0x08009844       0x10 c:/program files/gcc-arm-none-eabi-10.3-2021.10/bin/../lib/gcc/arm-none-eabi/10.3.1/../../../../arm-none-eabi/lib/thumb/v6-m/nofp\libc_nano.a(lib_a-findfp.o)
                0x08009844                _cleanup_r
 .text.__sfmoreglue
                0x08009854       0x2c c:/program files/gcc-arm-none-eabi-10.3-2021.10/bin/../lib/gcc/arm-none-eabi/10.3.1/../../../../arm-none-eabi/lib/thumb/v6-m/nofp\libc_nano.a(lib_a-findfp.o)
                0x08009854                __sfmoreglue
 .text.__sfp_lock_acquire
                0x08009880       0x10 c:/program files/gcc-arm-none-eabi-10.3-2021.10/bin/../lib/gcc/arm-none-eabi/10.3.1/../../../../arm-none-eabi/lib/thumb/v6-m/nofp\libc_nano.a(lib_a-findfp.o)
                0x08009880                __sfp_lock_acquire
 .text.__sfp_lock_release
                0x08009890       0x10 c:/program files/gcc-arm-none-eabi-10.3-2021.10/bin/../lib/gcc/arm-none-eabi/10.3.1/../../../../arm-none-eabi/lib/thumb/v6-m/nofp\libc_nano.a(lib_a-findfp.o)
                0x08009890                __sfp_lock_release
 .text.__sinit_lock_acquire
                0x080098a0       0x10 c:/program files/gcc-arm-none-eabi-10.3-2021.10/bin/../lib/gcc/arm-none-eabi/10.3.1/../../../../arm-none-eabi/lib/thumb/v6-m/nofp\libc_nano.a(lib_a-findfp.o)
                0x080098a0                __sinit_lock_acquire
 .text.__sinit_lock_release
                0x080098b0       0x10 c:/program files/gcc-arm-none-eabi-10.3-2021.10/bin/../lib/gcc/arm-none-eabi/10.3.1/../../../../arm-none-eabi/lib/thumb/v6-m/nofp\libc_nano.a(lib_a-findfp.o)
                0x080098b0                __sinit_lock_release
 .text.__sinit  0x080098c0       0x70 c:/program files/gcc-arm-none-eabi-10.3-2021.10/bin/../lib/gcc/arm-none-eabi/10.3.1/../../../../arm-none-eabi/lib/thumb/v6-m/nofp\libc_nano.a(lib_a-findfp.o)
                0x080098c0                __sinit
 .text.__sfp    0x08009930       0x90 c:/program files/gcc-arm-none-eabi-10.3-2021.10/bin/../lib/gcc/arm-none-eabi/10.3.1/../../../../arm-none-eabi/lib/thumb/v6-m/nofp\libc_nano.a(lib_a-findfp.o)
                0x08009930                __sfp
 .text._fwalk_reent
                0x080099c0       0x40 c:/program files/gcc-arm-none-eabi-10.3-2021.10/bin/../lib/gcc/arm-none-eabi/10.3.1/../../../../arm-none-eabi/lib/thumb/v6-m/nofp\libc_nano.a(lib_a-fwalk.o)
                0x080099c0                _fwalk_reent
 .text.__retarget_lock_init_recursive
                0x08009a00        0x2 c:/program files/gcc-arm-none-eabi-10.3-2021.10/bin/../lib/gcc/arm-none-eabi/10.3.1/../../../../arm-none-eabi/lib/thumb/v6-m/nofp\libc_nano.a(lib_a-lock.o)
                0x08009a00                __retarget_lock_init_recursive
 .text.__retarget_lock_acquire_recursive
                0x08009a02        0x2 c:/program files/gcc-arm-none-eabi-10.3-2021.10/bin/../lib/gcc/arm-none-eabi/10.3.1/../../../../arm-none-eabi/lib/thumb/v6-m/nofp\libc_nano.a(lib_a-lock.o)
                0x08009a02                __retarget_lock_acquire_recursive
 .text.__retarget_lock_release_recursive
                0x08009a04        0x2 c:/program files/gcc-arm-none-eabi-10.3-2021.10/bin/../lib/gcc/arm-none-eabi/10.3.1/../../../../arm-none-eabi/lib/thumb/v6-m/nofp\libc_nano.a(lib_a-lock.o)
                0x08009a04                __retarget_lock_release_recursive
 *fill*         0x08009a06        0x2 
 .text.__swhatbuf_r
                0x08009a08       0x50 c:/program files/gcc-arm-none-eabi-10.3-2021.10/bin/../lib/gcc/arm-none-eabi/10.3.1/../../../../arm-none-eabi/lib/thumb/v6-m/nofp\libc_nano.a(lib_a-makebuf.o)
                0x08009a08                __swhatbuf_r
 .text.__smakebuf_r
                0x08009a58       0x88 c:/program files/gcc-arm-none-eabi-10.3-2021.10/bin/../lib/gcc/arm-none-eabi/10.3.1/../../../../arm-none-eabi/lib/thumb/v6-m/nofp\libc_nano.a(lib_a-makebuf.o)
                0x08009a58                __smakebuf_r
 .text._free_r  0x08009ae0       0x94 c:/program files/gcc-arm-none-eabi-10.3-2021.10/bin/../lib/gcc/arm-none-eabi/10.3.1/../../../../arm-none-eabi/lib/thumb/v6-m/nofp\libc_nano.a(lib_a-nano-freer.o)
                0x08009ae0                _free_r
 .text.sbrk_aligned
                0x08009b74       0x44 c:/program files/gcc-arm-none-eabi-10.3-2021.10/bin/../lib/gcc/arm-none-eabi/10.3.1/../../../../arm-none-eabi/lib/thumb/v6-m/nofp\libc_nano.a(lib_a-nano-mallocr.o)
 .text._malloc_r
                0x08009bb8       0xec c:/program files/gcc-arm-none-eabi-10.3-2021.10/bin/../lib/gcc/arm-none-eabi/10.3.1/../../../../arm-none-eabi/lib/thumb/v6-m/nofp\libc_nano.a(lib_a-nano-mallocr.o)
                0x08009bb8                _malloc_r
 .text.__ssputs_r
                0x08009ca4       0xc4 c:/program files/gcc-arm-none-eabi-10.3-2021.10/bin/../lib/gcc/arm-none-eabi/10.3.1/../../../../arm-none-eabi/lib/thumb/v6-m/nofp\libc_nano.a(lib_a-nano-svfprintf.o)
                0x08009ca4                __ssputs_r
 .text._svfprintf_r
                0x08009d68      0x200 c:/program files/gcc-arm-none-eabi-10.3-2021.10/bin/../lib/gcc/arm-none-eabi/10.3.1/../../../../arm-none-eabi/lib/thumb/v6-m/nofp\libc_nano.a(lib_a-nano-svfprintf.o)
                0x08009d68                _svfiprintf_r
                0x08009d68                _svfprintf_r
 .text._printf_common
                0x08009f68       0xde c:/program files/gcc-arm-none-eabi-10.3-2021.10/bin/../lib/gcc/arm-none-eabi/10.3.1/../../../../arm-none-eabi/lib/thumb/v6-m/nofp\libc_nano.a(lib_a-nano-vfprintf_i.o)
                0x08009f68                _printf_common
 *fill*         0x0800a046        0x2 
 .text._printf_i
                0x0800a048      0x224 c:/program files/gcc-arm-none-eabi-10.3-2021.10/bin/../lib/gcc/arm-none-eabi/10.3.1/../../../../arm-none-eabi/lib/thumb/v6-m/nofp\libc_nano.a(lib_a-nano-vfprintf_i.o)
                0x0800a048                _printf_i
 .text._sbrk_r  0x0800a26c       0x24 c:/program files/gcc-arm-none-eabi-10.3-2021.10/bin/../lib/gcc/arm-none-eabi/10.3.1/../../../../arm-none-eabi/lib/thumb/v6-m/nofp\libc_nano.a(lib_a-sbrkr.o)
                0x0800a26c                _sbrk_r
 .text.__sread  0x0800a290       0x28 c:/program files/gcc-arm-none-eabi-10.3-2021.10/bin/../lib/gcc/arm-none-eabi/10.3.1/../../../../arm-none-eabi/lib/thumb/v6-m/nofp\libc_nano.a(lib_a-stdio.o)
                0x0800a290                __sread
 .text.__swrite
                0x0800a2b8       0x38 c:/program files/gcc-arm-none-eabi-10.3-2021.10/bin/../lib/gcc/arm-none-eabi/10.3.1/../../../../arm-none-eabi/lib/thumb/v6-m/nofp\libc_nano.a(lib_a-stdio.o)
                0x0800a2b8                __swrite
 .text.__sseek  0x0800a2f0       0x2c c:/program files/gcc-arm-none-eabi-10.3-2021.10/bin/../lib/gcc/arm-none-eabi/10.3.1/../../../../arm-none-eabi/lib/thumb/v6-m/nofp\libc_nano.a(lib_a-stdio.o)
                0x0800a2f0                __sseek
 .text.__sclose
                0x0800a31c        0xc c:/program files/gcc-arm-none-eabi-10.3-2021.10/bin/../lib/gcc/arm-none-eabi/10.3.1/../../../../arm-none-eabi/lib/thumb/v6-m/nofp\libc_nano.a(lib_a-stdio.o)
                0x0800a31c                __sclose
 .text._write_r
                0x0800a328       0x28 c:/program files/gcc-arm-none-eabi-10.3-2021.10/bin/../lib/gcc/arm-none-eabi/10.3.1/../../../../arm-none-eabi/lib/thumb/v6-m/nofp\libc_nano.a(lib_a-writer.o)
                0x0800a328                _write_r
 .text._close_r
                0x0800a350       0x24 c:/program files/gcc-arm-none-eabi-10.3-2021.10/bin/../lib/gcc/arm-none-eabi/10.3.1/../../../../arm-none-eabi/lib/thumb/v6-m/nofp\libc_nano.a(lib_a-closer.o)
                0x0800a350                _close_r
 .text._fstat_r
                0x0800a374       0x24 c:/program files/gcc-arm-none-eabi-10.3-2021.10/bin/../lib/gcc/arm-none-eabi/10.3.1/../../../../arm-none-eabi/lib/thumb/v6-m/nofp\libc_nano.a(lib_a-fstatr.o)
                0x0800a374                _fstat_r
 .text._isatty_r
                0x0800a398       0x24 c:/program files/gcc-arm-none-eabi-10.3-2021.10/bin/../lib/gcc/arm-none-eabi/10.3.1/../../../../arm-none-eabi/lib/thumb/v6-m/nofp\libc_nano.a(lib_a-isattyr.o)
                0x0800a398                _isatty_r
 .text._lseek_r
                0x0800a3bc       0x28 c:/program files/gcc-arm-none-eabi-10.3-2021.10/bin/../lib/gcc/arm-none-eabi/10.3.1/../../../../arm-none-eabi/lib/thumb/v6-m/nofp\libc_nano.a(lib_a-lseekr.o)
                0x0800a3bc                _lseek_r
 .text.memchr   0x0800a3e4       0x16 c:/program files/gcc-arm-none-eabi-10.3-2021.10/bin/../lib/gcc/arm-none-eabi/10.3.1/../../../../arm-none-eabi/lib/thumb/v6-m/nofp\libc_nano.a(lib_a-memchr-stub.o)
                0x0800a3e4                memchr
 .text.memmove  0x0800a3fa       0x26 c:/program files/gcc-arm-none-eabi-10.3-2021.10/bin/../lib/gcc/arm-none-eabi/10.3.1/../../../../arm-none-eabi/lib/thumb/v6-m/nofp\libc_nano.a(lib_a-memmove.o)
                0x0800a3fa                memmove
 .text.__malloc_lock
                0x0800a420       0x10 c:/program files/gcc-arm-none-eabi-10.3-2021.10/bin/../lib/gcc/arm-none-eabi/10.3.1/../../../../arm-none-eabi/lib/thumb/v6-m/nofp\libc_nano.a(lib_a-mlock.o)
                0x0800a420                __malloc_lock
 .text.__malloc_unlock
                0x0800a430       0x10 c:/program files/gcc-arm-none-eabi-10.3-2021.10/bin/../lib/gcc/arm-none-eabi/10.3.1/../../../../arm-none-eabi/lib/thumb/v6-m/nofp\libc_nano.a(lib_a-mlock.o)
                0x0800a430                __malloc_unlock
 .text._realloc_r
                0x0800a440       0x5e c:/program files/gcc-arm-none-eabi-10.3-2021.10/bin/../lib/gcc/arm-none-eabi/10.3.1/../../../../arm-none-eabi/lib/thumb/v6-m/nofp\libc_nano.a(lib_a-nano-reallocr.o)
                0x0800a440                _realloc_r
 *fill*         0x0800a49e        0x2 
 .text._read_r  0x0800a4a0       0x28 c:/program files/gcc-arm-none-eabi-10.3-2021.10/bin/../lib/gcc/arm-none-eabi/10.3.1/../../../../arm-none-eabi/lib/thumb/v6-m/nofp\libc_nano.a(lib_a-readr.o)
                0x0800a4a0                _read_r
 .text._malloc_usable_size_r
                0x0800a4c8       0x10 c:/program files/gcc-arm-none-eabi-10.3-2021.10/bin/../lib/gcc/arm-none-eabi/10.3.1/../../../../arm-none-eabi/lib/thumb/v6-m/nofp\libc_nano.a(lib_a-nano-msizer.o)
                0x0800a4c8                _malloc_usable_size_r
 .text._close   0x0800a4d8       0x10 c:/program files/gcc-arm-none-eabi-10.3-2021.10/bin/../lib/gcc/arm-none-eabi/10.3.1/../../../../arm-none-eabi/lib/thumb/v6-m/nofp\libnosys.a(close.o)
                0x0800a4d8                _close
 .text._fstat   0x0800a4e8       0x10 c:/program files/gcc-arm-none-eabi-10.3-2021.10/bin/../lib/gcc/arm-none-eabi/10.3.1/../../../../arm-none-eabi/lib/thumb/v6-m/nofp\libnosys.a(fstat.o)
                0x0800a4e8                _fstat
 .text._isatty  0x0800a4f8       0x10 c:/program files/gcc-arm-none-eabi-10.3-2021.10/bin/../lib/gcc/arm-none-eabi/10.3.1/../../../../arm-none-eabi/lib/thumb/v6-m/nofp\libnosys.a(isatty.o)
                0x0800a4f8                _isatty
 .text._lseek   0x0800a508       0x10 c:/program files/gcc-arm-none-eabi-10.3-2021.10/bin/../lib/gcc/arm-none-eabi/10.3.1/../../../../arm-none-eabi/lib/thumb/v6-m/nofp\libnosys.a(lseek.o)
                0x0800a508                _lseek
 .text._read    0x0800a518       0x10 c:/program files/gcc-arm-none-eabi-10.3-2021.10/bin/../lib/gcc/arm-none-eabi/10.3.1/../../../../arm-none-eabi/lib/thumb/v6-m/nofp\libnosys.a(read.o)
                0x0800a518                _read
 .text._sbrk    0x0800a528       0x1c c:/program files/gcc-arm-none-eabi-10.3-2021.10/bin/../lib/gcc/arm-none-eabi/10.3.1/../../../../arm-none-eabi/lib/thumb/v6-m/nofp\libnosys.a(sbrk.o)
                0x0800a528                _sbrk
 .text._write   0x0800a544       0x10 c:/program files/gcc-arm-none-eabi-10.3-2021.10/bin/../lib/gcc/arm-none-eabi/10.3.1/../../../../arm-none-eabi/lib/thumb/v6-m/nofp\libnosys.a(write.o)
                0x0800a544                _write
 *(.glue_7)
 .glue_7        0x0800a554        0x0 linker stubs
 *(.glue_7t)
 .glue_7t       0x0800a554        0x0 linker stubs
 *(.eh_frame)
 .eh_frame      0x0800a554        0x0 c:/program files/gcc-arm-none-eabi-10.3-2021.10/bin/../lib/gcc/arm-none-eabi/10.3.1/thumb/v6-m/nofp/crtbegin.o
 *(.init)
 .init          0x0800a554        0x4 c:/program files/gcc-arm-none-eabi-10.3-2021.10/bin/../lib/gcc/arm-none-eabi/10.3.1/thumb/v6-m/nofp/crti.o
                0x0800a554                _init
 .init          0x0800a558        0x8 c:/program files/gcc-arm-none-eabi-10.3-2021.10/bin/../lib/gcc/arm-none-eabi/10.3.1/thumb/v6-m/nofp/crtn.o
 *(.fini)
 .fini          0x0800a560        0x4 c:/program files/gcc-arm-none-eabi-10.3-2021.10/bin/../lib/gcc/arm-none-eabi/10.3.1/thumb/v6-m/nofp/crti.o
                0x0800a560                _fini
 .fini          0x0800a564        0x8 c:/program files/gcc-arm-none-eabi-10.3-2021.10/bin/../lib/gcc/arm-none-eabi/10.3.1/thumb/v6-m/nofp/crtn.o
                0x0800a56c                . = ALIGN (0x4)
                0x0800a56c                _etext = .

.vfp11_veneer   0x0800a56c        0x0
 .vfp11_veneer  0x0800a56c        0x0 linker stubs

.v4_bx          0x0800a56c        0x0
 .v4_bx         0x0800a56c        0x0 linker stubs

.iplt           0x0800a56c        0x0
 .iplt          0x0800a56c        0x0 c:/program files/gcc-arm-none-eabi-10.3-2021.10/bin/../lib/gcc/arm-none-eabi/10.3.1/thumb/v6-m/nofp/crtbegin.o

.rodata         0x0800a56c      0x9e0
                0x0800a56c                . = ALIGN (0x4)
 *(.rodata)
 .rodata        0x0800a56c        0x5 build/DHT.o
 *fill*         0x0800a571        0x3 
 .rodata        0x0800a574       0x80 c:/program files/gcc-arm-none-eabi-10.3-2021.10/bin/../lib/gcc/arm-none-eabi/10.3.1/thumb/v6-m/nofp\libgcc.a(divsf3.o)
 .rodata        0x0800a5f4       0x40 c:/program files/gcc-arm-none-eabi-10.3-2021.10/bin/../lib/gcc/arm-none-eabi/10.3.1/thumb/v6-m/nofp\libgcc.a(mulsf3.o)
 .rodata        0x0800a634       0x40 c:/program files/gcc-arm-none-eabi-10.3-2021.10/bin/../lib/gcc/arm-none-eabi/10.3.1/thumb/v6-m/nofp\libgcc.a(muldf3.o)
 *(.rodata*)
 .rodata.readAT24C16.str1.4
                0x0800a674       0x11 build/24c02.o
 *fill*         0x0800a685        0x3 
 .rodata.UpateShData.str1.4
                0x0800a688      0x156 build/control.o
 *fill*         0x0800a7de        0x2 
 .rodata.UpateShData
                0x0800a7e0      0x32c build/control.o
 .rodata.aucCRCHi
                0x0800ab0c      0x100 build/u2com.o
 .rodata.aucCRCLo
                0x0800ac0c      0x100 build/u2com.o
 .rodata.GetSmgOneData
                0x0800ad0c      0x16c build/smg.o
 .rodata.setShowsetDot.str1.4
                0x0800ae78        0x4 build/smg.o
 .rodata.aPLLMULFactorTable.1
                0x0800ae7c       0x10 build/stm32f0xx_hal_rcc.o
 .rodata.aPredivFactorTable.0
                0x0800ae8c       0x10 build/stm32f0xx_hal_rcc.o
 .rodata.AHBPrescTable
                0x0800ae9c       0x10 build/system_stm32f0xx.o
                0x0800ae9c                AHBPrescTable
 .rodata.APBPrescTable
                0x0800aeac        0x8 build/system_stm32f0xx.o
                0x0800aeac                APBPrescTable
 .rodata._global_impure_ptr
                0x0800aeb4        0x4 c:/program files/gcc-arm-none-eabi-10.3-2021.10/bin/../lib/gcc/arm-none-eabi/10.3.1/../../../../arm-none-eabi/lib/thumb/v6-m/nofp\libc_nano.a(lib_a-impure.o)
                0x0800aeb4                _global_impure_ptr
 .rodata.__sf_fake_stderr
                0x0800aeb8       0x20 c:/program files/gcc-arm-none-eabi-10.3-2021.10/bin/../lib/gcc/arm-none-eabi/10.3.1/../../../../arm-none-eabi/lib/thumb/v6-m/nofp\libc_nano.a(lib_a-findfp.o)
                0x0800aeb8                __sf_fake_stderr
 .rodata.__sf_fake_stdin
                0x0800aed8       0x20 c:/program files/gcc-arm-none-eabi-10.3-2021.10/bin/../lib/gcc/arm-none-eabi/10.3.1/../../../../arm-none-eabi/lib/thumb/v6-m/nofp\libc_nano.a(lib_a-findfp.o)
                0x0800aed8                __sf_fake_stdin
 .rodata.__sf_fake_stdout
                0x0800aef8       0x20 c:/program files/gcc-arm-none-eabi-10.3-2021.10/bin/../lib/gcc/arm-none-eabi/10.3.1/../../../../arm-none-eabi/lib/thumb/v6-m/nofp\libc_nano.a(lib_a-findfp.o)
                0x0800aef8                __sf_fake_stdout
 .rodata._svfprintf_r.str1.1
                0x0800af18       0x11 c:/program files/gcc-arm-none-eabi-10.3-2021.10/bin/../lib/gcc/arm-none-eabi/10.3.1/../../../../arm-none-eabi/lib/thumb/v6-m/nofp\libc_nano.a(lib_a-nano-svfprintf.o)
 .rodata._printf_i.str1.1
                0x0800af29       0x22 c:/program files/gcc-arm-none-eabi-10.3-2021.10/bin/../lib/gcc/arm-none-eabi/10.3.1/../../../../arm-none-eabi/lib/thumb/v6-m/nofp\libc_nano.a(lib_a-nano-vfprintf_i.o)
                0x0800af4c                . = ALIGN (0x4)
 *fill*         0x0800af4b        0x1 

.rel.dyn        0x0800af4c        0x0
 .rel.iplt      0x0800af4c        0x0 c:/program files/gcc-arm-none-eabi-10.3-2021.10/bin/../lib/gcc/arm-none-eabi/10.3.1/thumb/v6-m/nofp/crtbegin.o

.ARM.extab
 *(.ARM.extab* .gnu.linkonce.armextab.*)

.ARM            0x0800af4c        0x0
                0x0800af4c                __exidx_start = .
 *(.ARM.exidx*)
                0x0800af4c                __exidx_end = .

.preinit_array  0x0800af4c        0x0
                0x0800af4c                PROVIDE (__preinit_array_start = .)
 *(.preinit_array*)
                0x0800af4c                PROVIDE (__preinit_array_end = .)

.init_array     0x0800af4c        0x4
                0x0800af4c                PROVIDE (__init_array_start = .)
 *(SORT_BY_NAME(.init_array.*))
 *(.init_array*)
 .init_array    0x0800af4c        0x4 c:/program files/gcc-arm-none-eabi-10.3-2021.10/bin/../lib/gcc/arm-none-eabi/10.3.1/thumb/v6-m/nofp/crtbegin.o
                0x0800af50                PROVIDE (__init_array_end = .)

.fini_array     0x0800af50        0x4
                [!provide]                PROVIDE (__fini_array_start = .)
 *(SORT_BY_NAME(.fini_array.*))
 *(.fini_array*)
 .fini_array    0x0800af50        0x4 c:/program files/gcc-arm-none-eabi-10.3-2021.10/bin/../lib/gcc/arm-none-eabi/10.3.1/thumb/v6-m/nofp/crtbegin.o
                [!provide]                PROVIDE (__fini_array_end = .)
                0x0800af54                _sidata = LOADADDR (.data)

.data           0x20000000       0xf4 load address 0x0800af54
                0x20000000                . = ALIGN (0x4)
                0x20000000                _sdata = .
 *(.data)
 *(.data*)
 .data.JDQSTAT  0x20000000        0x1 build/control.o
                0x20000000                JDQSTAT
 *fill*         0x20000001        0x3 
 .data.MnTest   0x20000004        0x4 build/control.o
                0x20000004                MnTest
 .data.Pcnt.1   0x20000008        0x4 build/control.o
 .data.Ta       0x2000000c        0x4 build/control.o
                0x2000000c                Ta
 .data.Tb       0x20000010        0x4 build/control.o
                0x20000010                Tb
 .data.Tc       0x20000014        0x4 build/control.o
                0x20000014                Tc
 .data.Tset1    0x20000018        0x4 build/control.o
                0x20000018                Tset1
 .data.Tset2    0x2000001c        0x4 build/control.o
                0x2000001c                Tset2
 .data.Tset3    0x20000020        0x4 build/control.o
                0x20000020                Tset3
 .data.Tset4    0x20000024        0x4 build/control.o
                0x20000024                Tset4
 .data.Tset5    0x20000028        0x4 build/control.o
                0x20000028                Tset5
 .data.Tset6    0x2000002c        0x4 build/control.o
                0x2000002c                Tset6
 .data.Tset7    0x20000030        0x4 build/control.o
                0x20000030                Tset7
 .data.addr     0x20000034        0x4 build/control.o
                0x20000034                addr
 .data.b1       0x20000038        0x4 build/control.o
                0x20000038                b1
 .data.b2       0x2000003c        0x4 build/control.o
                0x2000003c                b2
 .data.b3       0x20000040        0x4 build/control.o
                0x20000040                b3
 .data.cshuiCha
                0x20000044        0x4 build/control.o
                0x20000044                cshuiCha
 .data.cwhuiCha
                0x20000048        0x4 build/control.o
                0x20000048                cwhuiCha
 .data.k1       0x2000004c        0x4 build/control.o
                0x2000004c                k1
 .data.k2       0x20000050        0x4 build/control.o
                0x20000050                k2
 .data.k3       0x20000054        0x4 build/control.o
                0x20000054                k3
 .data.tzhuiCha
                0x20000058        0x4 build/control.o
                0x20000058                tzhuiCha
 .data.THbCONFIG
                0x2000005c       0x14 build/DHT.o
                0x2000005c                THbCONFIG
 .data.THcCONFIG
                0x20000070       0x14 build/DHT.o
                0x20000070                THcCONFIG
 .data.uwTickFreq
                0x20000084        0x1 build/stm32f0xx_hal.o
                0x20000084                uwTickFreq
 *fill*         0x20000085        0x3 
 .data.uwTickPrio
                0x20000088        0x4 build/stm32f0xx_hal.o
                0x20000088                uwTickPrio
 .data.SystemCoreClock
                0x2000008c        0x4 build/system_stm32f0xx.o
                0x2000008c                SystemCoreClock
 .data._impure_ptr
                0x20000090        0x4 c:/program files/gcc-arm-none-eabi-10.3-2021.10/bin/../lib/gcc/arm-none-eabi/10.3.1/../../../../arm-none-eabi/lib/thumb/v6-m/nofp\libc_nano.a(lib_a-impure.o)
                0x20000090                _impure_ptr
 .data.impure_data
                0x20000094       0x60 c:/program files/gcc-arm-none-eabi-10.3-2021.10/bin/../lib/gcc/arm-none-eabi/10.3.1/../../../../arm-none-eabi/lib/thumb/v6-m/nofp\libc_nano.a(lib_a-impure.o)
                0x200000f4                . = ALIGN (0x4)
                0x200000f4                _edata = .

.igot.plt       0x200000f4        0x0 load address 0x0800b048
 .igot.plt      0x200000f4        0x0 c:/program files/gcc-arm-none-eabi-10.3-2021.10/bin/../lib/gcc/arm-none-eabi/10.3.1/thumb/v6-m/nofp/crtbegin.o
                0x200000f4                . = ALIGN (0x4)

.bss            0x200000f4      0xaa8 load address 0x0800b048
                0x200000f4                _sbss = .
                0x200000f4                __bss_start__ = _sbss
 *(.bss)
 .bss           0x200000f4       0x1c c:/program files/gcc-arm-none-eabi-10.3-2021.10/bin/../lib/gcc/arm-none-eabi/10.3.1/thumb/v6-m/nofp/crtbegin.o
 *(.bss*)
 .bss.hadc      0x20000110       0x40 build/main.o
                0x20000110                hadc
 .bss.hdma_adc  0x20000150       0x44 build/main.o
                0x20000150                hdma_adc
 .bss.hdma_usart1_rx
                0x20000194       0x44 build/main.o
                0x20000194                hdma_usart1_rx
 .bss.hdma_usart2_rx
                0x200001d8       0x44 build/main.o
                0x200001d8                hdma_usart2_rx
 .bss.hi2c1     0x2000021c       0x54 build/main.o
                0x2000021c                hi2c1
 .bss.huart1    0x20000270       0x88 build/main.o
                0x20000270                huart1
 .bss.huart2    0x200002f8       0x88 build/main.o
                0x200002f8                huart2
 .bss.AdDataOrig
                0x20000380      0x3e8 build/control.o
                0x20000380                AdDataOrig
 .bss.AdcValue  0x20000768        0x2 build/control.o
                0x20000768                AdcValue
 .bss.Cnt1.11   0x2000076a        0x1 build/control.o
 .bss.Cnt2.10   0x2000076b        0x1 build/control.o
 .bss.Cnt3.9    0x2000076c        0x1 build/control.o
 .bss.Cnt4.8    0x2000076d        0x1 build/control.o
 .bss.DoorJin   0x2000076e        0x1 build/control.o
                0x2000076e                DoorJin
 *fill*         0x2000076f        0x1 
 .bss.FenH      0x20000770        0x4 build/control.o
                0x20000770                FenH
 .bss.FenM      0x20000774        0x4 build/control.o
                0x20000774                FenM
 .bss.FengJiSW  0x20000778        0x1 build/control.o
                0x20000778                FengJiSW
 .bss.JDQFLAG   0x20000779        0x1 build/control.o
                0x20000779                JDQFLAG
 *fill*         0x2000077a        0x2 
 .bss.JDQTIME   0x2000077c        0x4 build/control.o
                0x2000077c                JDQTIME
 .bss.JumpZha   0x20000780        0x1 build/control.o
                0x20000780                JumpZha
 *fill*         0x20000781        0x3 
 .bss.KeyV      0x20000784        0x4 build/control.o
                0x20000784                KeyV
 .bss.LedLeft   0x20000788        0x1 build/control.o
                0x20000788                LedLeft
 *fill*         0x20000789        0x3 
 .bss.LedRight  0x2000078c        0x1 build/control.o
                0x2000078c                LedRight
 *fill*         0x2000078d        0x3 
 .bss.LogTime   0x20000790        0x4 build/control.o
                0x20000790                LogTime
 .bss.LoopCnt.0
                0x20000794        0x4 build/control.o
 .bss.MENUINDEX
                0x20000798        0x2 build/control.o
                0x20000798                MENUINDEX
 .bss.MODAutoManuONOFF
                0x2000079a        0x1 build/control.o
                0x2000079a                MODAutoManuONOFF
 .bss.MODLoopShow
                0x2000079b        0x1 build/control.o
                0x2000079b                MODLoopShow
 .bss.MacFailed
                0x2000079c        0x1 build/control.o
                0x2000079c                MacFailed
 .bss.OverTemp  0x2000079d        0x1 build/control.o
                0x2000079d                OverTemp
 .bss.PowrASta  0x2000079e        0x1 build/control.o
                0x2000079e                PowrASta
 .bss.PowrBSta  0x2000079f        0x1 build/control.o
                0x2000079f                PowrBSta
 .bss.Tcala1    0x200007a0        0x4 build/control.o
                0x200007a0                Tcala1
 .bss.Tcala2    0x200007a4        0x4 build/control.o
                0x200007a4                Tcala2
 .bss.Tcala3    0x200007a8        0x4 build/control.o
                0x200007a8                Tcala3
 .bss.Tcala4    0x200007ac        0x4 build/control.o
                0x200007ac                Tcala4
 .bss.Tcala5    0x200007b0        0x4 build/control.o
                0x200007b0                Tcala5
 .bss.TempASta  0x200007b4        0x1 build/control.o
                0x200007b4                TempASta
 .bss.TempBSta  0x200007b5        0x1 build/control.o
                0x200007b5                TempBSta
 .bss.TempCSta  0x200007b6        0x1 build/control.o
                0x200007b6                TempCSta
 .bss.TestModeFlag
                0x200007b7        0x1 build/control.o
                0x200007b7                TestModeFlag
 .bss.btlv      0x200007b8        0x4 build/control.o
                0x200007b8                btlv
 .bss.chuShiLevel
                0x200007bc        0x1 build/control.o
                0x200007bc                chuShiLevel
 *fill*         0x200007bd        0x3 
 .bss.cnt.13    0x200007c0        0x4 build/control.o
 .bss.disBeep   0x200007c4        0x1 build/control.o
                0x200007c4                disBeep
 .bss.goBeep    0x200007c5        0x1 build/control.o
                0x200007c5                goBeep
 *fill*         0x200007c6        0x2 
 .bss.jojy      0x200007c8        0x4 build/control.o
                0x200007c8                jojy
 .bss.lCnt1.7   0x200007cc        0x4 build/control.o
 .bss.lCnt2.6   0x200007d0        0x4 build/control.o
 .bss.lCnt3.5   0x200007d4        0x4 build/control.o
 .bss.lCnt4.4   0x200007d8        0x4 build/control.o
 .bss.max.12    0x200007dc        0x4 build/control.o
 .bss.one1000msCnt
                0x200007e0        0x4 build/control.o
                0x200007e0                one1000msCnt
 .bss.oneMinuteCnt
                0x200007e4        0x4 build/control.o
                0x200007e4                oneMinuteCnt
 .bss.pTa       0x200007e8        0x4 build/control.o
                0x200007e8                pTa
 .bss.pTb       0x200007ec        0x4 build/control.o
                0x200007ec                pTb
 .bss.pTc       0x200007f0        0x4 build/control.o
                0x200007f0                pTc
 .bss.qThbThc.2
                0x200007f4        0x1 build/control.o
 *fill*         0x200007f5        0x3 
 .bss.readKeyTime
                0x200007f8        0x4 build/control.o
                0x200007f8                readKeyTime
 .bss.sst1      0x200007fc        0x6 build/control.o
                0x200007fc                sst1
 *fill*         0x20000802        0x2 
 .bss.sst2      0x20000804        0x6 build/control.o
                0x20000804                sst2
 *fill*         0x2000080a        0x2 
 .bss.sst3      0x2000080c        0x6 build/control.o
                0x2000080c                sst3
 .bss.state.14  0x20000812        0x1 build/control.o
 *fill*         0x20000813        0x1 
 .bss.sysms     0x20000814        0x4 build/control.o
                0x20000814                sysms
 .bss.willBeepTime
                0x20000818        0x4 build/control.o
                0x20000818                willBeepTime
 .bss.xa1       0x2000081c        0x4 build/control.o
                0x2000081c                xa1
 .bss.xa2       0x20000820        0x4 build/control.o
                0x20000820                xa2
 .bss.xunhuiCnt.3
                0x20000824        0x4 build/control.o
 .bss.RxBufU2   0x20000828      0x1f4 build/u2com.o
                0x20000828                RxBufU2
 .bss.RxLenU2   0x20000a1c        0x2 build/u2com.o
                0x20000a1c                RxLenU2
 *fill*         0x20000a1e        0x2 
 .bss.TxBufU2   0x20000a20       0xc8 build/u2com.o
                0x20000a20                TxBufU2
 .bss.rsRxIndex
                0x20000ae8        0x2 build/u2com.o
                0x20000ae8                rsRxIndex
 *fill*         0x20000aea        0x2 
 .bss.sRundata  0x20000aec       0x81 build/u2com.o
                0x20000aec                sRundata
 *fill*         0x20000b6d        0x3 
 .bss.THb       0x20000b70        0x8 build/DHT.o
                0x20000b70                THb
 .bss.THc       0x20000b78        0x8 build/DHT.o
                0x20000b78                THc
 .bss.stms.0    0x20000b80        0x4 build/stm32f0xx_it.o
 .bss.uwTick    0x20000b84        0x4 build/stm32f0xx_hal.o
                0x20000b84                uwTick
 .bss.__lock___malloc_recursive_mutex
                0x20000b88        0x1 c:/program files/gcc-arm-none-eabi-10.3-2021.10/bin/../lib/gcc/arm-none-eabi/10.3.1/../../../../arm-none-eabi/lib/thumb/v6-m/nofp\libc_nano.a(lib_a-lock.o)
                0x20000b88                __lock___malloc_recursive_mutex
 .bss.__lock___sfp_recursive_mutex
                0x20000b89        0x1 c:/program files/gcc-arm-none-eabi-10.3-2021.10/bin/../lib/gcc/arm-none-eabi/10.3.1/../../../../arm-none-eabi/lib/thumb/v6-m/nofp\libc_nano.a(lib_a-lock.o)
                0x20000b89                __lock___sfp_recursive_mutex
 .bss.__lock___sinit_recursive_mutex
                0x20000b8a        0x1 c:/program files/gcc-arm-none-eabi-10.3-2021.10/bin/../lib/gcc/arm-none-eabi/10.3.1/../../../../arm-none-eabi/lib/thumb/v6-m/nofp\libc_nano.a(lib_a-lock.o)
                0x20000b8a                __lock___sinit_recursive_mutex
 *fill*         0x20000b8b        0x1 
 .bss.__malloc_free_list
                0x20000b8c        0x4 c:/program files/gcc-arm-none-eabi-10.3-2021.10/bin/../lib/gcc/arm-none-eabi/10.3.1/../../../../arm-none-eabi/lib/thumb/v6-m/nofp\libc_nano.a(lib_a-nano-mallocr.o)
                0x20000b8c                __malloc_free_list
 .bss.__malloc_sbrk_start
                0x20000b90        0x4 c:/program files/gcc-arm-none-eabi-10.3-2021.10/bin/../lib/gcc/arm-none-eabi/10.3.1/../../../../arm-none-eabi/lib/thumb/v6-m/nofp\libc_nano.a(lib_a-nano-mallocr.o)
                0x20000b90                __malloc_sbrk_start
 .bss.errno     0x20000b94        0x4 c:/program files/gcc-arm-none-eabi-10.3-2021.10/bin/../lib/gcc/arm-none-eabi/10.3.1/../../../../arm-none-eabi/lib/thumb/v6-m/nofp\libc_nano.a(lib_a-reent.o)
                0x20000b94                errno
 .bss.heap_end.0
                0x20000b98        0x4 c:/program files/gcc-arm-none-eabi-10.3-2021.10/bin/../lib/gcc/arm-none-eabi/10.3.1/../../../../arm-none-eabi/lib/thumb/v6-m/nofp\libnosys.a(sbrk.o)
 *(COMMON)
                0x20000b9c                . = ALIGN (0x4)
                0x20000b9c                _ebss = .
                0x20000b9c                __bss_end__ = _ebss

._user_heap_stack
                0x20000b9c      0x604 load address 0x0800b048
                0x20000ba0                . = ALIGN (0x8)
 *fill*         0x20000b9c        0x4 
                0x20000ba0                PROVIDE (end = .)
                [!provide]                PROVIDE (_end = .)
                0x20000da0                . = (. + _Min_Heap_Size)
 *fill*         0x20000ba0      0x200 
                0x200011a0                . = (. + _Min_Stack_Size)
 *fill*         0x20000da0      0x400 
                0x200011a0                . = ALIGN (0x8)

/DISCARD/
 libc.a(*)
 libm.a(*)
 libgcc.a(*)

.ARM.attributes
                0x00000000       0x28
 *(.ARM.attributes)
 .ARM.attributes
                0x00000000       0x1e c:/program files/gcc-arm-none-eabi-10.3-2021.10/bin/../lib/gcc/arm-none-eabi/10.3.1/thumb/v6-m/nofp/crti.o
 .ARM.attributes
                0x0000001e       0x2c c:/program files/gcc-arm-none-eabi-10.3-2021.10/bin/../lib/gcc/arm-none-eabi/10.3.1/thumb/v6-m/nofp/crtbegin.o
 .ARM.attributes
                0x0000004a       0x2c build/main.o
 .ARM.attributes
                0x00000076       0x2c build/param.o
 .ARM.attributes
                0x000000a2       0x2c build/tm1640driver.o
 .ARM.attributes
                0x000000ce       0x2c build/24c02.o
 .ARM.attributes
                0x000000fa       0x2c build/control.o
 .ARM.attributes
                0x00000126       0x2c build/u2com.o
 .ARM.attributes
                0x00000152       0x2c build/smg.o
 .ARM.attributes
                0x0000017e       0x2c build/DHT.o
 .ARM.attributes
                0x000001aa       0x2c build/tlc5615.o
 .ARM.attributes
                0x000001d6       0x2c build/stm32f0xx_it.o
 .ARM.attributes
                0x00000202       0x2c build/stm32f0xx_hal_msp.o
 .ARM.attributes
                0x0000022e       0x2c build/stm32f0xx_hal_adc.o
 .ARM.attributes
                0x0000025a       0x2c build/stm32f0xx_hal_rcc.o
 .ARM.attributes
                0x00000286       0x2c build/stm32f0xx_hal_rcc_ex.o
 .ARM.attributes
                0x000002b2       0x2c build/stm32f0xx_hal.o
 .ARM.attributes
                0x000002de       0x2c build/stm32f0xx_hal_i2c.o
 .ARM.attributes
                0x0000030a       0x2c build/stm32f0xx_hal_i2c_ex.o
 .ARM.attributes
                0x00000336       0x2c build/stm32f0xx_hal_gpio.o
 .ARM.attributes
                0x00000362       0x2c build/stm32f0xx_hal_dma.o
 .ARM.attributes
                0x0000038e       0x2c build/stm32f0xx_hal_cortex.o
 .ARM.attributes
                0x000003ba       0x2c build/stm32f0xx_hal_uart.o
 .ARM.attributes
                0x000003e6       0x2c build/system_stm32f0xx.o
 .ARM.attributes
                0x00000412       0x21 build/startup_stm32f030x8.o
 .ARM.attributes
                0x00000433       0x2c c:/program files/gcc-arm-none-eabi-10.3-2021.10/bin/../lib/gcc/arm-none-eabi/10.3.1/../../../../arm-none-eabi/lib/thumb/v6-m/nofp\libc_nano.a(lib_a-impure.o)
 .ARM.attributes
                0x0000045f       0x2c c:/program files/gcc-arm-none-eabi-10.3-2021.10/bin/../lib/gcc/arm-none-eabi/10.3.1/../../../../arm-none-eabi/lib/thumb/v6-m/nofp\libc_nano.a(lib_a-init.o)
 .ARM.attributes
                0x0000048b       0x2c c:/program files/gcc-arm-none-eabi-10.3-2021.10/bin/../lib/gcc/arm-none-eabi/10.3.1/../../../../arm-none-eabi/lib/thumb/v6-m/nofp\libc_nano.a(lib_a-memcpy-stub.o)
 .ARM.attributes
                0x000004b7       0x2c c:/program files/gcc-arm-none-eabi-10.3-2021.10/bin/../lib/gcc/arm-none-eabi/10.3.1/../../../../arm-none-eabi/lib/thumb/v6-m/nofp\libc_nano.a(lib_a-memset.o)
 .ARM.attributes
                0x000004e3       0x2c c:/program files/gcc-arm-none-eabi-10.3-2021.10/bin/../lib/gcc/arm-none-eabi/10.3.1/../../../../arm-none-eabi/lib/thumb/v6-m/nofp\libc_nano.a(lib_a-puts.o)
 .ARM.attributes
                0x0000050f       0x2c c:/program files/gcc-arm-none-eabi-10.3-2021.10/bin/../lib/gcc/arm-none-eabi/10.3.1/../../../../arm-none-eabi/lib/thumb/v6-m/nofp\libc_nano.a(lib_a-sprintf.o)
 .ARM.attributes
                0x0000053b       0x2c c:/program files/gcc-arm-none-eabi-10.3-2021.10/bin/../lib/gcc/arm-none-eabi/10.3.1/../../../../arm-none-eabi/lib/thumb/v6-m/nofp\libc_nano.a(lib_a-wbuf.o)
 .ARM.attributes
                0x00000567       0x2c c:/program files/gcc-arm-none-eabi-10.3-2021.10/bin/../lib/gcc/arm-none-eabi/10.3.1/../../../../arm-none-eabi/lib/thumb/v6-m/nofp\libc_nano.a(lib_a-wsetup.o)
 .ARM.attributes
                0x00000593       0x2c c:/program files/gcc-arm-none-eabi-10.3-2021.10/bin/../lib/gcc/arm-none-eabi/10.3.1/../../../../arm-none-eabi/lib/thumb/v6-m/nofp\libc_nano.a(lib_a-fflush.o)
 .ARM.attributes
                0x000005bf       0x2c c:/program files/gcc-arm-none-eabi-10.3-2021.10/bin/../lib/gcc/arm-none-eabi/10.3.1/../../../../arm-none-eabi/lib/thumb/v6-m/nofp\libc_nano.a(lib_a-findfp.o)
 .ARM.attributes
                0x000005eb       0x2c c:/program files/gcc-arm-none-eabi-10.3-2021.10/bin/../lib/gcc/arm-none-eabi/10.3.1/../../../../arm-none-eabi/lib/thumb/v6-m/nofp\libc_nano.a(lib_a-fwalk.o)
 .ARM.attributes
                0x00000617       0x2c c:/program files/gcc-arm-none-eabi-10.3-2021.10/bin/../lib/gcc/arm-none-eabi/10.3.1/../../../../arm-none-eabi/lib/thumb/v6-m/nofp\libc_nano.a(lib_a-lock.o)
 .ARM.attributes
                0x00000643       0x2c c:/program files/gcc-arm-none-eabi-10.3-2021.10/bin/../lib/gcc/arm-none-eabi/10.3.1/../../../../arm-none-eabi/lib/thumb/v6-m/nofp\libc_nano.a(lib_a-makebuf.o)
 .ARM.attributes
                0x0000066f       0x2c c:/program files/gcc-arm-none-eabi-10.3-2021.10/bin/../lib/gcc/arm-none-eabi/10.3.1/../../../../arm-none-eabi/lib/thumb/v6-m/nofp\libc_nano.a(lib_a-nano-freer.o)
 .ARM.attributes
                0x0000069b       0x2c c:/program files/gcc-arm-none-eabi-10.3-2021.10/bin/../lib/gcc/arm-none-eabi/10.3.1/../../../../arm-none-eabi/lib/thumb/v6-m/nofp\libc_nano.a(lib_a-nano-mallocr.o)
 .ARM.attributes
                0x000006c7       0x2c c:/program files/gcc-arm-none-eabi-10.3-2021.10/bin/../lib/gcc/arm-none-eabi/10.3.1/../../../../arm-none-eabi/lib/thumb/v6-m/nofp\libc_nano.a(lib_a-nano-svfprintf.o)
 .ARM.attributes
                0x000006f3       0x2c c:/program files/gcc-arm-none-eabi-10.3-2021.10/bin/../lib/gcc/arm-none-eabi/10.3.1/../../../../arm-none-eabi/lib/thumb/v6-m/nofp\libc_nano.a(lib_a-nano-vfprintf_i.o)
 .ARM.attributes
                0x0000071f       0x2c c:/program files/gcc-arm-none-eabi-10.3-2021.10/bin/../lib/gcc/arm-none-eabi/10.3.1/../../../../arm-none-eabi/lib/thumb/v6-m/nofp\libc_nano.a(lib_a-sbrkr.o)
 .ARM.attributes
                0x0000074b       0x2c c:/program files/gcc-arm-none-eabi-10.3-2021.10/bin/../lib/gcc/arm-none-eabi/10.3.1/../../../../arm-none-eabi/lib/thumb/v6-m/nofp\libc_nano.a(lib_a-stdio.o)
 .ARM.attributes
                0x00000777       0x2c c:/program files/gcc-arm-none-eabi-10.3-2021.10/bin/../lib/gcc/arm-none-eabi/10.3.1/../../../../arm-none-eabi/lib/thumb/v6-m/nofp\libc_nano.a(lib_a-writer.o)
 .ARM.attributes
                0x000007a3       0x2c c:/program files/gcc-arm-none-eabi-10.3-2021.10/bin/../lib/gcc/arm-none-eabi/10.3.1/../../../../arm-none-eabi/lib/thumb/v6-m/nofp\libc_nano.a(lib_a-closer.o)
 .ARM.attributes
                0x000007cf       0x2c c:/program files/gcc-arm-none-eabi-10.3-2021.10/bin/../lib/gcc/arm-none-eabi/10.3.1/../../../../arm-none-eabi/lib/thumb/v6-m/nofp\libc_nano.a(lib_a-fstatr.o)
 .ARM.attributes
                0x000007fb       0x2c c:/program files/gcc-arm-none-eabi-10.3-2021.10/bin/../lib/gcc/arm-none-eabi/10.3.1/../../../../arm-none-eabi/lib/thumb/v6-m/nofp\libc_nano.a(lib_a-isattyr.o)
 .ARM.attributes
                0x00000827       0x2c c:/program files/gcc-arm-none-eabi-10.3-2021.10/bin/../lib/gcc/arm-none-eabi/10.3.1/../../../../arm-none-eabi/lib/thumb/v6-m/nofp\libc_nano.a(lib_a-lseekr.o)
 .ARM.attributes
                0x00000853       0x2c c:/program files/gcc-arm-none-eabi-10.3-2021.10/bin/../lib/gcc/arm-none-eabi/10.3.1/../../../../arm-none-eabi/lib/thumb/v6-m/nofp\libc_nano.a(lib_a-memchr-stub.o)
 .ARM.attributes
                0x0000087f       0x2c c:/program files/gcc-arm-none-eabi-10.3-2021.10/bin/../lib/gcc/arm-none-eabi/10.3.1/../../../../arm-none-eabi/lib/thumb/v6-m/nofp\libc_nano.a(lib_a-memmove.o)
 .ARM.attributes
                0x000008ab       0x2c c:/program files/gcc-arm-none-eabi-10.3-2021.10/bin/../lib/gcc/arm-none-eabi/10.3.1/../../../../arm-none-eabi/lib/thumb/v6-m/nofp\libc_nano.a(lib_a-mlock.o)
 .ARM.attributes
                0x000008d7       0x2c c:/program files/gcc-arm-none-eabi-10.3-2021.10/bin/../lib/gcc/arm-none-eabi/10.3.1/../../../../arm-none-eabi/lib/thumb/v6-m/nofp\libc_nano.a(lib_a-nano-reallocr.o)
 .ARM.attributes
                0x00000903       0x2c c:/program files/gcc-arm-none-eabi-10.3-2021.10/bin/../lib/gcc/arm-none-eabi/10.3.1/../../../../arm-none-eabi/lib/thumb/v6-m/nofp\libc_nano.a(lib_a-readr.o)
 .ARM.attributes
                0x0000092f       0x2c c:/program files/gcc-arm-none-eabi-10.3-2021.10/bin/../lib/gcc/arm-none-eabi/10.3.1/../../../../arm-none-eabi/lib/thumb/v6-m/nofp\libc_nano.a(lib_a-reent.o)
 .ARM.attributes
                0x0000095b       0x2c c:/program files/gcc-arm-none-eabi-10.3-2021.10/bin/../lib/gcc/arm-none-eabi/10.3.1/../../../../arm-none-eabi/lib/thumb/v6-m/nofp\libc_nano.a(lib_a-nano-msizer.o)
 .ARM.attributes
                0x00000987       0x2c c:/program files/gcc-arm-none-eabi-10.3-2021.10/bin/../lib/gcc/arm-none-eabi/10.3.1/../../../../arm-none-eabi/lib/thumb/v6-m/nofp\libnosys.a(close.o)
 .ARM.attributes
                0x000009b3       0x2c c:/program files/gcc-arm-none-eabi-10.3-2021.10/bin/../lib/gcc/arm-none-eabi/10.3.1/../../../../arm-none-eabi/lib/thumb/v6-m/nofp\libnosys.a(fstat.o)
 .ARM.attributes
                0x000009df       0x2c c:/program files/gcc-arm-none-eabi-10.3-2021.10/bin/../lib/gcc/arm-none-eabi/10.3.1/../../../../arm-none-eabi/lib/thumb/v6-m/nofp\libnosys.a(isatty.o)
 .ARM.attributes
                0x00000a0b       0x2c c:/program files/gcc-arm-none-eabi-10.3-2021.10/bin/../lib/gcc/arm-none-eabi/10.3.1/../../../../arm-none-eabi/lib/thumb/v6-m/nofp\libnosys.a(lseek.o)
 .ARM.attributes
                0x00000a37       0x2c c:/program files/gcc-arm-none-eabi-10.3-2021.10/bin/../lib/gcc/arm-none-eabi/10.3.1/../../../../arm-none-eabi/lib/thumb/v6-m/nofp\libnosys.a(read.o)
 .ARM.attributes
                0x00000a63       0x2c c:/program files/gcc-arm-none-eabi-10.3-2021.10/bin/../lib/gcc/arm-none-eabi/10.3.1/../../../../arm-none-eabi/lib/thumb/v6-m/nofp\libnosys.a(sbrk.o)
 .ARM.attributes
                0x00000a8f       0x2c c:/program files/gcc-arm-none-eabi-10.3-2021.10/bin/../lib/gcc/arm-none-eabi/10.3.1/../../../../arm-none-eabi/lib/thumb/v6-m/nofp\libnosys.a(write.o)
 .ARM.attributes
                0x00000abb       0x1e c:/program files/gcc-arm-none-eabi-10.3-2021.10/bin/../lib/gcc/arm-none-eabi/10.3.1/thumb/v6-m/nofp\libgcc.a(_thumb1_case_shi.o)
 .ARM.attributes
                0x00000ad9       0x1e c:/program files/gcc-arm-none-eabi-10.3-2021.10/bin/../lib/gcc/arm-none-eabi/10.3.1/thumb/v6-m/nofp\libgcc.a(_udivsi3.o)
 .ARM.attributes
                0x00000af7       0x1e c:/program files/gcc-arm-none-eabi-10.3-2021.10/bin/../lib/gcc/arm-none-eabi/10.3.1/thumb/v6-m/nofp\libgcc.a(_divsi3.o)
 .ARM.attributes
                0x00000b15       0x1e c:/program files/gcc-arm-none-eabi-10.3-2021.10/bin/../lib/gcc/arm-none-eabi/10.3.1/thumb/v6-m/nofp\libgcc.a(_dvmd_tls.o)
 .ARM.attributes
                0x00000b33       0x1e c:/program files/gcc-arm-none-eabi-10.3-2021.10/bin/../lib/gcc/arm-none-eabi/10.3.1/thumb/v6-m/nofp\libgcc.a(_arm_cmpsf2.o)
 .ARM.attributes
                0x00000b51       0x2c c:/program files/gcc-arm-none-eabi-10.3-2021.10/bin/../lib/gcc/arm-none-eabi/10.3.1/thumb/v6-m/nofp\libgcc.a(_fixunsdfsi.o)
 .ARM.attributes
                0x00000b7d       0x2c c:/program files/gcc-arm-none-eabi-10.3-2021.10/bin/../lib/gcc/arm-none-eabi/10.3.1/thumb/v6-m/nofp\libgcc.a(addsf3.o)
 .ARM.attributes
                0x00000ba9       0x2c c:/program files/gcc-arm-none-eabi-10.3-2021.10/bin/../lib/gcc/arm-none-eabi/10.3.1/thumb/v6-m/nofp\libgcc.a(divsf3.o)
 .ARM.attributes
                0x00000bd5       0x2c c:/program files/gcc-arm-none-eabi-10.3-2021.10/bin/../lib/gcc/arm-none-eabi/10.3.1/thumb/v6-m/nofp\libgcc.a(eqsf2.o)
 .ARM.attributes
                0x00000c01       0x2c c:/program files/gcc-arm-none-eabi-10.3-2021.10/bin/../lib/gcc/arm-none-eabi/10.3.1/thumb/v6-m/nofp\libgcc.a(gesf2.o)
 .ARM.attributes
                0x00000c2d       0x2c c:/program files/gcc-arm-none-eabi-10.3-2021.10/bin/../lib/gcc/arm-none-eabi/10.3.1/thumb/v6-m/nofp\libgcc.a(lesf2.o)
 .ARM.attributes
                0x00000c59       0x2c c:/program files/gcc-arm-none-eabi-10.3-2021.10/bin/../lib/gcc/arm-none-eabi/10.3.1/thumb/v6-m/nofp\libgcc.a(mulsf3.o)
 .ARM.attributes
                0x00000c85       0x2c c:/program files/gcc-arm-none-eabi-10.3-2021.10/bin/../lib/gcc/arm-none-eabi/10.3.1/thumb/v6-m/nofp\libgcc.a(subsf3.o)
 .ARM.attributes
                0x00000cb1       0x2c c:/program files/gcc-arm-none-eabi-10.3-2021.10/bin/../lib/gcc/arm-none-eabi/10.3.1/thumb/v6-m/nofp\libgcc.a(fixsfsi.o)
 .ARM.attributes
                0x00000cdd       0x2c c:/program files/gcc-arm-none-eabi-10.3-2021.10/bin/../lib/gcc/arm-none-eabi/10.3.1/thumb/v6-m/nofp\libgcc.a(floatsisf.o)
 .ARM.attributes
                0x00000d09       0x2c c:/program files/gcc-arm-none-eabi-10.3-2021.10/bin/../lib/gcc/arm-none-eabi/10.3.1/thumb/v6-m/nofp\libgcc.a(floatunsisf.o)
 .ARM.attributes
                0x00000d35       0x2c c:/program files/gcc-arm-none-eabi-10.3-2021.10/bin/../lib/gcc/arm-none-eabi/10.3.1/thumb/v6-m/nofp\libgcc.a(muldf3.o)
 .ARM.attributes
                0x00000d61       0x2c c:/program files/gcc-arm-none-eabi-10.3-2021.10/bin/../lib/gcc/arm-none-eabi/10.3.1/thumb/v6-m/nofp\libgcc.a(subdf3.o)
 .ARM.attributes
                0x00000d8d       0x2c c:/program files/gcc-arm-none-eabi-10.3-2021.10/bin/../lib/gcc/arm-none-eabi/10.3.1/thumb/v6-m/nofp\libgcc.a(fixdfsi.o)
 .ARM.attributes
                0x00000db9       0x2c c:/program files/gcc-arm-none-eabi-10.3-2021.10/bin/../lib/gcc/arm-none-eabi/10.3.1/thumb/v6-m/nofp\libgcc.a(extendsfdf2.o)
 .ARM.attributes
                0x00000de5       0x1e c:/program files/gcc-arm-none-eabi-10.3-2021.10/bin/../lib/gcc/arm-none-eabi/10.3.1/thumb/v6-m/nofp\libgcc.a(_arm_cmpdf2.o)
 .ARM.attributes
                0x00000e03       0x1e c:/program files/gcc-arm-none-eabi-10.3-2021.10/bin/../lib/gcc/arm-none-eabi/10.3.1/thumb/v6-m/nofp\libgcc.a(_clzsi2.o)
 .ARM.attributes
                0x00000e21       0x2c c:/program files/gcc-arm-none-eabi-10.3-2021.10/bin/../lib/gcc/arm-none-eabi/10.3.1/thumb/v6-m/nofp\libgcc.a(eqdf2.o)
 .ARM.attributes
                0x00000e4d       0x2c c:/program files/gcc-arm-none-eabi-10.3-2021.10/bin/../lib/gcc/arm-none-eabi/10.3.1/thumb/v6-m/nofp\libgcc.a(gedf2.o)
 .ARM.attributes
                0x00000e79       0x2c c:/program files/gcc-arm-none-eabi-10.3-2021.10/bin/../lib/gcc/arm-none-eabi/10.3.1/thumb/v6-m/nofp\libgcc.a(ledf2.o)
 .ARM.attributes
                0x00000ea5       0x1e c:/program files/gcc-arm-none-eabi-10.3-2021.10/bin/../lib/gcc/arm-none-eabi/10.3.1/thumb/v6-m/nofp/crtn.o
OUTPUT(build/tempcode.elf elf32-littlearm)
LOAD linker stubs
LOAD c:/program files/gcc-arm-none-eabi-10.3-2021.10/bin/../lib/gcc/arm-none-eabi/10.3.1/../../../../arm-none-eabi/lib/thumb/v6-m/nofp\libc.a
LOAD c:/program files/gcc-arm-none-eabi-10.3-2021.10/bin/../lib/gcc/arm-none-eabi/10.3.1/../../../../arm-none-eabi/lib/thumb/v6-m/nofp\libm.a
LOAD c:/program files/gcc-arm-none-eabi-10.3-2021.10/bin/../lib/gcc/arm-none-eabi/10.3.1/thumb/v6-m/nofp\libgcc.a

.debug_info     0x00000000    0x180ad
 .debug_info    0x00000000     0x1b6b build/main.o
 .debug_info    0x00001b6b      0x50b build/param.o
 .debug_info    0x00002076      0x75c build/tm1640driver.o
 .debug_info    0x000027d2      0x8d5 build/24c02.o
 .debug_info    0x000030a7     0x2998 build/control.o
 .debug_info    0x00005a3f     0x145d build/u2com.o
 .debug_info    0x00006e9c      0x4b0 build/smg.o
 .debug_info    0x0000734c      0x6e5 build/DHT.o
 .debug_info    0x00007a31      0x504 build/tlc5615.o
 .debug_info    0x00007f35      0x99c build/stm32f0xx_it.o
 .debug_info    0x000088d1     0x150c build/stm32f0xx_hal_msp.o
 .debug_info    0x00009ddd     0x10da build/stm32f0xx_hal_adc.o
 .debug_info    0x0000aeb7      0xb28 build/stm32f0xx_hal_rcc.o
 .debug_info    0x0000b9df      0x41c build/stm32f0xx_hal_rcc_ex.o
 .debug_info    0x0000bdfb      0x7e8 build/stm32f0xx_hal.o
 .debug_info    0x0000c5e3     0x43f8 build/stm32f0xx_hal_i2c.o
 .debug_info    0x000109db      0x928 build/stm32f0xx_hal_i2c_ex.o
 .debug_info    0x00011303      0x6c3 build/stm32f0xx_hal_gpio.o
 .debug_info    0x000119c6      0x91b build/stm32f0xx_hal_dma.o
 .debug_info    0x000122e1      0x8ac build/stm32f0xx_hal_cortex.o
 .debug_info    0x00012b8d     0x5242 build/stm32f0xx_hal_uart.o
 .debug_info    0x00017dcf      0x2bc build/system_stm32f0xx.o
 .debug_info    0x0001808b       0x22 build/startup_stm32f030x8.o

.debug_abbrev   0x00000000     0x2d31
 .debug_abbrev  0x00000000      0x289 build/main.o
 .debug_abbrev  0x00000289       0xa6 build/param.o
 .debug_abbrev  0x0000032f      0x19b build/tm1640driver.o
 .debug_abbrev  0x000004ca      0x1d6 build/24c02.o
 .debug_abbrev  0x000006a0      0x26c build/control.o
 .debug_abbrev  0x0000090c      0x28a build/u2com.o
 .debug_abbrev  0x00000b96      0x1b2 build/smg.o
 .debug_abbrev  0x00000d48      0x200 build/DHT.o
 .debug_abbrev  0x00000f48      0x180 build/tlc5615.o
 .debug_abbrev  0x000010c8      0x1b8 build/stm32f0xx_it.o
 .debug_abbrev  0x00001280      0x23f build/stm32f0xx_hal_msp.o
 .debug_abbrev  0x000014bf      0x24d build/stm32f0xx_hal_adc.o
 .debug_abbrev  0x0000170c      0x280 build/stm32f0xx_hal_rcc.o
 .debug_abbrev  0x0000198c      0x1ab build/stm32f0xx_hal_rcc_ex.o
 .debug_abbrev  0x00001b37      0x249 build/stm32f0xx_hal.o
 .debug_abbrev  0x00001d80      0x2c1 build/stm32f0xx_hal_i2c.o
 .debug_abbrev  0x00002041      0x1c6 build/stm32f0xx_hal_i2c_ex.o
 .debug_abbrev  0x00002207      0x222 build/stm32f0xx_hal_gpio.o
 .debug_abbrev  0x00002429      0x212 build/stm32f0xx_hal_dma.o
 .debug_abbrev  0x0000263b      0x2ab build/stm32f0xx_hal_cortex.o
 .debug_abbrev  0x000028e6      0x305 build/stm32f0xx_hal_uart.o
 .debug_abbrev  0x00002beb      0x134 build/system_stm32f0xx.o
 .debug_abbrev  0x00002d1f       0x12 build/startup_stm32f030x8.o

.debug_loc      0x00000000     0xdffd
 .debug_loc     0x00000000      0x13e build/main.o
 .debug_loc     0x0000013e       0x20 build/param.o
 .debug_loc     0x0000015e      0x25a build/tm1640driver.o
 .debug_loc     0x000003b8      0x372 build/24c02.o
 .debug_loc     0x0000072a       0xf1 build/control.o
 .debug_loc     0x0000081b      0x299 build/u2com.o
 .debug_loc     0x00000ab4      0x200 build/smg.o
 .debug_loc     0x00000cb4      0x260 build/DHT.o
 .debug_loc     0x00000f14      0x10b build/tlc5615.o
 .debug_loc     0x0000101f       0xc0 build/stm32f0xx_it.o
 .debug_loc     0x000010df      0x2c5 build/stm32f0xx_hal_msp.o
 .debug_loc     0x000013a4     0x1100 build/stm32f0xx_hal_adc.o
 .debug_loc     0x000024a4      0x71f build/stm32f0xx_hal_rcc.o
 .debug_loc     0x00002bc3      0x3e3 build/stm32f0xx_hal_rcc_ex.o
 .debug_loc     0x00002fa6      0x1e1 build/stm32f0xx_hal.o
 .debug_loc     0x00003187     0x59c4 build/stm32f0xx_hal_i2c.o
 .debug_loc     0x00008b4b      0x1d2 build/stm32f0xx_hal_i2c_ex.o
 .debug_loc     0x00008d1d      0x420 build/stm32f0xx_hal_gpio.o
 .debug_loc     0x0000913d      0xa87 build/stm32f0xx_hal_dma.o
 .debug_loc     0x00009bc4      0x473 build/stm32f0xx_hal_cortex.o
 .debug_loc     0x0000a037     0x3e3f build/stm32f0xx_hal_uart.o
 .debug_loc     0x0000de76      0x187 build/system_stm32f0xx.o

.debug_aranges  0x00000000      0xbb8
 .debug_aranges
                0x00000000       0x60 build/main.o
 .debug_aranges
                0x00000060       0x20 build/param.o
 .debug_aranges
                0x00000080       0x58 build/tm1640driver.o
 .debug_aranges
                0x000000d8       0x28 build/24c02.o
 .debug_aranges
                0x00000100       0x30 build/control.o
 .debug_aranges
                0x00000130       0x30 build/u2com.o
 .debug_aranges
                0x00000160       0x30 build/smg.o
 .debug_aranges
                0x00000190       0x30 build/DHT.o
 .debug_aranges
                0x000001c0       0x30 build/tlc5615.o
 .debug_aranges
                0x000001f0       0x68 build/stm32f0xx_it.o
 .debug_aranges
                0x00000258       0x50 build/stm32f0xx_hal_msp.o
 .debug_aranges
                0x000002a8       0xf8 build/stm32f0xx_hal_adc.o
 .debug_aranges
                0x000003a0       0x80 build/stm32f0xx_hal_rcc.o
 .debug_aranges
                0x00000420       0x30 build/stm32f0xx_hal_rcc_ex.o
 .debug_aranges
                0x00000450       0xd0 build/stm32f0xx_hal.o
 .debug_aranges
                0x00000520      0x2a0 build/stm32f0xx_hal_i2c.o
 .debug_aranges
                0x000007c0       0x38 build/stm32f0xx_hal_i2c_ex.o
 .debug_aranges
                0x000007f8       0x58 build/stm32f0xx_hal_gpio.o
 .debug_aranges
                0x00000850       0x88 build/stm32f0xx_hal_dma.o
 .debug_aranges
                0x000008d8       0x78 build/stm32f0xx_hal_cortex.o
 .debug_aranges
                0x00000950      0x218 build/stm32f0xx_hal_uart.o
 .debug_aranges
                0x00000b68       0x28 build/system_stm32f0xx.o
 .debug_aranges
                0x00000b90       0x28 build/startup_stm32f030x8.o

.debug_ranges   0x00000000      0xb10
 .debug_ranges  0x00000000       0x50 build/main.o
 .debug_ranges  0x00000050       0x10 build/param.o
 .debug_ranges  0x00000060       0x48 build/tm1640driver.o
 .debug_ranges  0x000000a8       0x18 build/24c02.o
 .debug_ranges  0x000000c0       0x20 build/control.o
 .debug_ranges  0x000000e0       0x20 build/u2com.o
 .debug_ranges  0x00000100       0x20 build/smg.o
 .debug_ranges  0x00000120       0x50 build/DHT.o
 .debug_ranges  0x00000170       0x20 build/tlc5615.o
 .debug_ranges  0x00000190       0x58 build/stm32f0xx_it.o
 .debug_ranges  0x000001e8       0x40 build/stm32f0xx_hal_msp.o
 .debug_ranges  0x00000228       0xe8 build/stm32f0xx_hal_adc.o
 .debug_ranges  0x00000310       0x88 build/stm32f0xx_hal_rcc.o
 .debug_ranges  0x00000398       0x38 build/stm32f0xx_hal_rcc_ex.o
 .debug_ranges  0x000003d0       0xc0 build/stm32f0xx_hal.o
 .debug_ranges  0x00000490      0x290 build/stm32f0xx_hal_i2c.o
 .debug_ranges  0x00000720       0x28 build/stm32f0xx_hal_i2c_ex.o
 .debug_ranges  0x00000748       0x48 build/stm32f0xx_hal_gpio.o
 .debug_ranges  0x00000790       0x78 build/stm32f0xx_hal_dma.o
 .debug_ranges  0x00000808       0xc8 build/stm32f0xx_hal_cortex.o
 .debug_ranges  0x000008d0      0x208 build/stm32f0xx_hal_uart.o
 .debug_ranges  0x00000ad8       0x18 build/system_stm32f0xx.o
 .debug_ranges  0x00000af0       0x20 build/startup_stm32f030x8.o

.debug_line     0x00000000    0x129de
 .debug_line    0x00000000      0x70e build/main.o
 .debug_line    0x0000070e      0x1f7 build/param.o
 .debug_line    0x00000905      0x346 build/tm1640driver.o
 .debug_line    0x00000c4b      0x361 build/24c02.o
 .debug_line    0x00000fac     0x2d0b build/control.o
 .debug_line    0x00003cb7      0x688 build/u2com.o
 .debug_line    0x0000433f      0xc18 build/smg.o
 .debug_line    0x00004f57      0x4cf build/DHT.o
 .debug_line    0x00005426      0x2aa build/tlc5615.o
 .debug_line    0x000056d0      0x32a build/stm32f0xx_it.o
 .debug_line    0x000059fa      0x555 build/stm32f0xx_hal_msp.o
 .debug_line    0x00005f4f      0xfe1 build/stm32f0xx_hal_adc.o
 .debug_line    0x00006f30      0xb3c build/stm32f0xx_hal_rcc.o
 .debug_line    0x00007a6c      0x473 build/stm32f0xx_hal_rcc_ex.o
 .debug_line    0x00007edf      0x4ee build/stm32f0xx_hal.o
 .debug_line    0x000083cd     0x4f6b build/stm32f0xx_hal_i2c.o
 .debug_line    0x0000d338      0x387 build/stm32f0xx_hal_i2c_ex.o
 .debug_line    0x0000d6bf      0x647 build/stm32f0xx_hal_gpio.o
 .debug_line    0x0000dd06      0x9e7 build/stm32f0xx_hal_dma.o
 .debug_line    0x0000e6ed      0x4fa build/stm32f0xx_hal_cortex.o
 .debug_line    0x0000ebe7     0x3b73 build/stm32f0xx_hal_uart.o
 .debug_line    0x0001275a      0x20d build/system_stm32f0xx.o
 .debug_line    0x00012967       0x77 build/startup_stm32f030x8.o

.debug_str      0x00000000     0x3642
 .debug_str     0x00000000      0xfc4 build/main.o
                               0x10cb (size before relaxing)
 .debug_str     0x00000fc4       0x9e build/param.o
                                0x1f7 (size before relaxing)
 .debug_str     0x00001062       0x83 build/tm1640driver.o
                                0x27c (size before relaxing)
 .debug_str     0x000010e5       0x75 build/24c02.o
                                0x6e0 (size before relaxing)
 .debug_str     0x0000115a      0x399 build/control.o
                                0x9cc (size before relaxing)
 .debug_str     0x000014f3      0x10d build/u2com.o
                                0x9d7 (size before relaxing)
 .debug_str     0x00001600       0x39 build/smg.o
                                0x252 (size before relaxing)
 .debug_str     0x00001639       0x4f build/DHT.o
                                0x36e (size before relaxing)
 .debug_str     0x00001688       0x50 build/tlc5615.o
                                0x2b9 (size before relaxing)
 .debug_str     0x000016d8      0x10c build/stm32f0xx_it.o
                                0x747 (size before relaxing)
 .debug_str     0x000017e4       0xd6 build/stm32f0xx_hal_msp.o
                                0xd8e (size before relaxing)
 .debug_str     0x000018ba      0x2e1 build/stm32f0xx_hal_adc.o
                                0x8d5 (size before relaxing)
 .debug_str     0x00001b9b      0x22b build/stm32f0xx_hal_rcc.o
                                0x638 (size before relaxing)
 .debug_str     0x00001dc6       0x94 build/stm32f0xx_hal_rcc_ex.o
                                0x38f (size before relaxing)
 .debug_str     0x00001e5a      0x251 build/stm32f0xx_hal.o
                                0x680 (size before relaxing)
 .debug_str     0x000020ab      0x885 build/stm32f0xx_hal_i2c.o
                                0xfa6 (size before relaxing)
 .debug_str     0x00002930       0x9c build/stm32f0xx_hal_i2c_ex.o
                                0x79f (size before relaxing)
 .debug_str     0x000029cc       0xe1 build/stm32f0xx_hal_gpio.o
                                0x3d7 (size before relaxing)
 .debug_str     0x00002aad      0x1df build/stm32f0xx_hal_dma.o
                                0x5fa (size before relaxing)
 .debug_str     0x00002c8c      0x243 build/stm32f0xx_hal_cortex.o
                                0x5cb (size before relaxing)
 .debug_str     0x00002ecf      0x6f3 build/stm32f0xx_hal_uart.o
                                0xe75 (size before relaxing)
 .debug_str     0x000035c2       0x5c build/system_stm32f0xx.o
                                0x254 (size before relaxing)
 .debug_str     0x0000361e       0x24 build/startup_stm32f030x8.o
                                 0x49 (size before relaxing)

.comment        0x00000000       0x49
 .comment       0x00000000       0x49 build/main.o
                                 0x4a (size before relaxing)
 .comment       0x00000049       0x4a build/param.o
 .comment       0x00000049       0x4a build/tm1640driver.o
 .comment       0x00000049       0x4a build/24c02.o
 .comment       0x00000049       0x4a build/control.o
 .comment       0x00000049       0x4a build/u2com.o
 .comment       0x00000049       0x4a build/smg.o
 .comment       0x00000049       0x4a build/DHT.o
 .comment       0x00000049       0x4a build/tlc5615.o
 .comment       0x00000049       0x4a build/stm32f0xx_it.o
 .comment       0x00000049       0x4a build/stm32f0xx_hal_msp.o
 .comment       0x00000049       0x4a build/stm32f0xx_hal_adc.o
 .comment       0x00000049       0x4a build/stm32f0xx_hal_rcc.o
 .comment       0x00000049       0x4a build/stm32f0xx_hal_rcc_ex.o
 .comment       0x00000049       0x4a build/stm32f0xx_hal.o
 .comment       0x00000049       0x4a build/stm32f0xx_hal_i2c.o
 .comment       0x00000049       0x4a build/stm32f0xx_hal_i2c_ex.o
 .comment       0x00000049       0x4a build/stm32f0xx_hal_gpio.o
 .comment       0x00000049       0x4a build/stm32f0xx_hal_dma.o
 .comment       0x00000049       0x4a build/stm32f0xx_hal_cortex.o
 .comment       0x00000049       0x4a build/stm32f0xx_hal_uart.o
 .comment       0x00000049       0x4a build/system_stm32f0xx.o

.debug_frame    0x00000000     0x2bc0
 .debug_frame   0x00000000      0x104 build/main.o
 .debug_frame   0x00000104       0x28 build/param.o
 .debug_frame   0x0000012c       0xe0 build/tm1640driver.o
 .debug_frame   0x0000020c       0x60 build/24c02.o
 .debug_frame   0x0000026c       0x6c build/control.o
 .debug_frame   0x000002d8       0x60 build/u2com.o
 .debug_frame   0x00000338       0x6c build/smg.o
 .debug_frame   0x000003a4       0x70 build/DHT.o
 .debug_frame   0x00000414       0x60 build/tlc5615.o
 .debug_frame   0x00000474       0xe0 build/stm32f0xx_it.o
 .debug_frame   0x00000554       0xc0 build/stm32f0xx_hal_msp.o
 .debug_frame   0x00000614      0x2a4 build/stm32f0xx_hal_adc.o
 .debug_frame   0x000008b8      0x134 build/stm32f0xx_hal_rcc.o
 .debug_frame   0x000009ec       0x58 build/stm32f0xx_hal_rcc_ex.o
 .debug_frame   0x00000a44      0x1ac build/stm32f0xx_hal.o
 .debug_frame   0x00000bf0      0x8b0 build/stm32f0xx_hal_i2c.o
 .debug_frame   0x000014a0       0x78 build/stm32f0xx_hal_i2c_ex.o
 .debug_frame   0x00001518       0xc0 build/stm32f0xx_hal_gpio.o
 .debug_frame   0x000015d8      0x168 build/stm32f0xx_hal_dma.o
 .debug_frame   0x00001740       0xe4 build/stm32f0xx_hal_cortex.o
 .debug_frame   0x00001824      0x5f8 build/stm32f0xx_hal_uart.o
 .debug_frame   0x00001e1c       0x38 build/system_stm32f0xx.o
 .debug_frame   0x00001e54       0x2c c:/program files/gcc-arm-none-eabi-10.3-2021.10/bin/../lib/gcc/arm-none-eabi/10.3.1/../../../../arm-none-eabi/lib/thumb/v6-m/nofp\libc_nano.a(lib_a-init.o)
 .debug_frame   0x00001e80       0x28 c:/program files/gcc-arm-none-eabi-10.3-2021.10/bin/../lib/gcc/arm-none-eabi/10.3.1/../../../../arm-none-eabi/lib/thumb/v6-m/nofp\libc_nano.a(lib_a-memcpy-stub.o)
 .debug_frame   0x00001ea8       0x20 c:/program files/gcc-arm-none-eabi-10.3-2021.10/bin/../lib/gcc/arm-none-eabi/10.3.1/../../../../arm-none-eabi/lib/thumb/v6-m/nofp\libc_nano.a(lib_a-memset.o)
 .debug_frame   0x00001ec8       0x44 c:/program files/gcc-arm-none-eabi-10.3-2021.10/bin/../lib/gcc/arm-none-eabi/10.3.1/../../../../arm-none-eabi/lib/thumb/v6-m/nofp\libc_nano.a(lib_a-puts.o)
 .debug_frame   0x00001f0c       0x48 c:/program files/gcc-arm-none-eabi-10.3-2021.10/bin/../lib/gcc/arm-none-eabi/10.3.1/../../../../arm-none-eabi/lib/thumb/v6-m/nofp\libc_nano.a(lib_a-sprintf.o)
 .debug_frame   0x00001f54       0x48 c:/program files/gcc-arm-none-eabi-10.3-2021.10/bin/../lib/gcc/arm-none-eabi/10.3.1/../../../../arm-none-eabi/lib/thumb/v6-m/nofp\libc_nano.a(lib_a-wbuf.o)