Archive member included to satisfy reference by file (symbol)

c:/program files (x86)/openocdarmgccbuildtools/gcc-arm-none-eabi-10.3-2021.10-win32/bin/../lib/gcc/arm-none-eabi/10.3.1/../../../../arm-none-eabi/lib/thumb/v6-m/nofp\libc_nano.a(lib_a-exit.o)
                              c:/program files (x86)/openocdarmgccbuildtools/gcc-arm-none-eabi-10.3-2021.10-win32/bin/../lib/gcc/arm-none-eabi/10.3.1/../../../../arm-none-eabi/lib/thumb/v6-m/nofp/crt0.o (exit)
c:/program files (x86)/openocdarmgccbuildtools/gcc-arm-none-eabi-10.3-2021.10-win32/bin/../lib/gcc/arm-none-eabi/10.3.1/../../../../arm-none-eabi/lib/thumb/v6-m/nofp\libc_nano.a(lib_a-impure.o)
                              c:/program files (x86)/openocdarmgccbuildtools/gcc-arm-none-eabi-10.3-2021.10-win32/bin/../lib/gcc/arm-none-eabi/10.3.1/../../../../arm-none-eabi/lib/thumb/v6-m/nofp\libc_nano.a(lib_a-exit.o) (_global_impure_ptr)
c:/program files (x86)/openocdarmgccbuildtools/gcc-arm-none-eabi-10.3-2021.10-win32/bin/../lib/gcc/arm-none-eabi/10.3.1/../../../../arm-none-eabi/lib/thumb/v6-m/nofp\libc_nano.a(lib_a-init.o)
                              c:/program files (x86)/openocdarmgccbuildtools/gcc-arm-none-eabi-10.3-2021.10-win32/bin/../lib/gcc/arm-none-eabi/10.3.1/../../../../arm-none-eabi/lib/thumb/v6-m/nofp/crt0.o (__libc_init_array)
c:/program files (x86)/openocdarmgccbuildtools/gcc-arm-none-eabi-10.3-2021.10-win32/bin/../lib/gcc/arm-none-eabi/10.3.1/../../../../arm-none-eabi/lib/thumb/v6-m/nofp\libc_nano.a(lib_a-memset.o)
                              c:/program files (x86)/openocdarmgccbuildtools/gcc-arm-none-eabi-10.3-2021.10-win32/bin/../lib/gcc/arm-none-eabi/10.3.1/../../../../arm-none-eabi/lib/thumb/v6-m/nofp/crt0.o (memset)
c:/program files (x86)/openocdarmgccbuildtools/gcc-arm-none-eabi-10.3-2021.10-win32/bin/../lib/gcc/arm-none-eabi/10.3.1/../../../../arm-none-eabi/lib/thumb/v6-m/nofp\libnosys.a(_exit.o)
                              c:/program files (x86)/openocdarmgccbuildtools/gcc-arm-none-eabi-10.3-2021.10-win32/bin/../lib/gcc/arm-none-eabi/10.3.1/../../../../arm-none-eabi/lib/thumb/v6-m/nofp\libc_nano.a(lib_a-exit.o) (_exit)
c:/program files (x86)/openocdarmgccbuildtools/gcc-arm-none-eabi-10.3-2021.10-win32/bin/../lib/gcc/arm-none-eabi/10.3.1/thumb/v6-m/nofp\libgcc.a(_udivsi3.o)
                              build/main.o (__aeabi_uidiv)
c:/program files (x86)/openocdarmgccbuildtools/gcc-arm-none-eabi-10.3-2021.10-win32/bin/../lib/gcc/arm-none-eabi/10.3.1/thumb/v6-m/nofp\libgcc.a(_dvmd_tls.o)
                              c:/program files (x86)/openocdarmgccbuildtools/gcc-arm-none-eabi-10.3-2021.10-win32/bin/../lib/gcc/arm-none-eabi/10.3.1/thumb/v6-m/nofp\libgcc.a(_udivsi3.o) (__aeabi_idiv0)

Discarded input sections

 .text          0x00000000        0x0 c:/program files (x86)/openocdarmgccbuildtools/gcc-arm-none-eabi-10.3-2021.10-win32/bin/../lib/gcc/arm-none-eabi/10.3.1/thumb/v6-m/nofp/crti.o
 .data          0x00000000        0x0 c:/program files (x86)/openocdarmgccbuildtools/gcc-arm-none-eabi-10.3-2021.10-win32/bin/../lib/gcc/arm-none-eabi/10.3.1/thumb/v6-m/nofp/crti.o
 .bss           0x00000000        0x0 c:/program files (x86)/openocdarmgccbuildtools/gcc-arm-none-eabi-10.3-2021.10-win32/bin/../lib/gcc/arm-none-eabi/10.3.1/thumb/v6-m/nofp/crti.o
 .data          0x00000000        0x4 c:/program files (x86)/openocdarmgccbuildtools/gcc-arm-none-eabi-10.3-2021.10-win32/bin/../lib/gcc/arm-none-eabi/10.3.1/thumb/v6-m/nofp/crtbegin.o
 .rodata        0x00000000       0x24 c:/program files (x86)/openocdarmgccbuildtools/gcc-arm-none-eabi-10.3-2021.10-win32/bin/../lib/gcc/arm-none-eabi/10.3.1/thumb/v6-m/nofp/crtbegin.o
 .text          0x00000000       0x80 c:/program files (x86)/openocdarmgccbuildtools/gcc-arm-none-eabi-10.3-2021.10-win32/bin/../lib/gcc/arm-none-eabi/10.3.1/../../../../arm-none-eabi/lib/thumb/v6-m/nofp/crt0.o
 .data          0x00000000        0x0 c:/program files (x86)/openocdarmgccbuildtools/gcc-arm-none-eabi-10.3-2021.10-win32/bin/../lib/gcc/arm-none-eabi/10.3.1/../../../../arm-none-eabi/lib/thumb/v6-m/nofp/crt0.o
 .bss           0x00000000        0x0 c:/program files (x86)/openocdarmgccbuildtools/gcc-arm-none-eabi-10.3-2021.10-win32/bin/../lib/gcc/arm-none-eabi/10.3.1/../../../../arm-none-eabi/lib/thumb/v6-m/nofp/crt0.o
 .ARM.extab     0x00000000        0x0 c:/program files (x86)/openocdarmgccbuildtools/gcc-arm-none-eabi-10.3-2021.10-win32/bin/../lib/gcc/arm-none-eabi/10.3.1/../../../../arm-none-eabi/lib/thumb/v6-m/nofp/crt0.o
 .ARM.exidx     0x00000000       0x10 c:/program files (x86)/openocdarmgccbuildtools/gcc-arm-none-eabi-10.3-2021.10-win32/bin/../lib/gcc/arm-none-eabi/10.3.1/../../../../arm-none-eabi/lib/thumb/v6-m/nofp/crt0.o
 .ARM.attributes
                0x00000000       0x1b c:/program files (x86)/openocdarmgccbuildtools/gcc-arm-none-eabi-10.3-2021.10-win32/bin/../lib/gcc/arm-none-eabi/10.3.1/../../../../arm-none-eabi/lib/thumb/v6-m/nofp/crt0.o
 .text          0x00000000        0x0 build/main.o
[...]
Memory Configuration

Name             Origin             Length             Attributes
RAM              0x20000000         0x00001000         xrw
FLASH            0x08000000         0x00008000         xr
*default*        0x00000000         0xffffffff

Linker script and memory map

LOAD c:/program files (x86)/openocdarmgccbuildtools/gcc-arm-none-eabi-10.3-2021.10-win32/bin/../lib/gcc/arm-none-eabi/10.3.1/thumb/v6-m/nofp/crti.o
LOAD c:/program files (x86)/openocdarmgccbuildtools/gcc-arm-none-eabi-10.3-2021.10-win32/bin/../lib/gcc/arm-none-eabi/10.3.1/thumb/v6-m/nofp/crtbegin.o
LOAD c:/program files (x86)/openocdarmgccbuildtools/gcc-arm-none-eabi-10.3-2021.10-win32/bin/../lib/gcc/arm-none-eabi/10.3.1/../../../../arm-none-eabi/lib/thumb/v6-m/nofp/crt0.o
LOAD build/main.o
LOAD build/stm32f0xx_it.o
LOAD build/stm32f0xx_hal_msp.o
LOAD build/stm32f0xx_hal_adc.o
LOAD build/stm32f0xx_hal_adc_ex.o
LOAD build/stm32f0xx_hal_rcc.o
LOAD build/stm32f0xx_hal_rcc_ex.o
LOAD build/stm32f0xx_hal.o
LOAD build/stm32f0xx_hal_i2c.o
LOAD build/stm32f0xx_hal_i2c_ex.o
LOAD build/stm32f0xx_hal_gpio.o
LOAD build/stm32f0xx_hal_dma.o
LOAD build/stm32f0xx_hal_cortex.o
LOAD build/stm32f0xx_hal_pwr.o
LOAD build/stm32f0xx_hal_pwr_ex.o
LOAD build/stm32f0xx_hal_flash.o
LOAD build/stm32f0xx_hal_flash_ex.o
LOAD build/stm32f0xx_hal_exti.o
LOAD build/stm32f0xx_hal_tim.o
LOAD build/stm32f0xx_hal_tim_ex.o
LOAD build/stm32f0xx_hal_uart.o
LOAD build/stm32f0xx_hal_uart_ex.o
LOAD build/system_stm32f0xx.o
LOAD build/startup_stm32f031x6.o
LOAD c:/program files (x86)/openocdarmgccbuildtools/gcc-arm-none-eabi-10.3-2021.10-win32/bin/../lib/gcc/arm-none-eabi/10.3.1/../../../../arm-none-eabi/lib/thumb/v6-m/nofp\libc_nano.a
LOAD c:/program files (x86)/openocdarmgccbuildtools/gcc-arm-none-eabi-10.3-2021.10-win32/bin/../lib/gcc/arm-none-eabi/10.3.1/../../../../arm-none-eabi/lib/thumb/v6-m/nofp\libm.a
LOAD c:/program files (x86)/openocdarmgccbuildtools/gcc-arm-none-eabi-10.3-2021.10-win32/bin/../lib/gcc/arm-none-eabi/10.3.1/../../../../arm-none-eabi/lib/thumb/v6-m/nofp\libnosys.a
START GROUP
LOAD c:/program files (x86)/openocdarmgccbuildtools/gcc-arm-none-eabi-10.3-2021.10-win32/bin/../lib/gcc/arm-none-eabi/10.3.1/thumb/v6-m/nofp\libgcc.a
LOAD c:/program files (x86)/openocdarmgccbuildtools/gcc-arm-none-eabi-10.3-2021.10-win32/bin/../lib/gcc/arm-none-eabi/10.3.1/../../../../arm-none-eabi/lib/thumb/v6-m/nofp\libc_nano.a
END GROUP
START GROUP
LOAD c:/program files (x86)/openocdarmgccbuildtools/gcc-arm-none-eabi-10.3-2021.10-win32/bin/../lib/gcc/arm-none-eabi/10.3.1/thumb/v6-m/nofp\libgcc.a
LOAD c:/program files (x86)/openocdarmgccbuildtools/gcc-arm-none-eabi-10.3-2021.10-win32/bin/../lib/gcc/arm-none-eabi/10.3.1/../../../../arm-none-eabi/lib/thumb/v6-m/nofp\libc_nano.a
END GROUP
LOAD c:/program files (x86)/openocdarmgccbuildtools/gcc-arm-none-eabi-10.3-2021.10-win32/bin/../lib/gcc/arm-none-eabi/10.3.1/thumb/v6-m/nofp/crtend.o
LOAD c:/program files (x86)/openocdarmgccbuildtools/gcc-arm-none-eabi-10.3-2021.10-win32/bin/../lib/gcc/arm-none-eabi/10.3.1/thumb/v6-m/nofp/crtn.o
                0x20001000                _estack = (ORIGIN (RAM) + LENGTH (RAM))
                0x00000200                _Min_Heap_Size = 0x200
                0x00000400                _Min_Stack_Size = 0x400

.isr_vector     0x08000000       0xc0
                0x08000000                . = ALIGN (0x4)
 *(.isr_vector)
 .isr_vector    0x08000000       0xc0 build/startup_stm32f031x6.o
                0x08000000                g_pfnVectors
                0x080000c0                . = ALIGN (0x4)

.text           0x080000c0     0x3560
                0x080000c0                . = ALIGN (0x4)
 *(.text)
 .text          0x080000c0       0x48 c:/program files (x86)/openocdarmgccbuildtools/gcc-arm-none-eabi-10.3-2021.10-win32/bin/../lib/gcc/arm-none-eabi/10.3.1/thumb/v6-m/nofp/crtbegin.o
 .text          0x08000108      0x114 c:/program files (x86)/openocdarmgccbuildtools/gcc-arm-none-eabi-10.3-2021.10-win32/bin/../lib/gcc/arm-none-eabi/10.3.1/thumb/v6-m/nofp\libgcc.a(_udivsi3.o)
                0x08000108                __aeabi_uidiv
                0x08000108                __udivsi3
                0x08000214                __aeabi_uidivmod
 .text          0x0800021c        0x4 c:/program files (x86)/openocdarmgccbuildtools/gcc-arm-none-eabi-10.3-2021.10-win32/bin/../lib/gcc/arm-none-eabi/10.3.1/thumb/v6-m/nofp\libgcc.a(_dvmd_tls.o)
                0x0800021c                __aeabi_idiv0
                0x0800021c                __aeabi_ldiv0
 *(.text*)
 .text.delay_ns
                0x08000220       0x32 build/main.o
                0x08000220                delay_ns
 .text.delay_us
                0x08000252       0x34 build/main.o
                0x08000252                delay_us
 *fill*         0x08000286        0x2 
 .text.readma710
                0x08000288      0x45c build/main.o
                0x08000288                readma710
 .text.startADC
                0x080006e4       0x20 build/main.o
                0x080006e4                startADC
 .text.HAL_ADC_ConvCpltCallback
                0x08000704       0xc4 build/main.o
                0x08000704                HAL_ADC_ConvCpltCallback
 .text.AcUpload
                0x080007c8      0x188 build/main.o
                0x080007c8                AcUpload
 .text.main     0x08000950       0x50 build/main.o
                0x08000950                main
 .text.SystemClock_Config
                0x080009a0       0xce build/main.o
                0x080009a0                SystemClock_Config
 *fill*         0x08000a6e        0x2 
 .text.MX_ADC_Init
                0x08000a70      0x104 build/main.o
 .text.MX_USART1_UART_Init
                0x08000b74       0x60 build/main.o
 .text.MX_DMA_Init
                0x08000bd4       0x4c build/main.o
 .text.MX_GPIO_Init
                0x08000c20      0x104 build/main.o
 .text.Error_Handler
                0x08000d24        0xa build/main.o
                0x08000d24                Error_Handler
 .text.NMI_Handler
                0x08000d2e        0x6 build/stm32f0xx_it.o
                0x08000d2e                NMI_Handler
 .text.HardFault_Handler
                0x08000d34        0x6 build/stm32f0xx_it.o
                0x08000d34                HardFault_Handler
 .text.SVC_Handler
                0x08000d3a        0xa build/stm32f0xx_it.o
                0x08000d3a                SVC_Handler
 .text.PendSV_Handler
                0x08000d44        0xa build/stm32f0xx_it.o
                0x08000d44                PendSV_Handler
 *fill*         0x08000d4e        0x2 
 .text.SysTick_Handler
                0x08000d50       0x1c build/stm32f0xx_it.o
                0x08000d50                SysTick_Handler
 .text.DMA1_Channel1_IRQHandler
                0x08000d6c       0x18 build/stm32f0xx_it.o
                0x08000d6c                DMA1_Channel1_IRQHandler
 .text.DMA1_Channel2_3_IRQHandler
                0x08000d84       0x24 build/stm32f0xx_it.o
                0x08000d84                DMA1_Channel2_3_IRQHandler
 .text.HAL_MspInit
                0x08000da8       0x48 build/stm32f0xx_hal_msp.o
                0x08000da8                HAL_MspInit
 .text.HAL_ADC_MspInit
                0x08000df0       0xe4 build/stm32f0xx_hal_msp.o
                0x08000df0                HAL_ADC_MspInit
 .text.HAL_UART_MspInit
                0x08000ed4      0x144 build/stm32f0xx_hal_msp.o
                0x08000ed4                HAL_UART_MspInit
 .text.HAL_ADC_Init
                0x08001018      0x280 build/stm32f0xx_hal_adc.o
                0x08001018                HAL_ADC_Init
 .text.HAL_ADC_Start_DMA
                0x08001298      0x104 build/stm32f0xx_hal_adc.o
                0x08001298                HAL_ADC_Start_DMA
 .text.HAL_ADC_ConvHalfCpltCallback
                0x0800139c       0x10 build/stm32f0xx_hal_adc.o
                0x0800139c                HAL_ADC_ConvHalfCpltCallback
 .text.HAL_ADC_ErrorCallback
                0x080013ac       0x10 build/stm32f0xx_hal_adc.o
                0x080013ac                HAL_ADC_ErrorCallback
 .text.HAL_ADC_ConfigChannel
                0x080013bc      0x21c build/stm32f0xx_hal_adc.o
                0x080013bc                HAL_ADC_ConfigChannel
 .text.ADC_Enable
                0x080015d8      0x108 build/stm32f0xx_hal_adc.o
 .text.ADC_DMAConvCplt
                0x080016e0       0xb4 build/stm32f0xx_hal_adc.o
 .text.ADC_DMAHalfConvCplt
                0x08001794       0x1e build/stm32f0xx_hal_adc.o
 .text.ADC_DMAError
                0x080017b2       0x36 build/stm32f0xx_hal_adc.o
 .text.HAL_RCC_OscConfig
                0x080017e8      0x634 build/stm32f0xx_hal_rcc.o
                0x080017e8                HAL_RCC_OscConfig
 .text.HAL_RCC_ClockConfig
                0x08001e1c      0x19c build/stm32f0xx_hal_rcc.o
                0x08001e1c                HAL_RCC_ClockConfig
 .text.HAL_RCC_GetSysClockFreq
                0x08001fb8       0xac build/stm32f0xx_hal_rcc.o
                0x08001fb8                HAL_RCC_GetSysClockFreq
 .text.HAL_RCC_GetHCLKFreq
                0x08002064       0x14 build/stm32f0xx_hal_rcc.o
                0x08002064                HAL_RCC_GetHCLKFreq
 .text.HAL_RCC_GetPCLK1Freq
                0x08002078       0x2c build/stm32f0xx_hal_rcc.o
                0x08002078                HAL_RCC_GetPCLK1Freq
 .text.HAL_RCCEx_PeriphCLKConfig
                0x080020a4      0x19c build/stm32f0xx_hal_rcc_ex.o
                0x080020a4                HAL_RCCEx_PeriphCLKConfig
 .text.HAL_Init
                0x08002240       0x28 build/stm32f0xx_hal.o
                0x08002240                HAL_Init
 .text.HAL_InitTick
                0x08002268       0x68 build/stm32f0xx_hal.o
                0x08002268                HAL_InitTick
 .text.HAL_IncTick
                0x080022d0       0x24 build/stm32f0xx_hal.o
                0x080022d0                HAL_IncTick
 .text.HAL_GetTick
                0x080022f4       0x14 build/stm32f0xx_hal.o
                0x080022f4                HAL_GetTick
 .text.HAL_GPIO_Init
                0x08002308      0x2d0 build/stm32f0xx_hal_gpio.o
                0x08002308                HAL_GPIO_Init
 .text.HAL_GPIO_ReadPin
                0x080025d8       0x3a build/stm32f0xx_hal_gpio.o
                0x080025d8                HAL_GPIO_ReadPin
 .text.HAL_GPIO_WritePin
                0x08002612       0x3a build/stm32f0xx_hal_gpio.o
                0x08002612                HAL_GPIO_WritePin
 .text.HAL_DMA_Init
                0x0800264c       0x90 build/stm32f0xx_hal_dma.o
                0x0800264c                HAL_DMA_Init
 .text.HAL_DMA_Start_IT
                0x080026dc       0xcc build/stm32f0xx_hal_dma.o
                0x080026dc                HAL_DMA_Start_IT
 .text.HAL_DMA_IRQHandler
                0x080027a8      0x144 build/stm32f0xx_hal_dma.o
                0x080027a8                HAL_DMA_IRQHandler
 .text.DMA_SetConfig
                0x080028ec       0x58 build/stm32f0xx_hal_dma.o
 .text.DMA_CalcBaseAndBitshift
                0x08002944       0x38 build/stm32f0xx_hal_dma.o
 .text.__NVIC_EnableIRQ
                0x0800297c       0x34 build/stm32f0xx_hal_cortex.o
 .text.__NVIC_SetPriority
                0x080029b0       0xdc build/stm32f0xx_hal_cortex.o
 .text.SysTick_Config
                0x08002a8c       0x48 build/stm32f0xx_hal_cortex.o
 .text.HAL_NVIC_SetPriority
                0x08002ad4       0x2a build/stm32f0xx_hal_cortex.o
                0x08002ad4                HAL_NVIC_SetPriority
 .text.HAL_NVIC_EnableIRQ
                0x08002afe       0x20 build/stm32f0xx_hal_cortex.o
                0x08002afe                HAL_NVIC_EnableIRQ
 .text.HAL_SYSTICK_Config
                0x08002b1e       0x1a build/stm32f0xx_hal_cortex.o
                0x08002b1e                HAL_SYSTICK_Config
 .text.HAL_UART_Init
                0x08002b38       0xa8 build/stm32f0xx_hal_uart.o
                0x08002b38                HAL_UART_Init
 .text.HAL_UART_Transmit_DMA
                0x08002be0      0x120 build/stm32f0xx_hal_uart.o
                0x08002be0                HAL_UART_Transmit_DMA
 .text.HAL_UART_TxCpltCallback
                0x08002d00       0x10 build/stm32f0xx_hal_uart.o
                0x08002d00                HAL_UART_TxCpltCallback
 .text.HAL_UART_TxHalfCpltCallback
                0x08002d10       0x10 build/stm32f0xx_hal_uart.o
                0x08002d10                HAL_UART_TxHalfCpltCallback
 .text.HAL_UART_ErrorCallback
                0x08002d20       0x10 build/stm32f0xx_hal_uart.o
                0x08002d20                HAL_UART_ErrorCallback
 .text.UART_SetConfig
                0x08002d30      0x250 build/stm32f0xx_hal_uart.o
                0x08002d30                UART_SetConfig
 .text.UART_AdvFeatureConfig
                0x08002f80      0x168 build/stm32f0xx_hal_uart.o
                0x08002f80                UART_AdvFeatureConfig
 .text.UART_CheckIdleState
                0x080030e8      0x150 build/stm32f0xx_hal_uart.o
                0x080030e8                UART_CheckIdleState
 .text.UART_WaitOnFlagUntilTimeout
                0x08003238       0xd2 build/stm32f0xx_hal_uart.o
                0x08003238                UART_WaitOnFlagUntilTimeout
 .text.UART_EndTxTransfer
                0x0800330a       0x48 build/stm32f0xx_hal_uart.o
 *fill*         0x08003352        0x2 
 .text.UART_EndRxTransfer
                0x08003354       0xc8 build/stm32f0xx_hal_uart.o
 .text.UART_DMATransmitCplt
                0x0800341c       0x94 build/stm32f0xx_hal_uart.o
 .text.UART_DMATxHalfCplt
                0x080034b0       0x1e build/stm32f0xx_hal_uart.o
 .text.UART_DMAError
                0x080034ce       0x84 build/stm32f0xx_hal_uart.o
 .text.SystemInit
                0x08003552        0xa build/system_stm32f0xx.o
                0x08003552                SystemInit
 .text.Reset_Handler
                0x0800355c       0x50 build/startup_stm32f031x6.o
                0x0800355c                Reset_Handler
 .text.Default_Handler
                0x080035ac        0x2 build/startup_stm32f031x6.o
                0x080035ac                TIM1_CC_IRQHandler
                0x080035ac                PVD_IRQHandler
                0x080035ac                I2C1_IRQHandler
                0x080035ac                SPI1_IRQHandler
                0x080035ac                EXTI2_3_IRQHandler
                0x080035ac                ADC1_IRQHandler
                0x080035ac                TIM17_IRQHandler
                0x080035ac                RTC_IRQHandler
                0x080035ac                TIM16_IRQHandler
                0x080035ac                TIM3_IRQHandler
                0x080035ac                EXTI4_15_IRQHandler
                0x080035ac                RCC_IRQHandler
                0x080035ac                Default_Handler
                0x080035ac                TIM14_IRQHandler
                0x080035ac                DMA1_Channel4_5_IRQHandler
                0x080035ac                EXTI0_1_IRQHandler
                0x080035ac                WWDG_IRQHandler
                0x080035ac                TIM2_IRQHandler
                0x080035ac                FLASH_IRQHandler
                0x080035ac                USART1_IRQHandler
                0x080035ac                TIM1_BRK_UP_TRG_COM_IRQHandler
 *fill*         0x080035ae        0x2 
 .text.__libc_init_array
                0x080035b0       0x48 c:/program files (x86)/openocdarmgccbuildtools/gcc-arm-none-eabi-10.3-2021.10-win32/bin/../lib/gcc/arm-none-eabi/10.3.1/../../../../arm-none-eabi/lib/thumb/v6-m/nofp\libc_nano.a(lib_a-init.o)
                0x080035b0                __libc_init_array
 .text.memset   0x080035f8       0x10 c:/program files (x86)/openocdarmgccbuildtools/gcc-arm-none-eabi-10.3-2021.10-win32/bin/../lib/gcc/arm-none-eabi/10.3.1/../../../../arm-none-eabi/lib/thumb/v6-m/nofp\libc_nano.a(lib_a-memset.o)
                0x080035f8                memset
 *(.glue_7)
 .glue_7        0x08003608        0x0 linker stubs
 *(.glue_7t)
 .glue_7t       0x08003608        0x0 linker stubs
 *(.eh_frame)
 .eh_frame      0x08003608        0x0 c:/program files (x86)/openocdarmgccbuildtools/gcc-arm-none-eabi-10.3-2021.10-win32/bin/../lib/gcc/arm-none-eabi/10.3.1/thumb/v6-m/nofp/crtbegin.o
 *(.init)
 .init          0x08003608        0x4 c:/program files (x86)/openocdarmgccbuildtools/gcc-arm-none-eabi-10.3-2021.10-win32/bin/../lib/gcc/arm-none-eabi/10.3.1/thumb/v6-m/nofp/crti.o
                0x08003608                _init
 .init          0x0800360c        0x8 c:/program files (x86)/openocdarmgccbuildtools/gcc-arm-none-eabi-10.3-2021.10-win32/bin/../lib/gcc/arm-none-eabi/10.3.1/thumb/v6-m/nofp/crtn.o
 *(.fini)
 .fini          0x08003614        0x4 c:/program files (x86)/openocdarmgccbuildtools/gcc-arm-none-eabi-10.3-2021.10-win32/bin/../lib/gcc/arm-none-eabi/10.3.1/thumb/v6-m/nofp/crti.o
                0x08003614                _fini
 .fini          0x08003618        0x8 c:/program files (x86)/openocdarmgccbuildtools/gcc-arm-none-eabi-10.3-2021.10-win32/bin/../lib/gcc/arm-none-eabi/10.3.1/thumb/v6-m/nofp/crtn.o
                0x08003620                . = ALIGN (0x4)
                0x08003620                _etext = .

.vfp11_veneer   0x08003620        0x0
 .vfp11_veneer  0x08003620        0x0 linker stubs

.v4_bx          0x08003620        0x0
 .v4_bx         0x08003620        0x0 linker stubs

.iplt           0x08003620        0x0
 .iplt          0x08003620        0x0 c:/program files (x86)/openocdarmgccbuildtools/gcc-arm-none-eabi-10.3-2021.10-win32/bin/../lib/gcc/arm-none-eabi/10.3.1/thumb/v6-m/nofp/crtbegin.o

.rodata         0x08003620       0x38
                0x08003620                . = ALIGN (0x4)
 *(.rodata)
 *(.rodata*)
 .rodata.aPLLMULFactorTable.1
                0x08003620       0x10 build/stm32f0xx_hal_rcc.o
 .rodata.aPredivFactorTable.0
                0x08003630       0x10 build/stm32f0xx_hal_rcc.o
 .rodata.AHBPrescTable
                0x08003640       0x10 build/system_stm32f0xx.o
                0x08003640                AHBPrescTable
 .rodata.APBPrescTable
                0x08003650        0x8 build/system_stm32f0xx.o
                0x08003650                APBPrescTable
                0x08003658                . = ALIGN (0x4)

.rel.dyn        0x08003658        0x0
 .rel.iplt      0x08003658        0x0 c:/program files (x86)/openocdarmgccbuildtools/gcc-arm-none-eabi-10.3-2021.10-win32/bin/../lib/gcc/arm-none-eabi/10.3.1/thumb/v6-m/nofp/crtbegin.o

.ARM.extab
 *(.ARM.extab* .gnu.linkonce.armextab.*)

.ARM            0x08003658        0x0
                0x08003658                __exidx_start = .
 *(.ARM.exidx*)
                0x08003658                __exidx_end = .

.preinit_array  0x08003658        0x0
                0x08003658                PROVIDE (__preinit_array_start = .)
 *(.preinit_array*)
                0x08003658                PROVIDE (__preinit_array_end = .)

.init_array     0x08003658        0x4
                0x08003658                PROVIDE (__init_array_start = .)
 *(SORT_BY_NAME(.init_array.*))
 *(.init_array*)
 .init_array    0x08003658        0x4 c:/program files (x86)/openocdarmgccbuildtools/gcc-arm-none-eabi-10.3-2021.10-win32/bin/../lib/gcc/arm-none-eabi/10.3.1/thumb/v6-m/nofp/crtbegin.o
                0x0800365c                PROVIDE (__init_array_end = .)

.fini_array     0x0800365c        0x4
                [!provide]                PROVIDE (__fini_array_start = .)
 *(SORT_BY_NAME(.fini_array.*))
 *(.fini_array*)
 .fini_array    0x0800365c        0x4 c:/program files (x86)/openocdarmgccbuildtools/gcc-arm-none-eabi-10.3-2021.10-win32/bin/../lib/gcc/arm-none-eabi/10.3.1/thumb/v6-m/nofp/crtbegin.o
                [!provide]                PROVIDE (__fini_array_end = .)
                0x08003660                _sidata = LOADADDR (.data)

.data           0x20000000       0x10 load address 0x08003660
                0x20000000                . = ALIGN (0x4)
                0x20000000                _sdata = .
 *(.data)
 *(.data*)
 .data.UPTIMEOUT
                0x20000000        0x4 build/main.o
                0x20000000                UPTIMEOUT
 .data.uwTickPrio
                0x20000004        0x4 build/stm32f0xx_hal.o
                0x20000004                uwTickPrio
 .data.uwTickFreq
                0x20000008        0x1 build/stm32f0xx_hal.o
                0x20000008                uwTickFreq
 *fill*         0x20000009        0x3 
 .data.SystemCoreClock
                0x2000000c        0x4 build/system_stm32f0xx.o
                0x2000000c                SystemCoreClock
                0x20000010                . = ALIGN (0x4)
                0x20000010                _edata = .

.igot.plt       0x20000010        0x0 load address 0x08003670
 .igot.plt      0x20000010        0x0 c:/program files (x86)/openocdarmgccbuildtools/gcc-arm-none-eabi-10.3-2021.10-win32/bin/../lib/gcc/arm-none-eabi/10.3.1/thumb/v6-m/nofp/crtbegin.o
                0x20000010                . = ALIGN (0x4)

.bss            0x20000010      0x4e4 load address 0x08003670
                0x20000010                _sbss = .
                0x20000010                __bss_start__ = _sbss
 *(.bss)
 .bss           0x20000010       0x1c c:/program files (x86)/openocdarmgccbuildtools/gcc-arm-none-eabi-10.3-2021.10-win32/bin/../lib/gcc/arm-none-eabi/10.3.1/thumb/v6-m/nofp/crtbegin.o
 *(.bss*)
 .bss.hadc      0x2000002c       0x40 build/main.o
                0x2000002c                hadc
 .bss.hdma_adc  0x2000006c       0x44 build/main.o
                0x2000006c                hdma_adc
 .bss.huart1    0x200000b0       0x88 build/main.o
                0x200000b0                huart1
 .bss.hdma_usart1_rx
                0x20000138       0x44 build/main.o
                0x20000138                hdma_usart1_rx
 .bss.hdma_usart1_tx
                0x2000017c       0x44 build/main.o
                0x2000017c                hdma_usart1_tx
 .bss.AdDataOrig
                0x200001c0      0x320 build/main.o
                0x200001c0                AdDataOrig
 .bss.AdcValue  0x200004e0        0xa build/main.o
                0x200004e0                AdcValue
 *fill*         0x200004ea        0x2 
 .bss.poolcnt   0x200004ec        0x4 build/main.o
                0x200004ec                poolcnt
 .bss.uwTick    0x200004f0        0x4 build/stm32f0xx_hal.o
                0x200004f0                uwTick
 *(COMMON)
                0x200004f4                . = ALIGN (0x4)
                0x200004f4                _ebss = .
                0x200004f4                __bss_end__ = _ebss

._user_heap_stack
                0x200004f4      0x604 load address 0x08003670
                0x200004f8                . = ALIGN (0x8)
 *fill*         0x200004f4        0x4 
                [!provide]                PROVIDE (end = .)
                [!provide]                PROVIDE (_end = .)
                0x200006f8                . = (. + _Min_Heap_Size)
 *fill*         0x200004f8      0x200 
                0x20000af8                . = (. + _Min_Stack_Size)
 *fill*         0x200006f8      0x400 
                0x20000af8                . = ALIGN (0x8)

/DISCARD/
 libc.a(*)
 libm.a(*)
 libgcc.a(*)

.ARM.attributes
                0x00000000       0x28
 *(.ARM.attributes)
 .ARM.attributes
                0x00000000       0x1e c:/program files (x86)/openocdarmgccbuildtools/gcc-arm-none-eabi-10.3-2021.10-win32/bin/../lib/gcc/arm-none-eabi/10.3.1/thumb/v6-m/nofp/crti.o
 .ARM.attributes
                0x0000001e       0x2c c:/program files (x86)/openocdarmgccbuildtools/gcc-arm-none-eabi-10.3-2021.10-win32/bin/../lib/gcc/arm-none-eabi/10.3.1/thumb/v6-m/nofp/crtbegin.o
 .ARM.attributes
                0x0000004a       0x2c build/main.o
 .ARM.attributes
                0x00000076       0x2c build/stm32f0xx_it.o
 .ARM.attributes
                0x000000a2       0x2c build/stm32f0xx_hal_msp.o
 .ARM.attributes
                0x000000ce       0x2c build/stm32f0xx_hal_adc.o
 .ARM.attributes
                0x000000fa       0x2c build/stm32f0xx_hal_rcc.o
 .ARM.attributes
                0x00000126       0x2c build/stm32f0xx_hal_rcc_ex.o
 .ARM.attributes
                0x00000152       0x2c build/stm32f0xx_hal.o
 .ARM.attributes
                0x0000017e       0x2c build/stm32f0xx_hal_gpio.o
 .ARM.attributes
                0x000001aa       0x2c build/stm32f0xx_hal_dma.o
 .ARM.attributes
                0x000001d6       0x2c build/stm32f0xx_hal_cortex.o
 .ARM.attributes
                0x00000202       0x2c build/stm32f0xx_hal_uart.o
 .ARM.attributes
                0x0000022e       0x2c build/system_stm32f0xx.o
 .ARM.attributes
                0x0000025a       0x21 build/startup_stm32f031x6.o
 .ARM.attributes
                0x0000027b       0x2c c:/program files (x86)/openocdarmgccbuildtools/gcc-arm-none-eabi-10.3-2021.10-win32/bin/../lib/gcc/arm-none-eabi/10.3.1/../../../../arm-none-eabi/lib/thumb/v6-m/nofp\libc_nano.a(lib_a-init.o)
 .ARM.attributes
                0x000002a7       0x2c c:/program files (x86)/openocdarmgccbuildtools/gcc-arm-none-eabi-10.3-2021.10-win32/bin/../lib/gcc/arm-none-eabi/10.3.1/../../../../arm-none-eabi/lib/thumb/v6-m/nofp\libc_nano.a(lib_a-memset.o)
 .ARM.attributes
                0x000002d3       0x1e c:/program files (x86)/openocdarmgccbuildtools/gcc-arm-none-eabi-10.3-2021.10-win32/bin/../lib/gcc/arm-none-eabi/10.3.1/thumb/v6-m/nofp\libgcc.a(_udivsi3.o)
 .ARM.attributes
                0x000002f1       0x1e c:/program files (x86)/openocdarmgccbuildtools/gcc-arm-none-eabi-10.3-2021.10-win32/bin/../lib/gcc/arm-none-eabi/10.3.1/thumb/v6-m/nofp\libgcc.a(_dvmd_tls.o)
 .ARM.attributes
                0x0000030f       0x1e c:/program files (x86)/openocdarmgccbuildtools/gcc-arm-none-eabi-10.3-2021.10-win32/bin/../lib/gcc/arm-none-eabi/10.3.1/thumb/v6-m/nofp/crtn.o
OUTPUT(build/gear.elf elf32-littlearm)
LOAD linker stubs
LOAD c:/program files (x86)/openocdarmgccbuildtools/gcc-arm-none-eabi-10.3-2021.10-win32/bin/../lib/gcc/arm-none-eabi/10.3.1/../../../../arm-none-eabi/lib/thumb/v6-m/nofp\libc.a
LOAD c:/program files (x86)/openocdarmgccbuildtools/gcc-arm-none-eabi-10.3-2021.10-win32/bin/../lib/gcc/arm-none-eabi/10.3.1/../../../../arm-none-eabi/lib/thumb/v6-m/nofp\libm.a
LOAD c:/program files (x86)/openocdarmgccbuildtools/gcc-arm-none-eabi-10.3-2021.10-win32/bin/../lib/gcc/arm-none-eabi/10.3.1/thumb/v6-m/nofp\libgcc.a

.debug_info     0x00000000     0x9c47
 .debug_info    0x00000000     0x12a3 build/main.o
 .debug_info    0x000012a3      0x3ca build/stm32f0xx_it.o
 .debug_info    0x0000166d      0xd5d build/stm32f0xx_hal_msp.o
 .debug_info    0x000023ca      0xdd8 build/stm32f0xx_hal_adc.o
 .debug_info    0x000031a2      0x8ff build/stm32f0xx_hal_rcc.o
 .debug_info    0x00003aa1      0x38b build/stm32f0xx_hal_rcc_ex.o
 .debug_info    0x00003e2c      0x724 build/stm32f0xx_hal.o
 .debug_info    0x00004550      0x684 build/stm32f0xx_hal_gpio.o
 .debug_info    0x00004bd4      0x7bd build/stm32f0xx_hal_dma.o
 .debug_info    0x00005391      0x77a build/stm32f0xx_hal_cortex.o
 .debug_info    0x00005b0b     0x3e85 build/stm32f0xx_hal_uart.o
 .debug_info    0x00009990      0x295 build/system_stm32f0xx.o
 .debug_info    0x00009c25       0x22 build/startup_stm32f031x6.o

.debug_abbrev   0x00000000     0x167c
 .debug_abbrev  0x00000000      0x2b6 build/main.o
 .debug_abbrev  0x000002b6      0x123 build/stm32f0xx_it.o
 .debug_abbrev  0x000003d9      0x198 build/stm32f0xx_hal_msp.o
 .debug_abbrev  0x00000571      0x1d6 build/stm32f0xx_hal_adc.o
 .debug_abbrev  0x00000747      0x23a build/stm32f0xx_hal_rcc.o
 .debug_abbrev  0x00000981      0x153 build/stm32f0xx_hal_rcc_ex.o
 .debug_abbrev  0x00000ad4      0x20b build/stm32f0xx_hal.o
 .debug_abbrev  0x00000cdf      0x1ba build/stm32f0xx_hal_gpio.o
 .debug_abbrev  0x00000e99      0x1d3 build/stm32f0xx_hal_dma.o
 .debug_abbrev  0x0000106c      0x260 build/stm32f0xx_hal_cortex.o
 .debug_abbrev  0x000012cc      0x289 build/stm32f0xx_hal_uart.o
 .debug_abbrev  0x00001555      0x115 build/system_stm32f0xx.o
 .debug_abbrev  0x0000166a       0x12 build/startup_stm32f031x6.o

.debug_loc      0x00000000     0x2af2
 .debug_loc     0x00000000      0x30e build/main.o
 .debug_loc     0x0000030e      0x134 build/stm32f0xx_it.o
 .debug_loc     0x00000442      0x118 build/stm32f0xx_hal_msp.o
 .debug_loc     0x0000055a      0x620 build/stm32f0xx_hal_adc.o
 .debug_loc     0x00000b7a      0x290 build/stm32f0xx_hal_rcc.o
 .debug_loc     0x00000e0a       0xa8 build/stm32f0xx_hal_rcc_ex.o
 .debug_loc     0x00000eb2      0x418 build/stm32f0xx_hal.o
 .debug_loc     0x000012ca      0x1c0 build/stm32f0xx_hal_gpio.o
 .debug_loc     0x0000148a      0x310 build/stm32f0xx_hal_dma.o
 .debug_loc     0x0000179a      0x468 build/stm32f0xx_hal_cortex.o
 .debug_loc     0x00001c02      0xe8c build/stm32f0xx_hal_uart.o
 .debug_loc     0x00002a8e       0x64 build/system_stm32f0xx.o

.debug_aranges  0x00000000      0x7b0
 .debug_aranges
                0x00000000       0x90 build/main.o
 .debug_aranges
                0x00000090       0x50 build/stm32f0xx_it.o
 .debug_aranges
                0x000000e0       0x40 build/stm32f0xx_hal_msp.o
 .debug_aranges
                0x00000120       0xf8 build/stm32f0xx_hal_adc.o
 .debug_aranges
                0x00000218       0x80 build/stm32f0xx_hal_rcc.o
 .debug_aranges
                0x00000298       0x30 build/stm32f0xx_hal_rcc_ex.o
 .debug_aranges
                0x000002c8       0xd0 build/stm32f0xx_hal.o
 .debug_aranges
                0x00000398       0x58 build/stm32f0xx_hal_gpio.o
 .debug_aranges
                0x000003f0       0x88 build/stm32f0xx_hal_dma.o
 .debug_aranges
                0x00000478       0xc0 build/stm32f0xx_hal_cortex.o
 .debug_aranges
                0x00000538      0x228 build/stm32f0xx_hal_uart.o
 .debug_aranges
                0x00000760       0x28 build/system_stm32f0xx.o
 .debug_aranges
                0x00000788       0x28 build/startup_stm32f031x6.o

.debug_ranges   0x00000000      0x718
 .debug_ranges  0x00000000       0x80 build/main.o
 .debug_ranges  0x00000080       0x40 build/stm32f0xx_it.o
 .debug_ranges  0x000000c0       0x30 build/stm32f0xx_hal_msp.o
 .debug_ranges  0x000000f0       0xe8 build/stm32f0xx_hal_adc.o
 .debug_ranges  0x000001d8       0x70 build/stm32f0xx_hal_rcc.o
 .debug_ranges  0x00000248       0x20 build/stm32f0xx_hal_rcc_ex.o
 .debug_ranges  0x00000268       0xc0 build/stm32f0xx_hal.o
 .debug_ranges  0x00000328       0x48 build/stm32f0xx_hal_gpio.o
 .debug_ranges  0x00000370       0x78 build/stm32f0xx_hal_dma.o
 .debug_ranges  0x000003e8       0xb0 build/stm32f0xx_hal_cortex.o
 .debug_ranges  0x00000498      0x248 build/stm32f0xx_hal_uart.o
 .debug_ranges  0x000006e0       0x18 build/system_stm32f0xx.o
 .debug_ranges  0x000006f8       0x20 build/startup_stm32f031x6.o

.debug_line     0x00000000     0x66f2
 .debug_line    0x00000000      0x73a build/main.o
 .debug_line    0x0000073a      0x267 build/stm32f0xx_it.o
 .debug_line    0x000009a1      0x334 build/stm32f0xx_hal_msp.o
 .debug_line    0x00000cd5      0xcf3 build/stm32f0xx_hal_adc.o
 .debug_line    0x000019c8      0x89d build/stm32f0xx_hal_rcc.o
 .debug_line    0x00002265      0x3d6 build/stm32f0xx_hal_rcc_ex.o
 .debug_line    0x0000263b      0x49b build/stm32f0xx_hal.o
 .debug_line    0x00002ad6      0x5ce build/stm32f0xx_hal_gpio.o
 .debug_line    0x000030a4      0x798 build/stm32f0xx_hal_dma.o
 .debug_line    0x0000383c      0x4f5 build/stm32f0xx_hal_cortex.o
 .debug_line    0x00003d31     0x2729 build/stm32f0xx_hal_uart.o
 .debug_line    0x0000645a      0x221 build/system_stm32f0xx.o
 .debug_line    0x0000667b       0x77 build/startup_stm32f031x6.o

.debug_str      0x00000000     0x2373
 .debug_str     0x00000000      0xbcd build/main.o
                                0xc83 (size before relaxing)
 .debug_str     0x00000bcd       0x95 build/stm32f0xx_it.o
                                0x3e5 (size before relaxing)
 .debug_str     0x00000c62       0x75 build/stm32f0xx_hal_msp.o
                                0x883 (size before relaxing)
 .debug_str     0x00000cd7      0x30e build/stm32f0xx_hal_adc.o
                                0x88d (size before relaxing)
 .debug_str     0x00000fe5      0x244 build/stm32f0xx_hal_rcc.o
                                0x5f4 (size before relaxing)
 .debug_str     0x00001229       0xae build/stm32f0xx_hal_rcc_ex.o
                                0x347 (size before relaxing)
 .debug_str     0x000012d7      0x276 build/stm32f0xx_hal.o
                                0x619 (size before relaxing)
 .debug_str     0x0000154d      0x138 build/stm32f0xx_hal_gpio.o
                                0x3c8 (size before relaxing)
 .debug_str     0x00001685      0x24f build/stm32f0xx_hal_dma.o
                                0x5d1 (size before relaxing)
 .debug_str     0x000018d4      0x292 build/stm32f0xx_hal_cortex.o
                                0x59a (size before relaxing)
 .debug_str     0x00001b66      0x78d build/stm32f0xx_hal_uart.o
                                0xe0f (size before relaxing)
 .debug_str     0x000022f3       0x5c build/system_stm32f0xx.o
                                0x237 (size before relaxing)
 .debug_str     0x0000234f       0x24 build/startup_stm32f031x6.o
                                 0x3a (size before relaxing)

.comment        0x00000000       0x49
 .comment       0x00000000       0x49 build/main.o
                                 0x4a (size before relaxing)
 .comment       0x00000049       0x4a build/stm32f0xx_it.o
 .comment       0x00000049       0x4a build/stm32f0xx_hal_msp.o
 .comment       0x00000049       0x4a build/stm32f0xx_hal_adc.o
 .comment       0x00000049       0x4a build/stm32f0xx_hal_rcc.o
 .comment       0x00000049       0x4a build/stm32f0xx_hal_rcc_ex.o
 .comment       0x00000049       0x4a build/stm32f0xx_hal.o
 .comment       0x00000049       0x4a build/stm32f0xx_hal_gpio.o
 .comment       0x00000049       0x4a build/stm32f0xx_hal_dma.o
 .comment       0x00000049       0x4a build/stm32f0xx_hal_cortex.o
 .comment       0x00000049       0x4a build/stm32f0xx_hal_uart.o
 .comment       0x00000049       0x4a build/system_stm32f0xx.o

.debug_frame    0x00000000     0x1a38
 .debug_frame   0x00000000      0x1e0 build/main.o
 .debug_frame   0x000001e0       0xd4 build/stm32f0xx_it.o
 .debug_frame   0x000002b4       0xb0 build/stm32f0xx_hal_msp.o
 .debug_frame   0x00000364      0x3a0 build/stm32f0xx_hal_adc.o
 .debug_frame   0x00000704      0x198 build/stm32f0xx_hal_rcc.o
 .debug_frame   0x0000089c       0x70 build/stm32f0xx_hal_rcc_ex.o
 .debug_frame   0x0000090c      0x2a4 build/stm32f0xx_hal.o
 .debug_frame   0x00000bb0      0x110 build/stm32f0xx_hal_gpio.o
 .debug_frame   0x00000cc0      0x1d0 build/stm32f0xx_hal_dma.o
 .debug_frame   0x00000e90      0x2a0 build/stm32f0xx_hal_cortex.o
 .debug_frame   0x00001130      0x850 build/stm32f0xx_hal_uart.o
 .debug_frame   0x00001980       0x4c build/system_stm32f0xx.o
 .debug_frame   0x000019cc       0x2c c:/program files (x86)/openocdarmgccbuildtools/gcc-arm-none-eabi-10.3-2021.10-win32/bin/../lib/gcc/arm-none-eabi/10.3.1/../../../../arm-none-eabi/lib/thumb/v6-m/nofp\libc_nano.a(lib_a-init.o)
 .debug_frame   0x000019f8       0x20 c:/program files (x86)/openocdarmgccbuildtools/gcc-arm-none-eabi-10.3-2021.10-win32/bin/../lib/gcc/arm-none-eabi/10.3.1/../../../../arm-none-eabi/lib/thumb/v6-m/nofp\libc_nano.a(lib_a-memset.o)
 .debug_frame   0x00001a18       0x20 c:/program files (x86)/openocdarmgccbuildtools/gcc-arm-none-eabi-10.3-2021.10-win32/bin/../lib/gcc/arm-none-eabi/10.3.1/thumb/v6-m/nofp\libgcc.a(_udivsi3.o)

Cross Reference Table

Symbol                                            File
ADC1_IRQHandler                                   build/startup_stm32f031x6.o
AHBPrescTable                                     build/system_stm32f0xx.o
                                                  build/stm32f0xx_hal_rcc.o
APBPrescTable                                     build/system_stm32f0xx.o
                                                  build/stm32f0xx_hal_rcc.o
AcUpload                                          build/main.o
AdDataOrig                                        build/main.o
AdcValue                                          build/main.o
DMA1_Channel1_IRQHandler                          build/stm32f0xx_it.o
DMA1_Channel2_3_IRQHandler                        build/stm32f0xx_it.o
DMA1_Channel4_5_IRQHandler                        build/startup_stm32f031x6.o
Default_Handler                                   build/startup_stm32f031x6.o
EXTI0_1_IRQHandler                                build/startup_stm32f031x6.o
EXTI2_3_IRQHandler                                build/startup_stm32f031x6.o
EXTI4_15_IRQHandler                               build/startup_stm32f031x6.o
Error_Handler                                     build/main.o
                                                  build/stm32f0xx_hal_msp.o
FLASH_IRQHandler                                  build/startup_stm32f031x6.o
FLASH_PageErase                                   build/stm32f0xx_hal_flash_ex.o
                                                  build/stm32f0xx_hal_flash.o
FLASH_WaitForLastOperation                        build/stm32f0xx_hal_flash.o
                                                  build/stm32f0xx_hal_flash_ex.o
HAL_ADCEx_Calibration_Start                       build/stm32f0xx_hal_adc_ex.o
HAL_ADC_AnalogWDGConfig                           build/stm32f0xx_hal_adc.o
HAL_ADC_ConfigChannel                             build/stm32f0xx_hal_adc.o
                                                  build/main.o
HAL_ADC_ConvCpltCallback                          build/main.o
HAL_ADC_ConvHalfCpltCallback                      build/stm32f0xx_hal_adc.o
HAL_ADC_DeInit                                    build/stm32f0xx_hal_adc.o
HAL_ADC_ErrorCallback                             build/stm32f0xx_hal_adc.o
HAL_ADC_GetError                                  build/stm32f0xx_hal_adc.o
HAL_ADC_GetState                                  build/stm32f0xx_hal_adc.o
HAL_ADC_GetValue                                  build/stm32f0xx_hal_adc.o
HAL_ADC_IRQHandler                                build/stm32f0xx_hal_adc.o
HAL_ADC_Init                                      build/stm32f0xx_hal_adc.o
                                                  build/main.o
HAL_ADC_LevelOutOfWindowCallback                  build/stm32f0xx_hal_adc.o
HAL_ADC_MspDeInit                                 build/stm32f0xx_hal_msp.o
HAL_ADC_MspInit                                   build/stm32f0xx_hal_msp.o
HAL_ADC_PollForConversion                         build/stm32f0xx_hal_adc.o
HAL_ADC_PollForEvent                              build/stm32f0xx_hal_adc.o
HAL_ADC_Start                                     build/stm32f0xx_hal_adc.o
HAL_ADC_Start_DMA                                 build/stm32f0xx_hal_adc.o
                                                  build/main.o
HAL_ADC_Start_IT                                  build/stm32f0xx_hal_adc.o
HAL_ADC_Stop                                      build/stm32f0xx_hal_adc.o
HAL_ADC_Stop_DMA                                  build/stm32f0xx_hal_adc.o
                                                  build/main.o
HAL_ADC_Stop_IT                                   build/stm32f0xx_hal_adc.o
HAL_DBGMCU_DisableDBGStandbyMode                  build/stm32f0xx_hal.o
HAL_DBGMCU_DisableDBGStopMode                     build/stm32f0xx_hal.o
HAL_DBGMCU_EnableDBGStandbyMode                   build/stm32f0xx_hal.o
HAL_DBGMCU_EnableDBGStopMode                      build/stm32f0xx_hal.o
HAL_DMA_Abort                                     build/stm32f0xx_hal_dma.o
                                                  build/stm32f0xx_hal_uart.o
                                                  build/stm32f0xx_hal_adc.o
HAL_DMA_Abort_IT                                  build/stm32f0xx_hal_dma.o
                                                  build/stm32f0xx_hal_uart.o
                                                  build/stm32f0xx_hal_i2c.o
HAL_DMA_DeInit                                    build/stm32f0xx_hal_dma.o
                                                  build/stm32f0xx_hal_msp.o
HAL_DMA_GetError                                  build/stm32f0xx_hal_dma.o
                                                  build/stm32f0xx_hal_uart.o
HAL_DMA_GetState                                  build/stm32f0xx_hal_dma.o
                                                  build/stm32f0xx_hal_i2c.o
HAL_DMA_IRQHandler                                build/stm32f0xx_hal_dma.o
                                                  build/stm32f0xx_it.o
HAL_DMA_Init                                      build/stm32f0xx_hal_dma.o
                                                  build/stm32f0xx_hal_msp.o
HAL_DMA_PollForTransfer                           build/stm32f0xx_hal_dma.o
HAL_DMA_RegisterCallback                          build/stm32f0xx_hal_dma.o
HAL_DMA_Start                                     build/stm32f0xx_hal_dma.o
HAL_DMA_Start_IT                                  build/stm32f0xx_hal_dma.o
                                                  build/stm32f0xx_hal_uart.o
                                                  build/stm32f0xx_hal_i2c.o
                                                  build/stm32f0xx_hal_adc.o
HAL_DMA_UnRegisterCallback                        build/stm32f0xx_hal_dma.o
HAL_DeInit                                        build/stm32f0xx_hal.o
HAL_Delay                                         build/stm32f0xx_hal.o
HAL_EXTI_ClearConfigLine                          build/stm32f0xx_hal_exti.o
HAL_EXTI_ClearPending                             build/stm32f0xx_hal_exti.o
HAL_EXTI_GenerateSWI                              build/stm32f0xx_hal_exti.o
HAL_EXTI_GetConfigLine                            build/stm32f0xx_hal_exti.o
HAL_EXTI_GetHandle                                build/stm32f0xx_hal_exti.o
HAL_EXTI_GetPending                               build/stm32f0xx_hal_exti.o
HAL_EXTI_IRQHandler                               build/stm32f0xx_hal_exti.o
HAL_EXTI_RegisterCallback                         build/stm32f0xx_hal_exti.o
HAL_EXTI_SetConfigLine                            build/stm32f0xx_hal_exti.o
HAL_FLASHEx_Erase                                 build/stm32f0xx_hal_flash_ex.o
HAL_FLASHEx_Erase_IT                              build/stm32f0xx_hal_flash_ex.o
HAL_FLASHEx_OBErase                               build/stm32f0xx_hal_flash_ex.o
HAL_FLASHEx_OBGetConfig                           build/stm32f0xx_hal_flash_ex.o
HAL_FLASHEx_OBGetUserData                         build/stm32f0xx_hal_flash_ex.o
HAL_FLASHEx_OBProgram                             build/stm32f0xx_hal_flash_ex.o
HAL_FLASH_EndOfOperationCallback                  build/stm32f0xx_hal_flash.o
HAL_FLASH_GetError                                build/stm32f0xx_hal_flash.o
HAL_FLASH_IRQHandler                              build/stm32f0xx_hal_flash.o
HAL_FLASH_Lock                                    build/stm32f0xx_hal_flash.o
HAL_FLASH_OB_Launch                               build/stm32f0xx_hal_flash.o
HAL_FLASH_OB_Lock                                 build/stm32f0xx_hal_flash.o
HAL_FLASH_OB_Unlock                               build/stm32f0xx_hal_flash.o
HAL_FLASH_OperationErrorCallback                  build/stm32f0xx_hal_flash.o
HAL_FLASH_Program                                 build/stm32f0xx_hal_flash.o
HAL_FLASH_Program_IT                              build/stm32f0xx_hal_flash.o
HAL_FLASH_Unlock                                  build/stm32f0xx_hal_flash.o
HAL_GPIO_DeInit                                   build/stm32f0xx_hal_gpio.o
                                                  build/stm32f0xx_hal_msp.o
HAL_GPIO_EXTI_Callback                            build/stm32f0xx_hal_gpio.o
HAL_GPIO_EXTI_IRQHandler                          build/stm32f0xx_hal_gpio.o
HAL_GPIO_Init                                     build/stm32f0xx_hal_gpio.o
                                                  build/stm32f0xx_hal_rcc.o
                                                  build/stm32f0xx_hal_msp.o
                                                  build/main.o
HAL_GPIO_LockPin                                  build/stm32f0xx_hal_gpio.o
HAL_GPIO_ReadPin                                  build/stm32f0xx_hal_gpio.o
                                                  build/main.o
HAL_GPIO_TogglePin                                build/stm32f0xx_hal_gpio.o
HAL_GPIO_WritePin                                 build/stm32f0xx_hal_gpio.o
                                                  build/main.o
HAL_GetDEVID                                      build/stm32f0xx_hal.o
HAL_GetHalVersion                                 build/stm32f0xx_hal.o
HAL_GetREVID                                      build/stm32f0xx_hal.o
HAL_GetTick                                       build/stm32f0xx_hal.o
                                                  build/stm32f0xx_hal_uart_ex.o
                                                  build/stm32f0xx_hal_uart.o
                                                  build/stm32f0xx_hal_flash.o
                                                  build/stm32f0xx_hal_dma.o
                                                  build/stm32f0xx_hal_i2c.o
                                                  build/stm32f0xx_hal_rcc_ex.o
                                                  build/stm32f0xx_hal_rcc.o
                                                  build/stm32f0xx_hal_adc_ex.o
                                                  build/stm32f0xx_hal_adc.o
HAL_GetTickFreq                                   build/stm32f0xx_hal.o
HAL_GetTickPrio                                   build/stm32f0xx_hal.o
HAL_GetUIDw0                                      build/stm32f0xx_hal.o
HAL_GetUIDw1                                      build/stm32f0xx_hal.o
HAL_GetUIDw2                                      build/stm32f0xx_hal.o
HAL_HalfDuplex_EnableReceiver                     build/stm32f0xx_hal_uart.o
HAL_HalfDuplex_EnableTransmitter                  build/stm32f0xx_hal_uart.o
HAL_HalfDuplex_Init                               build/stm32f0xx_hal_uart.o
HAL_I2CEx_ConfigAnalogFilter                      build/stm32f0xx_hal_i2c_ex.o
HAL_I2CEx_ConfigDigitalFilter                     build/stm32f0xx_hal_i2c_ex.o
HAL_I2CEx_DisableFastModePlus                     build/stm32f0xx_hal_i2c_ex.o
HAL_I2CEx_DisableWakeUp                           build/stm32f0xx_hal_i2c_ex.o
HAL_I2CEx_EnableFastModePlus                      build/stm32f0xx_hal_i2c_ex.o
HAL_I2CEx_EnableWakeUp                            build/stm32f0xx_hal_i2c_ex.o
HAL_I2C_AbortCpltCallback                         build/stm32f0xx_hal_i2c.o
HAL_I2C_AddrCallback                              build/stm32f0xx_hal_i2c.o
HAL_I2C_DeInit                                    build/stm32f0xx_hal_i2c.o
HAL_I2C_DisableListen_IT                          build/stm32f0xx_hal_i2c.o
HAL_I2C_ER_IRQHandler                             build/stm32f0xx_hal_i2c.o
HAL_I2C_EV_IRQHandler                             build/stm32f0xx_hal_i2c.o
HAL_I2C_EnableListen_IT                           build/stm32f0xx_hal_i2c.o
HAL_I2C_ErrorCallback                             build/stm32f0xx_hal_i2c.o
HAL_I2C_GetError                                  build/stm32f0xx_hal_i2c.o
HAL_I2C_GetMode                                   build/stm32f0xx_hal_i2c.o
HAL_I2C_GetState                                  build/stm32f0xx_hal_i2c.o
HAL_I2C_Init                                      build/stm32f0xx_hal_i2c.o
HAL_I2C_IsDeviceReady                             build/stm32f0xx_hal_i2c.o
HAL_I2C_ListenCpltCallback                        build/stm32f0xx_hal_i2c.o
HAL_I2C_MasterRxCpltCallback                      build/stm32f0xx_hal_i2c.o
HAL_I2C_MasterTxCpltCallback                      build/stm32f0xx_hal_i2c.o
HAL_I2C_Master_Abort_IT                           build/stm32f0xx_hal_i2c.o
HAL_I2C_Master_Receive                            build/stm32f0xx_hal_i2c.o
HAL_I2C_Master_Receive_DMA                        build/stm32f0xx_hal_i2c.o
HAL_I2C_Master_Receive_IT                         build/stm32f0xx_hal_i2c.o
HAL_I2C_Master_Seq_Receive_DMA                    build/stm32f0xx_hal_i2c.o
HAL_I2C_Master_Seq_Receive_IT                     build/stm32f0xx_hal_i2c.o
HAL_I2C_Master_Seq_Transmit_DMA                   build/stm32f0xx_hal_i2c.o
HAL_I2C_Master_Seq_Transmit_IT                    build/stm32f0xx_hal_i2c.o
HAL_I2C_Master_Transmit                           build/stm32f0xx_hal_i2c.o
HAL_I2C_Master_Transmit_DMA                       build/stm32f0xx_hal_i2c.o
HAL_I2C_Master_Transmit_IT                        build/stm32f0xx_hal_i2c.o
HAL_I2C_MemRxCpltCallback                         build/stm32f0xx_hal_i2c.o
HAL_I2C_MemTxCpltCallback                         build/stm32f0xx_hal_i2c.o
HAL_I2C_Mem_Read                                  build/stm32f0xx_hal_i2c.o
HAL_I2C_Mem_Read_DMA                              build/stm32f0xx_hal_i2c.o
HAL_I2C_Mem_Read_IT                               build/stm32f0xx_hal_i2c.o
HAL_I2C_Mem_Write                                 build/stm32f0xx_hal_i2c.o
HAL_I2C_Mem_Write_DMA                             build/stm32f0xx_hal_i2c.o
HAL_I2C_Mem_Write_IT                              build/stm32f0xx_hal_i2c.o
HAL_I2C_MspDeInit                                 build/stm32f0xx_hal_i2c.o
HAL_I2C_MspInit                                   build/stm32f0xx_hal_i2c.o
HAL_I2C_SlaveRxCpltCallback                       build/stm32f0xx_hal_i2c.o
HAL_I2C_SlaveTxCpltCallback                       build/stm32f0xx_hal_i2c.o
HAL_I2C_Slave_Receive                             build/stm32f0xx_hal_i2c.o
HAL_I2C_Slave_Receive_DMA                         build/stm32f0xx_hal_i2c.o
HAL_I2C_Slave_Receive_IT                          build/stm32f0xx_hal_i2c.o
HAL_I2C_Slave_Seq_Receive_DMA                     build/stm32f0xx_hal_i2c.o
HAL_I2C_Slave_Seq_Receive_IT                      build/stm32f0xx_hal_i2c.o
HAL_I2C_Slave_Seq_Transmit_DMA                    build/stm32f0xx_hal_i2c.o
HAL_I2C_Slave_Seq_Transmit_IT                     build/stm32f0xx_hal_i2c.o
HAL_I2C_Slave_Transmit                            build/stm32f0xx_hal_i2c.o
HAL_I2C_Slave_Transmit_DMA                        build/stm32f0xx_hal_i2c.o
HAL_I2C_Slave_Transmit_IT                         build/stm32f0xx_hal_i2c.o
HAL_IncTick                                       build/stm32f0xx_hal.o
                                                  build/stm32f0xx_it.o
HAL_Init                                          build/stm32f0xx_hal.o
                                                  build/main.o
HAL_InitTick                                      build/stm32f0xx_hal.o
                                                  build/stm32f0xx_hal_rcc.o
HAL_LIN_Init                                      build/stm32f0xx_hal_uart.o
HAL_LIN_SendBreak                                 build/stm32f0xx_hal_uart.o
HAL_MspDeInit                                     build/stm32f0xx_hal.o
HAL_MspInit                                       build/stm32f0xx_hal_msp.o
HAL_MultiProcessorEx_AddressLength_Set            build/stm32f0xx_hal_uart_ex.o
HAL_MultiProcessor_DisableMuteMode                build/stm32f0xx_hal_uart.o
HAL_MultiProcessor_EnableMuteMode                 build/stm32f0xx_hal_uart.o
HAL_MultiProcessor_EnterMuteMode                  build/stm32f0xx_hal_uart.o
HAL_MultiProcessor_Init                           build/stm32f0xx_hal_uart.o
HAL_NVIC_ClearPendingIRQ                          build/stm32f0xx_hal_cortex.o
HAL_NVIC_DisableIRQ                               build/stm32f0xx_hal_cortex.o
HAL_NVIC_EnableIRQ                                build/stm32f0xx_hal_cortex.o
                                                  build/main.o
HAL_NVIC_GetPendingIRQ                            build/stm32f0xx_hal_cortex.o
HAL_NVIC_GetPriority                              build/stm32f0xx_hal_cortex.o
HAL_NVIC_SetPendingIRQ                            build/stm32f0xx_hal_cortex.o
HAL_NVIC_SetPriority                              build/stm32f0xx_hal_cortex.o
                                                  build/stm32f0xx_hal.o
                                                  build/main.o
HAL_NVIC_SystemReset                              build/stm32f0xx_hal_cortex.o
HAL_PWR_ConfigPVD                                 build/stm32f0xx_hal_pwr_ex.o
HAL_PWR_DeInit                                    build/stm32f0xx_hal_pwr.o
HAL_PWR_DisableBkUpAccess                         build/stm32f0xx_hal_pwr.o
HAL_PWR_DisablePVD                                build/stm32f0xx_hal_pwr_ex.o
HAL_PWR_DisableSEVOnPend                          build/stm32f0xx_hal_pwr.o
HAL_PWR_DisableSleepOnExit                        build/stm32f0xx_hal_pwr.o
HAL_PWR_DisableWakeUpPin                          build/stm32f0xx_hal_pwr.o
HAL_PWR_EnableBkUpAccess                          build/stm32f0xx_hal_pwr.o
HAL_PWR_EnablePVD                                 build/stm32f0xx_hal_pwr_ex.o
HAL_PWR_EnableSEVOnPend                           build/stm32f0xx_hal_pwr.o
HAL_PWR_EnableSleepOnExit                         build/stm32f0xx_hal_pwr.o
HAL_PWR_EnableWakeUpPin                           build/stm32f0xx_hal_pwr.o
HAL_PWR_EnterSLEEPMode                            build/stm32f0xx_hal_pwr.o
HAL_PWR_EnterSTANDBYMode                          build/stm32f0xx_hal_pwr.o
HAL_PWR_EnterSTOPMode                             build/stm32f0xx_hal_pwr.o
HAL_PWR_PVDCallback                               build/stm32f0xx_hal_pwr_ex.o
HAL_PWR_PVD_IRQHandler                            build/stm32f0xx_hal_pwr_ex.o
HAL_RCCEx_GetPeriphCLKConfig                      build/stm32f0xx_hal_rcc_ex.o
HAL_RCCEx_GetPeriphCLKFreq                        build/stm32f0xx_hal_rcc_ex.o
HAL_RCCEx_PeriphCLKConfig                         build/stm32f0xx_hal_rcc_ex.o
                                                  build/main.o
HAL_RCC_CSSCallback                               build/stm32f0xx_hal_rcc.o
HAL_RCC_ClockConfig                               build/stm32f0xx_hal_rcc.o
                                                  build/main.o
HAL_RCC_DeInit                                    build/stm32f0xx_hal_rcc.o
HAL_RCC_DisableCSS                                build/stm32f0xx_hal_rcc.o
HAL_RCC_EnableCSS                                 build/stm32f0xx_hal_rcc.o
HAL_RCC_GetClockConfig                            build/stm32f0xx_hal_rcc.o
HAL_RCC_GetHCLKFreq                               build/stm32f0xx_hal_rcc.o
HAL_RCC_GetOscConfig                              build/stm32f0xx_hal_rcc.o
HAL_RCC_GetPCLK1Freq                              build/stm32f0xx_hal_rcc.o
                                                  build/stm32f0xx_hal_uart.o
                                                  build/stm32f0xx_hal_rcc_ex.o
HAL_RCC_GetSysClockFreq                           build/stm32f0xx_hal_rcc.o
                                                  build/stm32f0xx_hal_uart.o
                                                  build/stm32f0xx_hal_rcc_ex.o
HAL_RCC_MCOConfig                                 build/stm32f0xx_hal_rcc.o
HAL_RCC_NMI_IRQHandler                            build/stm32f0xx_hal_rcc.o
HAL_RCC_OscConfig                                 build/stm32f0xx_hal_rcc.o
                                                  build/main.o
HAL_RS485Ex_Init                                  build/stm32f0xx_hal_uart_ex.o
HAL_ResumeTick                                    build/stm32f0xx_hal.o
HAL_SYSTICK_CLKSourceConfig                       build/stm32f0xx_hal_cortex.o
HAL_SYSTICK_Callback                              build/stm32f0xx_hal_cortex.o
HAL_SYSTICK_Config                                build/stm32f0xx_hal_cortex.o
                                                  build/stm32f0xx_hal.o
HAL_SYSTICK_IRQHandler                            build/stm32f0xx_hal_cortex.o
HAL_SetTickFreq                                   build/stm32f0xx_hal.o
HAL_SuspendTick                                   build/stm32f0xx_hal.o
HAL_UARTEx_DisableStopMode                        build/stm32f0xx_hal_uart_ex.o
HAL_UARTEx_EnableStopMode                         build/stm32f0xx_hal_uart_ex.o
HAL_UARTEx_GetRxEventType                         build/stm32f0xx_hal_uart_ex.o
HAL_UARTEx_ReceiveToIdle                          build/stm32f0xx_hal_uart_ex.o
HAL_UARTEx_ReceiveToIdle_DMA                      build/stm32f0xx_hal_uart_ex.o
HAL_UARTEx_ReceiveToIdle_IT                       build/stm32f0xx_hal_uart_ex.o
HAL_UARTEx_RxEventCallback                        build/stm32f0xx_hal_uart.o
HAL_UARTEx_StopModeWakeUpSourceConfig             build/stm32f0xx_hal_uart_ex.o
HAL_UARTEx_WakeupCallback                         build/stm32f0xx_hal_uart_ex.o
                                                  build/stm32f0xx_hal_uart.o
HAL_UART_Abort                                    build/stm32f0xx_hal_uart.o
HAL_UART_AbortCpltCallback                        build/stm32f0xx_hal_uart.o
HAL_UART_AbortReceive                             build/stm32f0xx_hal_uart.o
HAL_UART_AbortReceiveCpltCallback                 build/stm32f0xx_hal_uart.o
HAL_UART_AbortReceive_IT                          build/stm32f0xx_hal_uart.o
HAL_UART_AbortTransmit                            build/stm32f0xx_hal_uart.o
HAL_UART_AbortTransmitCpltCallback                build/stm32f0xx_hal_uart.o
HAL_UART_AbortTransmit_IT                         build/stm32f0xx_hal_uart.o
HAL_UART_Abort_IT                                 build/stm32f0xx_hal_uart.o
HAL_UART_DMAPause                                 build/stm32f0xx_hal_uart.o
HAL_UART_DMAResume                                build/stm32f0xx_hal_uart.o
HAL_UART_DMAStop                                  build/stm32f0xx_hal_uart.o
HAL_UART_DeInit                                   build/stm32f0xx_hal_uart.o
HAL_UART_DisableReceiverTimeout                   build/stm32f0xx_hal_uart.o
HAL_UART_EnableReceiverTimeout                    build/stm32f0xx_hal_uart.o
HAL_UART_ErrorCallback                            build/stm32f0xx_hal_uart.o
HAL_UART_GetError                                 build/stm32f0xx_hal_uart.o
HAL_UART_GetState                                 build/stm32f0xx_hal_uart.o
HAL_UART_IRQHandler                               build/stm32f0xx_hal_uart.o
HAL_UART_Init                                     build/stm32f0xx_hal_uart.o
                                                  build/main.o
HAL_UART_MspDeInit                                build/stm32f0xx_hal_msp.o
HAL_UART_MspInit                                  build/stm32f0xx_hal_msp.o
                                                  build/stm32f0xx_hal_uart_ex.o
HAL_UART_Receive                                  build/stm32f0xx_hal_uart.o
HAL_UART_Receive_DMA                              build/stm32f0xx_hal_uart.o
HAL_UART_Receive_IT                               build/stm32f0xx_hal_uart.o
HAL_UART_ReceiverTimeout_Config                   build/stm32f0xx_hal_uart.o
HAL_UART_RxCpltCallback                           build/stm32f0xx_hal_uart.o
HAL_UART_RxHalfCpltCallback                       build/stm32f0xx_hal_uart.o
HAL_UART_Transmit                                 build/stm32f0xx_hal_uart.o
HAL_UART_Transmit_DMA                             build/stm32f0xx_hal_uart.o
                                                  build/main.o
HAL_UART_Transmit_IT                              build/stm32f0xx_hal_uart.o
HAL_UART_TxCpltCallback                           build/stm32f0xx_hal_uart.o
HAL_UART_TxHalfCpltCallback                       build/stm32f0xx_hal_uart.o
HardFault_Handler                                 build/stm32f0xx_it.o
I2C1_IRQHandler                                   build/startup_stm32f031x6.o
NMI_Handler                                       build/stm32f0xx_it.o
PVD_IRQHandler                                    build/startup_stm32f031x6.o
PendSV_Handler                                    build/stm32f0xx_it.o
RCC_IRQHandler                                    build/startup_stm32f031x6.o
RTC_IRQHandler                                    build/startup_stm32f031x6.o
Reset_Handler                                     build/startup_stm32f031x6.o
SPI1_IRQHandler                                   build/startup_stm32f031x6.o
SVC_Handler                                       build/stm32f0xx_it.o
SysTick_Handler                                   build/stm32f0xx_it.o
SystemClock_Config                                build/main.o
SystemCoreClock                                   build/system_stm32f0xx.o
                                                  build/stm32f0xx_hal.o
                                                  build/stm32f0xx_hal_rcc.o
                                                  build/stm32f0xx_hal_adc.o
SystemCoreClockUpdate                             build/system_stm32f0xx.o
SystemInit                                        build/system_stm32f0xx.o
                                                  build/startup_stm32f031x6.o
TIM14_IRQHandler                                  build/startup_stm32f031x6.o
TIM16_IRQHandler                                  build/startup_stm32f031x6.o
TIM17_IRQHandler                                  build/startup_stm32f031x6.o
TIM1_BRK_UP_TRG_COM_IRQHandler                    build/startup_stm32f031x6.o
TIM1_CC_IRQHandler                                build/startup_stm32f031x6.o
TIM2_IRQHandler                                   build/startup_stm32f031x6.o
TIM3_IRQHandler                                   build/startup_stm32f031x6.o
UART_AdvFeatureConfig                             build/stm32f0xx_hal_uart.o
                                                  build/stm32f0xx_hal_uart_ex.o
UART_CheckIdleState                               build/stm32f0xx_hal_uart.o
                                                  build/stm32f0xx_hal_uart_ex.o
UART_SetConfig                                    build/stm32f0xx_hal_uart.o
                                                  build/stm32f0xx_hal_uart_ex.o
UART_Start_Receive_DMA                            build/stm32f0xx_hal_uart.o
                                                  build/stm32f0xx_hal_uart_ex.o
UART_Start_Receive_IT                             build/stm32f0xx_hal_uart.o
                                                  build/stm32f0xx_hal_uart_ex.o
UART_WaitOnFlagUntilTimeout                       build/stm32f0xx_hal_uart.o
                                                  build/stm32f0xx_hal_uart_ex.o
UPTIMEOUT                                         build/main.o
USART1_IRQHandler                                 build/startup_stm32f031x6.o
WWDG_IRQHandler                                   build/startup_stm32f031x6.o
__aeabi_idiv0                                     c:/program files (x86)/openocdarmgccbuildtools/gcc-arm-none-eabi-10.3-2021.10-win32/bin/../lib/gcc/arm-none-eabi/10.3.1/thumb/v6-m/nofp\libgcc.a(_dvmd_tls.o)
                                                  c:/program files (x86)/openocdarmgccbuildtools/gcc-arm-none-eabi-10.3-2021.10-win32/bin/../lib/gcc/arm-none-eabi/10.3.1/thumb/v6-m/nofp\libgcc.a(_udivsi3.o)
__aeabi_ldiv0                                     c:/program files (x86)/openocdarmgccbuildtools/gcc-arm-none-eabi-10.3-2021.10-win32/bin/../lib/gcc/arm-none-eabi/10.3.1/thumb/v6-m/nofp\libgcc.a(_dvmd_tls.o)
__aeabi_uidiv                                     c:/program files (x86)/openocdarmgccbuildtools/gcc-arm-none-eabi-10.3-2021.10-win32/bin/../lib/gcc/arm-none-eabi/10.3.1/thumb/v6-m/nofp\libgcc.a(_udivsi3.o)
                                                  build/system_stm32f0xx.o
                                                  build/stm32f0xx_hal_uart.o
                                                  build/stm32f0xx_hal_dma.o
                                                  build/stm32f0xx_hal.o
                                                  build/stm32f0xx_hal_rcc.o
                                                  build/stm32f0xx_hal_adc.o
                                                  build/main.o
__aeabi_uidivmod                                  c:/program files (x86)/openocdarmgccbuildtools/gcc-arm-none-eabi-10.3-2021.10-win32/bin/../lib/gcc/arm-none-eabi/10.3.1/thumb/v6-m/nofp\libgcc.a(_udivsi3.o)
__bss_end__                                       c:/program files (x86)/openocdarmgccbuildtools/gcc-arm-none-eabi-10.3-2021.10-win32/bin/../lib/gcc/arm-none-eabi/10.3.1/../../../../arm-none-eabi/lib/thumb/v6-m/nofp/crt0.o
__bss_start__                                     c:/program files (x86)/openocdarmgccbuildtools/gcc-arm-none-eabi-10.3-2021.10-win32/bin/../lib/gcc/arm-none-eabi/10.3.1/../../../../arm-none-eabi/lib/thumb/v6-m/nofp/crt0.o
__call_exitprocs                                  c:/program files (x86)/openocdarmgccbuildtools/gcc-arm-none-eabi-10.3-2021.10-win32/bin/../lib/gcc/arm-none-eabi/10.3.1/../../../../arm-none-eabi/lib/thumb/v6-m/nofp\libc_nano.a(lib_a-exit.o)
__deregister_frame_info                           c:/program files (x86)/openocdarmgccbuildtools/gcc-arm-none-eabi-10.3-2021.10-win32/bin/../lib/gcc/arm-none-eabi/10.3.1/thumb/v6-m/nofp/crtbegin.o
__dso_handle                                      c:/program files (x86)/openocdarmgccbuildtools/gcc-arm-none-eabi-10.3-2021.10-win32/bin/../lib/gcc/arm-none-eabi/10.3.1/thumb/v6-m/nofp/crtbegin.o
__init_array_end                                  c:/program files (x86)/openocdarmgccbuildtools/gcc-arm-none-eabi-10.3-2021.10-win32/bin/../lib/gcc/arm-none-eabi/10.3.1/../../../../arm-none-eabi/lib/thumb/v6-m/nofp\libc_nano.a(lib_a-init.o)
__init_array_start                                c:/program files (x86)/openocdarmgccbuildtools/gcc-arm-none-eabi-10.3-2021.10-win32/bin/../lib/gcc/arm-none-eabi/10.3.1/../../../../arm-none-eabi/lib/thumb/v6-m/nofp\libc_nano.a(lib_a-init.o)
__libc_fini_array                                 c:/program files (x86)/openocdarmgccbuildtools/gcc-arm-none-eabi-10.3-2021.10-win32/bin/../lib/gcc/arm-none-eabi/10.3.1/../../../../arm-none-eabi/lib/thumb/v6-m/nofp/crt0.o
__libc_init_array                                 c:/program files (x86)/openocdarmgccbuildtools/gcc-arm-none-eabi-10.3-2021.10-win32/bin/../lib/gcc/arm-none-eabi/10.3.1/../../../../arm-none-eabi/lib/thumb/v6-m/nofp\libc_nano.a(lib_a-init.o)
                                                  build/startup_stm32f031x6.o
                                                  c:/program files (x86)/openocdarmgccbuildtools/gcc-arm-none-eabi-10.3-2021.10-win32/bin/../lib/gcc/arm-none-eabi/10.3.1/../../../../arm-none-eabi/lib/thumb/v6-m/nofp/crt0.o
__preinit_array_end                               c:/program files (x86)/openocdarmgccbuildtools/gcc-arm-none-eabi-10.3-2021.10-win32/bin/../lib/gcc/arm-none-eabi/10.3.1/../../../../arm-none-eabi/lib/thumb/v6-m/nofp\libc_nano.a(lib_a-init.o)
__preinit_array_start                             c:/program files (x86)/openocdarmgccbuildtools/gcc-arm-none-eabi-10.3-2021.10-win32/bin/../lib/gcc/arm-none-eabi/10.3.1/../../../../arm-none-eabi/lib/thumb/v6-m/nofp\libc_nano.a(lib_a-init.o)
__register_frame_info                             c:/program files (x86)/openocdarmgccbuildtools/gcc-arm-none-eabi-10.3-2021.10-win32/bin/../lib/gcc/arm-none-eabi/10.3.1/thumb/v6-m/nofp/crtbegin.o
__sf_fake_stderr                                  c:/program files (x86)/openocdarmgccbuildtools/gcc-arm-none-eabi-10.3-2021.10-win32/bin/../lib/gcc/arm-none-eabi/10.3.1/../../../../arm-none-eabi/lib/thumb/v6-m/nofp\libc_nano.a(lib_a-impure.o)
__sf_fake_stdin                                   c:/program files (x86)/openocdarmgccbuildtools/gcc-arm-none-eabi-10.3-2021.10-win32/bin/../lib/gcc/arm-none-eabi/10.3.1/../../../../arm-none-eabi/lib/thumb/v6-m/nofp\libc_nano.a(lib_a-impure.o)
__sf_fake_stdout                                  c:/program files (x86)/openocdarmgccbuildtools/gcc-arm-none-eabi-10.3-2021.10-win32/bin/../lib/gcc/arm-none-eabi/10.3.1/../../../../arm-none-eabi/lib/thumb/v6-m/nofp\libc_nano.a(lib_a-impure.o)
__stack                                           c:/program files (x86)/openocdarmgccbuildtools/gcc-arm-none-eabi-10.3-2021.10-win32/bin/../lib/gcc/arm-none-eabi/10.3.1/../../../../arm-none-eabi/lib/thumb/v6-m/nofp/crt0.o
__udivsi3                                         c:/program files (x86)/openocdarmgccbuildtools/gcc-arm-none-eabi-10.3-2021.10-win32/bin/../lib/gcc/arm-none-eabi/10.3.1/thumb/v6-m/nofp\libgcc.a(_udivsi3.o)
_ebss                                             build/startup_stm32f031x6.o
_edata                                            build/startup_stm32f031x6.o
_estack                                           build/startup_stm32f031x6.o
_exit                                             c:/program files (x86)/openocdarmgccbuildtools/gcc-arm-none-eabi-10.3-2021.10-win32/bin/../lib/gcc/arm-none-eabi/10.3.1/../../../../arm-none-eabi/lib/thumb/v6-m/nofp\libnosys.a(_exit.o)
                                                  c:/program files (x86)/openocdarmgccbuildtools/gcc-arm-none-eabi-10.3-2021.10-win32/bin/../lib/gcc/arm-none-eabi/10.3.1/../../../../arm-none-eabi/lib/thumb/v6-m/nofp\libc_nano.a(lib_a-exit.o)
_fini                                             c:/program files (x86)/openocdarmgccbuildtools/gcc-arm-none-eabi-10.3-2021.10-win32/bin/../lib/gcc/arm-none-eabi/10.3.1/thumb/v6-m/nofp/crti.o
_global_impure_ptr                                c:/program files (x86)/openocdarmgccbuildtools/gcc-arm-none-eabi-10.3-2021.10-win32/bin/../lib/gcc/arm-none-eabi/10.3.1/../../../../arm-none-eabi/lib/thumb/v6-m/nofp\libc_nano.a(lib_a-impure.o)
                                                  c:/program files (x86)/openocdarmgccbuildtools/gcc-arm-none-eabi-10.3-2021.10-win32/bin/../lib/gcc/arm-none-eabi/10.3.1/../../../../arm-none-eabi/lib/thumb/v6-m/nofp\libc_nano.a(lib_a-exit.o)
_impure_ptr                                       c:/program files (x86)/openocdarmgccbuildtools/gcc-arm-none-eabi-10.3-2021.10-win32/bin/../lib/gcc/arm-none-eabi/10.3.1/../../../../arm-none-eabi/lib/thumb/v6-m/nofp\libc_nano.a(lib_a-impure.o)
_init                                             c:/program files (x86)/openocdarmgccbuildtools/gcc-arm-none-eabi-10.3-2021.10-win32/bin/../lib/gcc/arm-none-eabi/10.3.1/thumb/v6-m/nofp/crti.o
                                                  c:/program files (x86)/openocdarmgccbuildtools/gcc-arm-none-eabi-10.3-2021.10-win32/bin/../lib/gcc/arm-none-eabi/10.3.1/../../../../arm-none-eabi/lib/thumb/v6-m/nofp\libc_nano.a(lib_a-init.o)
_mainCRTStartup                                   c:/program files (x86)/openocdarmgccbuildtools/gcc-arm-none-eabi-10.3-2021.10-win32/bin/../lib/gcc/arm-none-eabi/10.3.1/../../../../arm-none-eabi/lib/thumb/v6-m/nofp/crt0.o
_sbss                                             build/startup_stm32f031x6.o
_sdata                                            build/startup_stm32f031x6.o
_sidata                                           build/startup_stm32f031x6.o
_stack_init                                       c:/program files (x86)/openocdarmgccbuildtools/gcc-arm-none-eabi-10.3-2021.10-win32/bin/../lib/gcc/arm-none-eabi/10.3.1/../../../../arm-none-eabi/lib/thumb/v6-m/nofp/crt0.o
_start                                            c:/program files (x86)/openocdarmgccbuildtools/gcc-arm-none-eabi-10.3-2021.10-win32/bin/../lib/gcc/arm-none-eabi/10.3.1/../../../../arm-none-eabi/lib/thumb/v6-m/nofp/crt0.o
atexit                                            c:/program files (x86)/openocdarmgccbuildtools/gcc-arm-none-eabi-10.3-2021.10-win32/bin/../lib/gcc/arm-none-eabi/10.3.1/../../../../arm-none-eabi/lib/thumb/v6-m/nofp/crt0.o
delay_ms                                          build/main.o
delay_ns                                          build/main.o
delay_us                                          build/main.o
exit                                              c:/program files (x86)/openocdarmgccbuildtools/gcc-arm-none-eabi-10.3-2021.10-win32/bin/../lib/gcc/arm-none-eabi/10.3.1/../../../../arm-none-eabi/lib/thumb/v6-m/nofp\libc_nano.a(lib_a-exit.o)
                                                  c:/program files (x86)/openocdarmgccbuildtools/gcc-arm-none-eabi-10.3-2021.10-win32/bin/../lib/gcc/arm-none-eabi/10.3.1/../../../../arm-none-eabi/lib/thumb/v6-m/nofp/crt0.o
g_pfnVectors                                      build/startup_stm32f031x6.o
hadc                                              build/main.o
hardware_init_hook                                c:/program files (x86)/openocdarmgccbuildtools/gcc-arm-none-eabi-10.3-2021.10-win32/bin/../lib/gcc/arm-none-eabi/10.3.1/../../../../arm-none-eabi/lib/thumb/v6-m/nofp/crt0.o
hdma_adc                                          build/main.o
                                                  build/stm32f0xx_hal_msp.o
                                                  build/stm32f0xx_it.o
hdma_usart1_rx                                    build/main.o
                                                  build/stm32f0xx_hal_msp.o
                                                  build/stm32f0xx_it.o
hdma_usart1_tx                                    build/main.o
                                                  build/stm32f0xx_hal_msp.o
                                                  build/stm32f0xx_it.o
huart1                                            build/main.o
main                                              build/main.o
                                                  build/startup_stm32f031x6.o
                                                  c:/program files (x86)/openocdarmgccbuildtools/gcc-arm-none-eabi-10.3-2021.10-win32/bin/../lib/gcc/arm-none-eabi/10.3.1/../../../../arm-none-eabi/lib/thumb/v6-m/nofp/crt0.o
memset                                            c:/program files (x86)/openocdarmgccbuildtools/gcc-arm-none-eabi-10.3-2021.10-win32/bin/../lib/gcc/arm-none-eabi/10.3.1/../../../../arm-none-eabi/lib/thumb/v6-m/nofp\libc_nano.a(lib_a-memset.o)
                                                  build/stm32f0xx_hal_msp.o
                                                  build/main.o
                                                  c:/program files (x86)/openocdarmgccbuildtools/gcc-arm-none-eabi-10.3-2021.10-win32/bin/../lib/gcc/arm-none-eabi/10.3.1/../../../../arm-none-eabi/lib/thumb/v6-m/nofp/crt0.o
pFlash                                            build/stm32f0xx_hal_flash.o
                                                  build/stm32f0xx_hal_flash_ex.o
poolcnt                                           build/main.o
                                                  build/stm32f0xx_it.o
readma710                                         build/main.o
readmavalue                                       build/main.o
software_init_hook                                c:/program files (x86)/openocdarmgccbuildtools/gcc-arm-none-eabi-10.3-2021.10-win32/bin/../lib/gcc/arm-none-eabi/10.3.1/../../../../arm-none-eabi/lib/thumb/v6-m/nofp/crt0.o
startADC                                          build/main.o
stopADC                                           build/main.o
uwTick                                            build/stm32f0xx_hal.o
uwTickFreq                                        build/stm32f0xx_hal.o
uwTickPrio                                        build/stm32f0xx_hal.o
                                                  build/stm32f0xx_hal_rcc.o
