###############################################################################
#
# IAR ELF Linker V9.10.2.313/W64 for ARM                  19/Mar/2024  19:52:25
# Copyright 2007-2021 IAR Systems AB.
#
#    Output file  =  C:\x-itg\x-itg-notebook\gear\EWARM\gear\Exe\gear.out
#    Map file     =  C:\x-itg\x-itg-notebook\gear\EWARM\gear\List\gear.map
#    Command line =
#        -f C:\x-itg\x-itg-notebook\gear\EWARM\gear\Exe\gear.out.rsp
#        (C:\x-itg\x-itg-notebook\gear\EWARM\gear\Obj\Application\User\Core\main.o
#        C:\x-itg\x-itg-notebook\gear\EWARM\gear\Obj\Application\EWARM\startup_stm32f031x6.o
#        C:\x-itg\x-itg-notebook\gear\EWARM\gear\Obj\Drivers\STM32F0xx_HAL_Driver\stm32f0xx_hal.o
#        C:\x-itg\x-itg-notebook\gear\EWARM\gear\Obj\Drivers\STM32F0xx_HAL_Driver\stm32f0xx_hal_adc.o
#        C:\x-itg\x-itg-notebook\gear\EWARM\gear\Obj\Drivers\STM32F0xx_HAL_Driver\stm32f0xx_hal_adc_ex.o
#        C:\x-itg\x-itg-notebook\gear\EWARM\gear\Obj\Drivers\STM32F0xx_HAL_Driver\stm32f0xx_hal_cortex.o
#        C:\x-itg\x-itg-notebook\gear\EWARM\gear\Obj\Drivers\STM32F0xx_HAL_Driver\stm32f0xx_hal_dma.o
#        C:\x-itg\x-itg-notebook\gear\EWARM\gear\Obj\Drivers\STM32F0xx_HAL_Driver\stm32f0xx_hal_exti.o
#        C:\x-itg\x-itg-notebook\gear\EWARM\gear\Obj\Drivers\STM32F0xx_HAL_Driver\stm32f0xx_hal_flash.o
#        C:\x-itg\x-itg-notebook\gear\EWARM\gear\Obj\Drivers\STM32F0xx_HAL_Driver\stm32f0xx_hal_flash_ex.o
#        C:\x-itg\x-itg-notebook\gear\EWARM\gear\Obj\Drivers\STM32F0xx_HAL_Driver\stm32f0xx_hal_gpio.o
#        C:\x-itg\x-itg-notebook\gear\EWARM\gear\Obj\Drivers\STM32F0xx_HAL_Driver\stm32f0xx_hal_i2c.o
#        C:\x-itg\x-itg-notebook\gear\EWARM\gear\Obj\Drivers\STM32F0xx_HAL_Driver\stm32f0xx_hal_i2c_ex.o
#        C:\x-itg\x-itg-notebook\gear\EWARM\gear\Obj\Application\User\Core\stm32f0xx_hal_msp.o
#        C:\x-itg\x-itg-notebook\gear\EWARM\gear\Obj\Drivers\STM32F0xx_HAL_Driver\stm32f0xx_hal_pwr.o
#        C:\x-itg\x-itg-notebook\gear\EWARM\gear\Obj\Drivers\STM32F0xx_HAL_Driver\stm32f0xx_hal_pwr_ex.o
#        C:\x-itg\x-itg-notebook\gear\EWARM\gear\Obj\Drivers\STM32F0xx_HAL_Driver\stm32f0xx_hal_rcc.o
#        C:\x-itg\x-itg-notebook\gear\EWARM\gear\Obj\Drivers\STM32F0xx_HAL_Driver\stm32f0xx_hal_rcc_ex.o
#        C:\x-itg\x-itg-notebook\gear\EWARM\gear\Obj\Drivers\STM32F0xx_HAL_Driver\stm32f0xx_hal_tim.o
#        C:\x-itg\x-itg-notebook\gear\EWARM\gear\Obj\Drivers\STM32F0xx_HAL_Driver\stm32f0xx_hal_tim_ex.o
#        C:\x-itg\x-itg-notebook\gear\EWARM\gear\Obj\Drivers\STM32F0xx_HAL_Driver\stm32f0xx_hal_uart.o
#        C:\x-itg\x-itg-notebook\gear\EWARM\gear\Obj\Drivers\STM32F0xx_HAL_Driver\stm32f0xx_hal_uart_ex.o
#        C:\x-itg\x-itg-notebook\gear\EWARM\gear\Obj\Application\User\Core\stm32f0xx_it.o
#        C:\x-itg\x-itg-notebook\gear\EWARM\gear\Obj\Drivers\CMSIS\system_stm32f0xx.o
#        --no_out_extension -o
#        C:\x-itg\x-itg-notebook\gear\EWARM\gear\Exe\gear.out --redirect
#        _Printf=_PrintfFullNoMb --redirect _Scanf=_ScanfFullNoMb --map
#        C:\x-itg\x-itg-notebook\gear\EWARM\gear\List\gear.map --config
#        C:\x-itg\x-itg-notebook\gear\EWARM/stm32f031x6_flash.icf --semihosting
#        --entry __iar_program_start --vfe --text_out locale)
#
###############################################################################

*******************************************************************************
*** RUNTIME MODEL ATTRIBUTES
***

CppFlavor       = *
__SystemLibrary = DLib
__dlib_version  = 6


*******************************************************************************
*** HEAP SELECTION
***

The basic heap was selected because no calls to memory allocation
functions were found in the application outside of system library
functions, and there are calls to deallocation functions in the
application.


*******************************************************************************
*** PLACEMENT SUMMARY
***

"A0":  place at address 0x800'0000 { ro section .intvec };
"P1":  place in [from 0x800'0000 to 0x800'7fff] { ro };
define block CSTACK with size = 1K, alignment = 8 { };
define block HEAP with size = 512, alignment = 8 { };
"P2":  place in [from 0x2000'0000 to 0x2000'0fff] {
          rw, block CSTACK, block HEAP };
initialize by copy { rw };

  Section            Kind         Address    Size  Object
  -------            ----         -------    ----  ------
"A0":                                        0xb0
  .intvec            ro code   0x800'0000    0xb0  startup_stm32f031x6.o [1]
                             - 0x800'00b0    0xb0

"P1":                                      0x1a62
  .text              ro code   0x800'00b0   0x5b0  main.o [2]
  .text              ro code   0x800'0660   0x1ac  stm32f0xx_hal_gpio.o [4]
  .text              ro code   0x800'080c    0x20  stm32f0xx_hal.o [4]
  .text              ro code   0x800'082c    0x14  memset.o [6]
  .text              ro code   0x800'0840    0x8c  stm32f0xx_hal_cortex.o [4]
  .text              ro code   0x800'08cc   0x290  stm32f0xx_hal_adc.o [4]
  .text              ro code   0x800'0b5c   0x420  stm32f0xx_hal_uart.o [4]
  .text              ro code   0x800'0f7c   0x52c  stm32f0xx_hal_rcc.o [4]
  .text              ro code   0x800'14a8    0xfc  stm32f0xx_hal_rcc_ex.o [4]
  .text              ro code   0x800'15a4    0x44  stm32f0xx_hal.o [4]
  .text              ro code   0x800'15e8   0x190  stm32f0xx_hal_msp.o [2]
  .text              ro code   0x800'1778    0x4e  ABImemset.o [6]
  .text              ro code   0x800'17c6     0x2  startup_stm32f031x6.o [1]
  .text              ro code   0x800'17c8    0x36  I32DivMod.o [6]
  .text              ro code   0x800'17fe     0x2  startup_stm32f031x6.o [1]
  .text              ro code   0x800'1800     0xc  stm32f0xx_hal.o [4]
  .text              ro code   0x800'180c   0x134  stm32f0xx_hal_dma.o [4]
  .text              ro code   0x800'1940     0x2  IntDivZer.o [6]
  .text              ro code   0x800'1942     0x2  startup_stm32f031x6.o [1]
  .text              ro code   0x800'1944    0x44  stm32f0xx_it.o [2]
  .text              ro code   0x800'1988    0x10  stm32f0xx_hal.o [4]
  .text              ro code   0x800'1998    0x3c  zero_init3.o [6]
  .text              ro code   0x800'19d4    0x30  copy_init3.o [6]
  .text              ro code   0x800'1a04    0x28  data_init.o [6]
  .iar.init_table    const     0x800'1a2c    0x24  - Linker created -
  .text              ro code   0x800'1a50    0x1e  cmain.o [6]
  .text              ro code   0x800'1a6e     0x4  low_level_init.o [5]
  .text              ro code   0x800'1a72     0x8  exit.o [5]
  .text              ro code   0x800'1a7a     0x2  startup_stm32f031x6.o [1]
  .text              ro code   0x800'1a7c     0xa  cexit.o [6]
  .text              ro code   0x800'1a86     0x2  startup_stm32f031x6.o [1]
  .text              ro code   0x800'1a88    0x14  exit.o [7]
  .text              ro code   0x800'1a9c    0x1c  cstartup_M.o [6]
  .text              ro code   0x800'1ab8    0x14  system_stm32f0xx.o [3]
  .text              ro code   0x800'1acc    0x10  startup_stm32f031x6.o [1]
  Initializer bytes  const     0x800'1adc    0x10  <for P2-1>
  .rodata            const     0x800'1aec     0x8  system_stm32f0xx.o [3]
  .text              ro code   0x800'1af4     0x2  startup_stm32f031x6.o [1]
  .text              ro code   0x800'1af6     0x2  startup_stm32f031x6.o [1]
  .text              ro code   0x800'1af8     0x2  startup_stm32f031x6.o [1]
  .text              ro code   0x800'1afa     0x2  startup_stm32f031x6.o [1]
  .text              ro code   0x800'1afc     0x2  startup_stm32f031x6.o [1]
  .text              ro code   0x800'1afe     0x2  startup_stm32f031x6.o [1]
  .text              ro code   0x800'1b00     0x2  startup_stm32f031x6.o [1]
  .text              ro code   0x800'1b02     0x2  startup_stm32f031x6.o [1]
  .text              ro code   0x800'1b04     0x2  startup_stm32f031x6.o [1]
  .text              ro code   0x800'1b06     0x2  startup_stm32f031x6.o [1]
  .text              ro code   0x800'1b08     0x2  startup_stm32f031x6.o [1]
  .text              ro code   0x800'1b0a     0x2  startup_stm32f031x6.o [1]
  .text              ro code   0x800'1b0c     0x2  startup_stm32f031x6.o [1]
  .text              ro code   0x800'1b0e     0x2  startup_stm32f031x6.o [1]
  .text              ro code   0x800'1b10     0x2  startup_stm32f031x6.o [1]
  .rodata            const     0x800'1b12     0x0  zero_init3.o [6]
  .rodata            const     0x800'1b12     0x0  copy_init3.o [6]
                             - 0x800'1b12  0x1a62

"P2", part 1 of 3:                           0x10
  P2-1                        0x2000'0000    0x10  <Init block>
    .data            inited   0x2000'0000     0xc  stm32f0xx_hal.o [4]
    .data            inited   0x2000'000c     0x4  system_stm32f0xx.o [3]
                            - 0x2000'0010    0x10

"P2", part 2 of 3:                          0x19c
  .bss               zero     0x2000'0010    0xd0  main.o [2]
  .bss               zero     0x2000'00e0    0x44  main.o [2]
  .bss               zero     0x2000'0124    0x44  main.o [2]
  .bss               zero     0x2000'0168    0x44  main.o [2]
                            - 0x2000'01ac   0x19c

"P2", part 3 of 3:                          0x400
  CSTACK                      0x2000'01b0   0x400  <Block>
    CSTACK           uninit   0x2000'01b0   0x400  <Block tail>
                            - 0x2000'05b0   0x400

Unused ranges:

         From           To    Size
         ----           --    ----
   0x800'1b12   0x800'7fff  0x64ee
  0x2000'01ac  0x2000'01af     0x4
  0x2000'05b0  0x2000'0fff   0xa50


*******************************************************************************
*** INIT TABLE
***

          Address      Size
          -------      ----
Zero (__iar_zero_init3)
    1 destination range, total size 0x19c:
          0x2000'0010  0x19c

Copy (__iar_copy_init3)
    1 source range, total size 0x10:
           0x800'1adc   0x10
    1 destination range, total size 0x10:
          0x2000'0000   0x10



*******************************************************************************
*** MODULE SUMMARY
***

    Module                  ro code  ro data  rw data
    ------                  -------  -------  -------
command line/config:
    -------------------------------------------------
    Total:

C:\x-itg\x-itg-notebook\gear\EWARM\gear\Obj\Application\EWARM: [1]
    startup_stm32f031x6.o       232
    -------------------------------------------------
    Total:                      232

C:\x-itg\x-itg-notebook\gear\EWARM\gear\Obj\Application\User\Core: [2]
    main.o                    1'456               412
    stm32f0xx_hal_msp.o         400
    stm32f0xx_it.o               68
    -------------------------------------------------
    Total:                    1'924               412

C:\x-itg\x-itg-notebook\gear\EWARM\gear\Obj\Drivers\CMSIS: [3]
    system_stm32f0xx.o           20       12        4
    -------------------------------------------------
    Total:                       20       12        4

C:\x-itg\x-itg-notebook\gear\EWARM\gear\Obj\Drivers\STM32F0xx_HAL_Driver: [4]
    stm32f0xx_hal.o             128       12       12
    stm32f0xx_hal_adc.o         656
    stm32f0xx_hal_cortex.o      140
    stm32f0xx_hal_dma.o         308
    stm32f0xx_hal_gpio.o        428
    stm32f0xx_hal_rcc.o       1'324
    stm32f0xx_hal_rcc_ex.o      252
    stm32f0xx_hal_uart.o      1'056
    -------------------------------------------------
    Total:                    4'292       12       12

dl6M_tln.a: [5]
    exit.o                        8
    low_level_init.o              4
    -------------------------------------------------
    Total:                       12

rt6M_tl.a: [6]
    ABImemset.o                  78
    I32DivMod.o                  54
    IntDivZer.o                   2
    cexit.o                      10
    cmain.o                      30
    copy_init3.o                 48
    cstartup_M.o                 28
    data_init.o                  40
    memset.o                     20
    zero_init3.o                 60
    -------------------------------------------------
    Total:                      370

shb_l.a: [7]
    exit.o                       20
    -------------------------------------------------
    Total:                       20

    Linker created                        36    1'024
-----------------------------------------------------
    Grand Total:              6'870       60    1'452


*******************************************************************************
*** ENTRY LIST
***

Entry                       Address   Size  Type      Object
-----                       -------   ----  ----      ------
.iar.init_table$$Base    0x800'1a2c          --   Gb  - Linker created -
.iar.init_table$$Limit   0x800'1a50          --   Gb  - Linker created -
?main                    0x800'1a51         Code  Gb  cmain.o [6]
AHBPrescTable            0x800'1abc   0x10  Data  Gb  system_stm32f0xx.o [3]
APBPrescTable            0x800'1aec    0x8  Data  Gb  system_stm32f0xx.o [3]
CSTACK$$Base            0x2000'01b0          --   Gb  - Linker created -
CSTACK$$Limit           0x2000'05b0          --   Gb  - Linker created -
DMA1_Channel1_IRQHandler
                         0x800'195d    0xa  Code  Gb  stm32f0xx_it.o [2]
DMA1_Channel2_3_IRQHandler
                         0x800'1967   0x10  Code  Gb  stm32f0xx_it.o [2]
DMA_CalcBaseAndBitshift
                         0x800'191d   0x1a  Code  Lc  stm32f0xx_hal_dma.o [4]
Error_Handler            0x800'065d    0x4  Code  Gb  main.o [2]
HAL_ADC_ConfigChannel    0x800'0a3d  0x102  Code  Gb  stm32f0xx_hal_adc.o [4]
HAL_ADC_Init             0x800'08cd  0x164  Code  Gb  stm32f0xx_hal_adc.o [4]
HAL_ADC_MspInit          0x800'1613   0x84  Code  Gb  stm32f0xx_hal_msp.o [2]
HAL_DMA_IRQHandler       0x800'185d   0xc0  Code  Gb  stm32f0xx_hal_dma.o [4]
HAL_DMA_Init             0x800'180d   0x4c  Code  Gb  stm32f0xx_hal_dma.o [4]
HAL_GPIO_Init            0x800'0661  0x17e  Code  Gb  stm32f0xx_hal_gpio.o [4]
HAL_GPIO_ReadPin         0x800'07df    0xc  Code  Gb  stm32f0xx_hal_gpio.o [4]
HAL_GPIO_WritePin        0x800'07eb    0xc  Code  Gb  stm32f0xx_hal_gpio.o [4]
HAL_GetTick              0x800'1801    0xc  Code  Gb  stm32f0xx_hal.o [4]
HAL_IncTick              0x800'1989   0x10  Code  Gb  stm32f0xx_hal.o [4]
HAL_Init                 0x800'080d   0x1a  Code  Gb  stm32f0xx_hal.o [4]
HAL_InitTick             0x800'15a5   0x44  Code  Gb  stm32f0xx_hal.o [4]
HAL_MspInit              0x800'15e9   0x2a  Code  Gb  stm32f0xx_hal_msp.o [2]
HAL_NVIC_EnableIRQ       0x800'0883   0x12  Code  Gb  stm32f0xx_hal_cortex.o [4]
HAL_NVIC_SetPriority     0x800'087b    0x8  Code  Gb  stm32f0xx_hal_cortex.o [4]
HAL_RCCEx_PeriphCLKConfig
                         0x800'14a9   0xe2  Code  Gb  stm32f0xx_hal_rcc_ex.o [4]
HAL_RCC_ClockConfig      0x800'1309   0xfc  Code  Gb  stm32f0xx_hal_rcc.o [4]
HAL_RCC_GetPCLK1Freq     0x800'1447   0x14  Code  Gb  stm32f0xx_hal_rcc.o [4]
HAL_RCC_GetSysClockFreq
                         0x800'140d   0x3a  Code  Gb  stm32f0xx_hal_rcc.o [4]
HAL_RCC_GetSysClockFreq::aPLLMULFactorTable
                         0x800'1488   0x10  Data  Lc  stm32f0xx_hal_rcc.o [4]
HAL_RCC_GetSysClockFreq::aPredivFactorTable
                         0x800'1498   0x10  Data  Lc  stm32f0xx_hal_rcc.o [4]
HAL_RCC_OscConfig        0x800'0f7d  0x37e  Code  Gb  stm32f0xx_hal_rcc.o [4]
HAL_SYSTICK_Config       0x800'0895   0x28  Code  Gb  stm32f0xx_hal_cortex.o [4]
HAL_UART_Init            0x800'0b5d   0x56  Code  Gb  stm32f0xx_hal_uart.o [4]
HAL_UART_MspInit         0x800'1697   0xbc  Code  Gb  stm32f0xx_hal_msp.o [2]
HardFault_Handler        0x800'1947    0x2  Code  Gb  stm32f0xx_it.o [2]
NMI_Handler              0x800'1945    0x2  Code  Gb  stm32f0xx_it.o [2]
PendSV_Handler           0x800'194b    0x2  Code  Gb  stm32f0xx_it.o [2]
Region$$Table$$Base      0x800'1a2c          --   Gb  - Linker created -
Region$$Table$$Limit     0x800'1a50          --   Gb  - Linker created -
SVC_Handler              0x800'1949    0x2  Code  Gb  stm32f0xx_it.o [2]
SysTick_Handler          0x800'194d   0x10  Code  Gb  stm32f0xx_it.o [2]
SystemClock_Config       0x800'05dd   0x80  Code  Gb  main.o [2]
SystemCoreClock         0x2000'000c    0x4  Data  Gb  system_stm32f0xx.o [3]
SystemInit               0x800'1ab9    0x2  Code  Gb  system_stm32f0xx.o [3]
UART_AdvFeatureConfig    0x800'0cc9   0xc8  Code  Gb  stm32f0xx_hal_uart.o [4]
UART_CheckIdleState      0x800'0d95   0xae  Code  Gb  stm32f0xx_hal_uart.o [4]
UART_EndRxTransfer       0x800'0f15   0x5e  Code  Lc  stm32f0xx_hal_uart.o [4]
UART_SetConfig           0x800'0bc9  0x100  Code  Gb  stm32f0xx_hal_uart.o [4]
UART_WaitOnFlagUntilTimeout
                         0x800'0e5d   0x98  Code  Gb  stm32f0xx_hal_uart.o [4]
__ICFEDIT_region_RAM_end__ {Abs}
                        0x2000'0fff         Data  Gb  <internal module>
__ICFEDIT_region_RAM_start__ {Abs}
                        0x2000'0000         Data  Gb  <internal module>
__NVIC_SetPriority       0x800'0841   0x3a  Code  Lc  stm32f0xx_hal_cortex.o [4]
__aeabi_idiv0            0x800'1941         Code  Gb  IntDivZer.o [6]
__aeabi_memset           0x800'1779         Code  Gb  ABImemset.o [6]
__cmain                  0x800'1a51         Code  Gb  cmain.o [6]
__exit                   0x800'1a89   0x14  Code  Gb  exit.o [7]
__iar_Memset4_word       0x800'1799         Code  Gb  ABImemset.o [6]
__iar_Memset_word        0x800'1785         Code  Gb  ABImemset.o [6]
__iar_copy_init3         0x800'19d5   0x30  Code  Gb  copy_init3.o [6]
__iar_data_init3         0x800'1a05   0x28  Code  Gb  data_init.o [6]
__iar_program_start      0x800'1a9d         Code  Gb  cstartup_M.o [6]
__iar_small_uidiv        0x800'17c9         Code  Gb  I32DivMod.o [6]
__iar_small_uidivmod     0x800'17c9         Code  Gb  I32DivMod.o [6]
__iar_zero_init3         0x800'1999   0x3c  Code  Gb  zero_init3.o [6]
__low_level_init         0x800'1a6f    0x4  Code  Gb  low_level_init.o [5]
__vector_table           0x800'0000         Data  Gb  startup_stm32f031x6.o [1]
_call_main               0x800'1a5d         Code  Gb  cmain.o [6]
_exit                    0x800'1a7d         Code  Gb  cexit.o [6]
delay_ns                 0x800'00b1    0x2  Code  Gb  main.o [2]
delay_us                 0x800'00b3   0x18  Code  Gb  main.o [2]
exit                     0x800'1a73    0x8  Code  Gb  exit.o [5]
hadc                    0x2000'0010   0x40  Data  Gb  main.o [2]
hdma_adc                0x2000'00e0   0x44  Data  Gb  main.o [2]
hdma_usart1_rx          0x2000'0124   0x44  Data  Gb  main.o [2]
hdma_usart1_tx          0x2000'0168   0x44  Data  Gb  main.o [2]
huart1                  0x2000'0054   0x88  Data  Gb  main.o [2]
main                     0x800'0425  0x1a4  Code  Gb  main.o [2]
memset                   0x800'082d   0x14  Code  Gb  memset.o [6]
poolcnt                 0x2000'00dc    0x4  Data  Gb  main.o [2]
readma710                0x800'00cb  0x356  Code  Gb  main.o [2]
readmavalue             0x2000'0050    0x2  Data  Gb  main.o [2]
uwTick                  0x2000'0004    0x4  Data  Gb  stm32f0xx_hal.o [4]
uwTickFreq              0x2000'0000    0x1  Data  Gb  stm32f0xx_hal.o [4]
uwTickPrio              0x2000'0008    0x4  Data  Gb  stm32f0xx_hal.o [4]


[1] = C:\x-itg\x-itg-notebook\gear\EWARM\gear\Obj\Application\EWARM
[2] = C:\x-itg\x-itg-notebook\gear\EWARM\gear\Obj\Application\User\Core
[3] = C:\x-itg\x-itg-notebook\gear\EWARM\gear\Obj\Drivers\CMSIS
[4] = C:\x-itg\x-itg-notebook\gear\EWARM\gear\Obj\Drivers\STM32F0xx_HAL_Driver
[5] = dl6M_tln.a
[6] = rt6M_tl.a
[7] = shb_l.a

  6'870 bytes of readonly  code memory
     60 bytes of readonly  data memory
  1'452 bytes of readwrite data memory

Errors: none
Warnings: none
